148.207.98.30 - - [16/Jun/2015:16:59:04 -0500] "GET / HTTP/1.0" 200 4300 "https://www.google.com.mx/" "Mozilla/5.0 (Windows NT 6.2) AppleWebKit/537.36 (KHTML, like Gecko) Chrome/43.0.2357.124 Safari/537.36"
148.207.98.30 - - [16/Jun/2015:16:59:11 -0500] "GET / HTTP/1.0" 200 4300 "https://www.google.com.mx/" "Mozilla/5.0 (Windows NT 6.2) AppleWebKit/537.36 (KHTML, like Gecko) Chrome/43.0.2357.124 Safari/537.36"
148.207.98.30 - - [16/Jun/2015:16:59:12 -0500] "GET /favicon.ico HTTP/1.0" 200 361 "http://conektaradio.com/" "Mozilla/5.0 (Windows NT 6.2) AppleWebKit/537.36 (KHTML, like Gecko) Chrome/43.0.2357.124 Safari/537.36"
199.116.169.254 - - [16/Jun/2015:16:59:15 -0500] "GET / HTTP/1.0" 301 507 "-" "Mozilla/4.0 (compatible; MSIE 7.0; Windows NT 5.1; InfoPath.1; .NET CLR 2.0.50727; .NET CLR 1.1.4322; MS-RTC LM 8; .NET CLR 3.0.4506.2152; .NET CLR 3.5.30729)"
162.27.9.20 - - [16/Jun/2015:16:59:20 -0500] "GET / HTTP/1.0" 301 507 "-" "Mozilla/5.0 (Windows NT 6.1; WOW64) AppleWebKit/537.36 (KHTML, like Gecko) Chrome/43.0.2357.81 Safari/537.36"
162.27.9.20 - - [16/Jun/2015:16:59:21 -0500] "GET / HTTP/1.0" 200 4300 "-" "Mozilla/5.0 (Windows NT 6.1; WOW64) AppleWebKit/537.36 (KHTML, like Gecko) Chrome/43.0.2357.81 Safari/537.36"
162.27.9.20 - - [16/Jun/2015:16:59:23 -0500] "GET /favicon.ico HTTP/1.0" 200 361 "http://conektaradio.com/" "Mozilla/5.0 (Windows NT 6.1; WOW64) AppleWebKit/537.36 (KHTML, like Gecko) Chrome/43.0.2357.81 Safari/537.36"
148.207.98.30 - - [16/Jun/2015:16:59:35 -0500] "GET / HTTP/1.0" 301 507 "https://www.facebook.com/" "Mozilla/5.0 (Windows NT 6.2) AppleWebKit/537.36 (KHTML, like Gecko) Chrome/43.0.2357.124 Safari/537.36"
148.207.98.30 - - [16/Jun/2015:16:59:43 -0500] "GET / HTTP/1.0" 200 4300 "-" "Mozilla/5.0 (Windows NT 6.2) AppleWebKit/537.36 (KHTML, like Gecko) Chrome/43.0.2357.124 Safari/537.36"
148.207.98.30 - - [16/Jun/2015:16:59:43 -0500] "GET /favicon.ico HTTP/1.0" 200 361 "http://conektaradio.com/" "Mozilla/5.0 (Windows NT 6.2) AppleWebKit/537.36 (KHTML, like Gecko) Chrome/43.0.2357.124 Safari/537.36"
189.210.222.197 - - [16/Jun/2015:17:00:07 -0500] "GET / HTTP/1.0" 200 4300 "-" "Mozilla/5.0 (Windows NT 6.3; WOW64) AppleWebKit/537.36 (KHTML, like Gecko) Chrome/43.0.2357.124 Safari/537.36"
189.210.222.197 - - [16/Jun/2015:17:00:08 -0500] "GET /favicon.ico HTTP/1.0" 200 361 "http://conektaradio.com/" "Mozilla/5.0 (Windows NT 6.3; WOW64) AppleWebKit/537.36 (KHTML, like Gecko) Chrome/43.0.2357.124 Safari/537.36"
201.141.132.174 - - [16/Jun/2015:17:00:10 -0500] "GET / HTTP/1.0" 200 4300 "-" "Mozilla/5.0 (Macintosh; Intel Mac OS X 10_10_3) AppleWebKit/537.36 (KHTML, like Gecko) Chrome/43.0.2357.124 Safari/537.36"
201.137.86.215 - - [16/Jun/2015:17:00:18 -0500] "GET / HTTP/1.0" 301 507 "https://www.facebook.com/" "Mozilla/5.0 (Windows NT 6.1; WOW64) AppleWebKit/537.36 (KHTML, like Gecko) Chrome/43.0.2357.124 Safari/537.36"
201.137.86.215 - - [16/Jun/2015:17:00:18 -0500] "GET / HTTP/1.0" 200 4300 "https://www.facebook.com/" "Mozilla/5.0 (Windows NT 6.1; WOW64) AppleWebKit/537.36 (KHTML, like Gecko) Chrome/43.0.2357.124 Safari/537.36"
189.161.20.147 - - [16/Jun/2015:17:00:22 -0500] "GET / HTTP/1.0" 200 4300 "-" "Mozilla/5.0 (Macintosh; Intel Mac OS X 10_6_3) AppleWebKit/537.36 (KHTML, like Gecko) Chrome/43.0.2357.124 Safari/537.36"
189.210.222.197 - - [16/Jun/2015:17:00:30 -0500] "GET / HTTP/1.0" 301 507 "http://m.facebook.com/" "Mozilla/5.0 (Linux; Android 5.0; LG-D855 Build/LRX21R.A1432189060; wv) AppleWebKit/537.36 (KHTML, like Gecko) Version/4.0 Chrome/43.0.2357.121 Mobile Safari/537.36 [FB_IAB/FB4A;FBAV/35.0.0.48.273;]"
189.210.222.197 - - [16/Jun/2015:17:00:30 -0500] "GET / HTTP/1.0" 200 4300 "http://m.facebook.com/" "Mozilla/5.0 (Linux; Android 5.0; LG-D855 Build/LRX21R.A1432189060; wv) AppleWebKit/537.36 (KHTML, like Gecko) Version/4.0 Chrome/43.0.2357.121 Mobile Safari/537.36 [FB_IAB/FB4A;FBAV/35.0.0.48.273;]"
148.207.98.30 - - [16/Jun/2015:17:00:31 -0500] "GET / HTTP/1.0" 301 507 "-" "Mozilla/5.0 (Windows NT 6.2) AppleWebKit/537.36 (KHTML, like Gecko) Chrome/43.0.2357.124 Safari/537.36"
148.207.98.30 - - [16/Jun/2015:17:00:31 -0500] "GET / HTTP/1.0" 200 4300 "-" "Mozilla/5.0 (Windows NT 6.2) AppleWebKit/537.36 (KHTML, like Gecko) Chrome/43.0.2357.124 Safari/537.36"
189.161.20.147 - - [16/Jun/2015:17:00:34 -0500] "GET / HTTP/1.0" 200 4300 "https://www.google.com.mx/" "Mozilla/5.0 (Macintosh; Intel Mac OS X 10_6_3) AppleWebKit/537.36 (KHTML, like Gecko) Chrome/43.0.2357.124 Safari/537.36"
189.210.222.197 - - [16/Jun/2015:17:00:35 -0500] "GET / HTTP/1.0" 301 507 "-" "Mozilla/5.0 (Linux; Android 5.0; LG-D855 Build/LRX21R.A1432189060) AppleWebKit/537.36 (KHTML, like Gecko) Chrome/43.0.2357.93 Mobile Safari/537.36"
189.210.222.197 - - [16/Jun/2015:17:00:35 -0500] "GET / HTTP/1.0" 200 4300 "-" "Mozilla/5.0 (Linux; Android 5.0; LG-D855 Build/LRX21R.A1432189060) AppleWebKit/537.36 (KHTML, like Gecko) Chrome/43.0.2357.93 Mobile Safari/537.36"
189.161.20.147 - - [16/Jun/2015:17:00:37 -0500] "GET /?hc_location=ufi HTTP/1.0" 200 4300 "https://www.google.com.mx/" "Mozilla/5.0 (Macintosh; Intel Mac OS X 10_6_3) AppleWebKit/537.36 (KHTML, like Gecko) Chrome/43.0.2357.124 Safari/537.36"
74.6.254.138 - - [16/Jun/2015:17:00:45 -0500] "HEAD / HTTP/1.0" 301 254 "-" "Mozilla/5.0 (compatible; Yahoo! Slurp; http://help.yahoo.com/help/us/ysearch/slurp)"
74.6.254.128 - - [16/Jun/2015:17:00:45 -0500] "HEAD / HTTP/1.0" 200 322 "-" "Mozilla/5.0 (compatible; Yahoo! Slurp; http://help.yahoo.com/help/us/ysearch/slurp)"
201.103.192.232 - - [16/Jun/2015:17:00:55 -0500] "GET / HTTP/1.0" 301 507 "https://www.facebook.com/" "Mozilla/5.0 (Windows NT 6.1; WOW64) AppleWebKit/537.36 (KHTML, like Gecko) Chrome/43.0.2357.124 Safari/537.36"
201.103.192.232 - - [16/Jun/2015:17:00:55 -0500] "GET / HTTP/1.0" 200 4300 "https://www.facebook.com/" "Mozilla/5.0 (Windows NT 6.1; WOW64) AppleWebKit/537.36 (KHTML, like Gecko) Chrome/43.0.2357.124 Safari/537.36"
162.27.9.20 - - [16/Jun/2015:17:01:03 -0500] "GET / HTTP/1.0" 200 4300 "-" "Mozilla/5.0 (Windows NT 6.1; WOW64) AppleWebKit/537.36 (KHTML, like Gecko) Chrome/43.0.2357.81 Safari/537.36"
189.134.20.101 - - [16/Jun/2015:17:01:03 -0500] "GET /images/logo.png HTTP/1.0" 301 537 "http://player.inimusic.com/mashter/player/webplayershoutcast/5/5d86be488eca06adda644cba42fc0f80.html" "Mozilla/5.0 (X11; Linux x86_64) AppleWebKit/537.36 (KHTML, like Gecko) Chrome/43.0.2357.93 Safari/537.36"
189.134.20.101 - - [16/Jun/2015:17:01:04 -0500] "GET /images/logo.png HTTP/1.0" 200 361 "http://player.inimusic.com/mashter/player/webplayershoutcast/5/5d86be488eca06adda644cba42fc0f80.html" "Mozilla/5.0 (X11; Linux x86_64) AppleWebKit/537.36 (KHTML, like Gecko) Chrome/43.0.2357.93 Safari/537.36"
162.27.9.20 - - [16/Jun/2015:17:01:05 -0500] "GET /favicon.ico HTTP/1.0" 200 361 "http://conektaradio.com/" "Mozilla/5.0 (Windows NT 6.1; WOW64) AppleWebKit/537.36 (KHTML, like Gecko) Chrome/43.0.2357.81 Safari/537.36"
66.220.158.118 - - [16/Jun/2015:17:01:21 -0500] "GET /images/logo2.png HTTP/1.0" 404 294 "-" "facebookexternalhit/1.1 (+http://www.facebook.com/externalhit_uatext.php)"
66.220.158.113 - - [16/Jun/2015:17:01:21 -0500] "GET /images/logo2.png HTTP/1.0" 404 294 "-" "facebookexternalhit/1.0 (+http://www.facebook.com/externalhit_uatext.php)"
66.220.156.116 - - [16/Jun/2015:17:01:31 -0500] "GET /images/logo2.png HTTP/1.0" 404 294 "-" "facebookexternalhit/1.1 (+http://www.facebook.com/externalhit_uatext.php)"
66.220.156.114 - - [16/Jun/2015:17:01:31 -0500] "GET /images/logo2.png HTTP/1.0" 404 294 "-" "facebookexternalhit/1.0 (+http://www.facebook.com/externalhit_uatext.php)"
201.137.86.215 - - [16/Jun/2015:17:01:42 -0500] "GET / HTTP/1.0" 200 4300 "https://www.facebook.com/" "Mozilla/5.0 (Windows NT 6.1; WOW64) AppleWebKit/537.36 (KHTML, like Gecko) Chrome/43.0.2357.124 Safari/537.36"
201.137.86.215 - - [16/Jun/2015:17:01:42 -0500] "GET /favicon.ico HTTP/1.0" 200 361 "http://conektaradio.com/" "Mozilla/5.0 (Windows NT 6.1; WOW64) AppleWebKit/537.36 (KHTML, like Gecko) Chrome/43.0.2357.124 Safari/537.36"
66.220.156.119 - - [16/Jun/2015:17:01:54 -0500] "GET /images/logo2.png HTTP/1.0" 404 294 "-" "facebookexternalhit/1.1 (+http://www.facebook.com/externalhit_uatext.php)"
66.220.156.114 - - [16/Jun/2015:17:01:54 -0500] "GET /images/logo2.png HTTP/1.0" 404 294 "-" "facebookexternalhit/1.0 (+http://www.facebook.com/externalhit_uatext.php)"
201.103.192.232 - - [16/Jun/2015:17:01:57 -0500] "GET / HTTP/1.0" 301 507 "-" "Mozilla/5.0 (Windows NT 6.1; WOW64) AppleWebKit/537.36 (KHTML, like Gecko) Chrome/43.0.2357.124 Safari/537.36"
201.103.192.232 - - [16/Jun/2015:17:01:57 -0500] "GET / HTTP/1.0" 200 4300 "-" "Mozilla/5.0 (Windows NT 6.1; WOW64) AppleWebKit/537.36 (KHTML, like Gecko) Chrome/43.0.2357.124 Safari/537.36"
173.252.100.115 - - [16/Jun/2015:17:02:01 -0500] "GET /images/logo2.png HTTP/1.0" 404 294 "-" "facebookexternalhit/1.1 (+http://www.facebook.com/externalhit_uatext.php)"
173.252.100.117 - - [16/Jun/2015:17:02:01 -0500] "GET /images/logo2.png HTTP/1.0" 404 294 "-" "facebookexternalhit/1.0 (+http://www.facebook.com/externalhit_uatext.php)"
201.137.86.215 - - [16/Jun/2015:17:02:06 -0500] "GET / HTTP/1.0" 301 507 "https://www.facebook.com/" "Mozilla/5.0 (Windows NT 6.1; WOW64) AppleWebKit/537.36 (KHTML, like Gecko) Chrome/43.0.2357.124 Safari/537.36"
66.220.156.119 - - [16/Jun/2015:17:02:22 -0500] "GET /images/logo2.png HTTP/1.0" 404 294 "-" "facebookexternalhit/1.1 (+http://www.facebook.com/externalhit_uatext.php)"
66.220.156.119 - - [16/Jun/2015:17:02:22 -0500] "GET /images/logo2.png HTTP/1.0" 404 294 "-" "facebookexternalhit/1.0 (+http://www.facebook.com/externalhit_uatext.php)"
201.103.192.232 - - [16/Jun/2015:17:02:32 -0500] "GET / HTTP/1.0" 301 507 "https://www.facebook.com/" "Mozilla/5.0 (Windows NT 6.1; WOW64) AppleWebKit/537.36 (KHTML, like Gecko) Chrome/43.0.2357.124 Safari/537.36"
201.103.192.232 - - [16/Jun/2015:17:02:32 -0500] "GET / HTTP/1.0" 200 4300 "https://www.facebook.com/" "Mozilla/5.0 (Windows NT 6.1; WOW64) AppleWebKit/537.36 (KHTML, like Gecko) Chrome/43.0.2357.124 Safari/537.36"
187.230.64.56 - - [16/Jun/2015:17:03:00 -0500] "GET / HTTP/1.0" 301 507 "http://m.facebook.com/" "Mozilla/5.0 (Linux; U; Android 4.2.2; es-mx; ALCATEL ONE TOUCH 7040A Build/JDQ39) AppleWebKit/534.30 (KHTML, like Gecko) Version/4.2 Mobile Safari/534.30 [FB_IAB/FB4A;FBAV/35.0.0.48.273;]"
187.230.64.56 - - [16/Jun/2015:17:03:01 -0500] "GET / HTTP/1.0" 200 4300 "http://m.facebook.com/" "Mozilla/5.0 (Linux; U; Android 4.2.2; es-mx; ALCATEL ONE TOUCH 7040A Build/JDQ39) AppleWebKit/534.30 (KHTML, like Gecko) Version/4.2 Mobile Safari/534.30 [FB_IAB/FB4A;FBAV/35.0.0.48.273;]"
201.103.192.232 - - [16/Jun/2015:17:03:17 -0500] "GET / HTTP/1.0" 301 507 "-" "Mozilla/5.0 (Windows NT 6.1; WOW64) AppleWebKit/537.36 (KHTML, like Gecko) Chrome/43.0.2357.124 Safari/537.36"
201.103.192.232 - - [16/Jun/2015:17:03:17 -0500] "GET / HTTP/1.0" 200 4300 "-" "Mozilla/5.0 (Windows NT 6.1; WOW64) AppleWebKit/537.36 (KHTML, like Gecko) Chrome/43.0.2357.124 Safari/537.36"
187.230.64.56 - - [16/Jun/2015:17:03:40 -0500] "GET / HTTP/1.0" 301 507 "http://m.facebook.com/" "Mozilla/5.0 (Linux; U; Android 4.2.2; es-mx; ALCATEL ONE TOUCH 7040A Build/JDQ39) AppleWebKit/534.30 (KHTML, like Gecko) Version/4.2 Mobile Safari/534.30 [FB_IAB/FB4A;FBAV/35.0.0.48.273;]"
187.230.64.56 - - [16/Jun/2015:17:03:41 -0500] "GET / HTTP/1.0" 200 4300 "http://m.facebook.com/" "Mozilla/5.0 (Linux; U; Android 4.2.2; es-mx; ALCATEL ONE TOUCH 7040A Build/JDQ39) AppleWebKit/534.30 (KHTML, like Gecko) Version/4.2 Mobile Safari/534.30 [FB_IAB/FB4A;FBAV/35.0.0.48.273;]"
201.137.86.215 - - [16/Jun/2015:17:03:45 -0500] "GET / HTTP/1.0" 301 507 "https://www.facebook.com/" "Mozilla/5.0 (Windows NT 6.1; WOW64) AppleWebKit/537.36 (KHTML, like Gecko) Chrome/43.0.2357.124 Safari/537.36"
201.137.86.215 - - [16/Jun/2015:17:03:45 -0500] "GET / HTTP/1.0" 200 4300 "https://www.facebook.com/" "Mozilla/5.0 (Windows NT 6.1; WOW64) AppleWebKit/537.36 (KHTML, like Gecko) Chrome/43.0.2357.124 Safari/537.36"
201.137.86.215 - - [16/Jun/2015:17:03:50 -0500] "GET / HTTP/1.0" 200 4300 "https://www.facebook.com/" "Mozilla/5.0 (Windows NT 6.1; WOW64) AppleWebKit/537.36 (KHTML, like Gecko) Chrome/43.0.2357.124 Safari/537.36"
201.137.86.215 - - [16/Jun/2015:17:03:50 -0500] "GET /favicon.ico HTTP/1.0" 200 361 "http://conektaradio.com/" "Mozilla/5.0 (Windows NT 6.1; WOW64) AppleWebKit/537.36 (KHTML, like Gecko) Chrome/43.0.2357.124 Safari/537.36"
187.234.182.76 - - [16/Jun/2015:17:03:51 -0500] "GET / HTTP/1.0" 200 4300 "-" "Mozilla/5.0 (Macintosh; Intel Mac OS X 10_9_5) AppleWebKit/537.36 (KHTML, like Gecko) Chrome/43.0.2357.124 Safari/537.36"
187.234.182.76 - - [16/Jun/2015:17:03:51 -0500] "GET / HTTP/1.0" 200 4300 "-" "Mozilla/5.0 (Macintosh; Intel Mac OS X 10_9_5) AppleWebKit/537.36 (KHTML, like Gecko) Chrome/43.0.2357.124 Safari/537.36"
187.234.182.76 - - [16/Jun/2015:17:03:51 -0500] "GET / HTTP/1.0" 200 4300 "-" "Mozilla/5.0 (Macintosh; Intel Mac OS X 10_9_5) AppleWebKit/537.36 (KHTML, like Gecko) Chrome/43.0.2357.124 Safari/537.36"
187.234.182.76 - - [16/Jun/2015:17:03:51 -0500] "GET /favicon.ico HTTP/1.0" 200 361 "http://conektaradio.com/" "Mozilla/5.0 (Macintosh; Intel Mac OS X 10_9_5) AppleWebKit/537.36 (KHTML, like Gecko) Chrome/43.0.2357.124 Safari/537.36"
187.234.182.76 - - [16/Jun/2015:17:03:51 -0500] "GET / HTTP/1.0" 200 4300 "-" "Mozilla/5.0 (Macintosh; Intel Mac OS X 10_9_5) AppleWebKit/537.36 (KHTML, like Gecko) Chrome/43.0.2357.124 Safari/537.36"
187.234.182.76 - - [16/Jun/2015:17:03:51 -0500] "GET / HTTP/1.0" 200 4300 "-" "Mozilla/5.0 (Macintosh; Intel Mac OS X 10_9_5) AppleWebKit/537.36 (KHTML, like Gecko) Chrome/43.0.2357.124 Safari/537.36"
187.234.182.76 - - [16/Jun/2015:17:03:51 -0500] "GET / HTTP/1.0" 200 4300 "-" "Mozilla/5.0 (Macintosh; Intel Mac OS X 10_9_5) AppleWebKit/537.36 (KHTML, like Gecko) Chrome/43.0.2357.124 Safari/537.36"
187.234.182.76 - - [16/Jun/2015:17:03:51 -0500] "GET / HTTP/1.0" 200 4300 "-" "Mozilla/5.0 (Macintosh; Intel Mac OS X 10_9_5) AppleWebKit/537.36 (KHTML, like Gecko) Chrome/43.0.2357.124 Safari/537.36"
187.234.182.76 - - [16/Jun/2015:17:03:52 -0500] "GET /favicon.ico HTTP/1.0" 200 361 "http://conektaradio.com/" "Mozilla/5.0 (Macintosh; Intel Mac OS X 10_9_5) AppleWebKit/537.36 (KHTML, like Gecko) Chrome/43.0.2357.124 Safari/537.36"
200.56.38.250 - - [16/Jun/2015:17:04:03 -0500] "GET / HTTP/1.0" 301 507 "https://www.facebook.com/" "Mozilla/5.0 (Macintosh; Intel Mac OS X 10_10_3) AppleWebKit/600.6.3 (KHTML, like Gecko) Version/8.0.6 Safari/600.6.3"
200.56.38.250 - - [16/Jun/2015:17:04:03 -0500] "GET / HTTP/1.0" 200 4300 "https://www.facebook.com/" "Mozilla/5.0 (Macintosh; Intel Mac OS X 10_10_3) AppleWebKit/600.6.3 (KHTML, like Gecko) Version/8.0.6 Safari/600.6.3"
200.56.38.250 - - [16/Jun/2015:17:04:04 -0500] "GET /favicon.ico HTTP/1.0" 200 361 "http://conektaradio.com/" "Mozilla/5.0 (Macintosh; Intel Mac OS X 10_10_3) AppleWebKit/600.6.3 (KHTML, like Gecko) Version/8.0.6 Safari/600.6.3"
200.56.38.250 - - [16/Jun/2015:17:04:15 -0500] "GET / HTTP/1.0" 200 4300 "-" "Mozilla/5.0 (Macintosh; Intel Mac OS X 10_10_3) AppleWebKit/600.6.3 (KHTML, like Gecko) Version/8.0.6 Safari/600.6.3"
200.56.38.250 - - [16/Jun/2015:17:04:41 -0500] "GET / HTTP/1.0" 200 4300 "-" "Mozilla/5.0 (Macintosh; Intel Mac OS X 10.10; rv:38.0) Gecko/20100101 Firefox/38.0"
200.56.38.250 - - [16/Jun/2015:17:04:42 -0500] "GET /favicon.ico HTTP/1.0" 200 361 "-" "Mozilla/5.0 (Macintosh; Intel Mac OS X 10.10; rv:38.0) Gecko/20100101 Firefox/38.0"
189.206.220.194 - - [16/Jun/2015:17:04:51 -0500] "GET / HTTP/1.0" 200 4300 "-" "Mozilla/5.0 (compatible; MSIE 10.0; Windows NT 6.1; WOW64; Trident/6.0)"
200.56.38.250 - - [16/Jun/2015:17:05:09 -0500] "GET / HTTP/1.0" 200 4300 "-" "Mozilla/5.0 (Macintosh; Intel Mac OS X 10_10_3) AppleWebKit/600.6.3 (KHTML, like Gecko) Version/8.0.6 Safari/600.6.3"
200.56.38.250 - - [16/Jun/2015:17:05:19 -0500] "GET / HTTP/1.0" 200 4300 "-" "Mozilla/5.0 (Macintosh; Intel Mac OS X 10.10; rv:38.0) Gecko/20100101 Firefox/38.0"
189.228.211.164 - - [16/Jun/2015:17:05:24 -0500] "GET / HTTP/1.0" 200 4300 "-" "Mozilla/5.0 (compatible; MSIE 9.0; Windows NT 6.1; WOW64; Trident/5.0)"
173.252.100.113 - - [16/Jun/2015:17:05:30 -0500] "GET /images/logo2.png HTTP/1.0" 404 294 "-" "facebookexternalhit/1.1 (+http://www.facebook.com/externalhit_uatext.php)"
173.252.100.114 - - [16/Jun/2015:17:05:30 -0500] "GET /images/logo2.png HTTP/1.0" 404 294 "-" "facebookexternalhit/1.0 (+http://www.facebook.com/externalhit_uatext.php)"
66.249.85.250 - - [16/Jun/2015:17:05:32 -0500] "GET / HTTP/1.0" 200 4300 "https://www.google.com.mx/" "Mozilla/5.0 (Linux; Android 4.3; GT-N7100 Build/JSS15J) AppleWebKit/537.36 (KHTML, like Gecko) Chrome/43.0.2357.93 Mobile Safari/537.36"
66.249.85.247 - - [16/Jun/2015:17:05:32 -0500] "GET /favicon.ico HTTP/1.0" 200 361 "http://conektaradio.com/" "Mozilla/5.0 (Linux; Android 4.3; GT-N7100 Build/JSS15J) AppleWebKit/537.36 (KHTML, like Gecko) Chrome/43.0.2357.93 Mobile Safari/537.36"
200.56.38.250 - - [16/Jun/2015:17:05:35 -0500] "GET / HTTP/1.0" 200 4300 "-" "Mozilla/5.0 (Macintosh; Intel Mac OS X 10_10_3) AppleWebKit/537.36 (KHTML, like Gecko) Chrome/45.0.2427.7 Safari/537.36"
200.56.38.250 - - [16/Jun/2015:17:05:35 -0500] "GET /favicon.ico HTTP/1.0" 200 361 "http://conektaradio.com/" "Mozilla/5.0 (Macintosh; Intel Mac OS X 10_10_3) AppleWebKit/537.36 (KHTML, like Gecko) Chrome/45.0.2427.7 Safari/537.36"
189.203.217.113 - - [16/Jun/2015:17:05:43 -0500] "GET / HTTP/1.0" 301 507 "http://m.facebook.com/" "Mozilla/5.0 (Linux; Android 4.4.2; GT-I9500 Build/KOT49H) AppleWebKit/537.36 (KHTML, like Gecko) Version/4.0 Chrome/30.0.0.0 Mobile Safari/537.36 [FB_IAB/FB4A;FBAV/35.0.0.48.273;]"
189.203.217.113 - - [16/Jun/2015:17:05:43 -0500] "GET / HTTP/1.0" 200 4300 "http://m.facebook.com/" "Mozilla/5.0 (Linux; Android 4.4.2; GT-I9500 Build/KOT49H) AppleWebKit/537.36 (KHTML, like Gecko) Version/4.0 Chrome/30.0.0.0 Mobile Safari/537.36 [FB_IAB/FB4A;FBAV/35.0.0.48.273;]"
189.210.222.197 - - [16/Jun/2015:17:05:45 -0500] "GET / HTTP/1.0" 200 4300 "-" "Mozilla/5.0 (Windows NT 6.3; WOW64) AppleWebKit/537.36 (KHTML, like Gecko) Chrome/43.0.2357.124 Safari/537.36"
189.228.211.164 - - [16/Jun/2015:17:06:01 -0500] "GET / HTTP/1.0" 200 4300 "-" "Mozilla/5.0 (compatible; MSIE 9.0; Windows NT 6.1; WOW64; Trident/5.0)"
66.249.85.253 - - [16/Jun/2015:17:06:05 -0500] "GET / HTTP/1.0" 200 4300 "-" "Mozilla/5.0 (Linux; Android 4.3; GT-N7100 Build/JSS15J) AppleWebKit/537.36 (KHTML, like Gecko) Chrome/43.0.2357.93 Mobile Safari/537.36"
189.241.22.159 - - [16/Jun/2015:17:06:19 -0500] "GET / HTTP/1.0" 301 507 "http://m.facebook.com" "Mozilla/5.0 (iPhone; CPU iPhone OS 8_3 like Mac OS X) AppleWebKit/600.1.4 (KHTML, like Gecko) Mobile/12F70 [FBAN/FBIOS;FBAV/25.0.0.11.10;FBBV/7293189;FBDV/iPhone7,2;FBMD/iPhone;FBSN/iPhone OS;FBSV/8.3;FBSS/2; FBCR/IUSACELL;FBID/phone;FBLC/es_LA;FBOP/5]"
189.241.22.159 - - [16/Jun/2015:17:06:21 -0500] "GET / HTTP/1.0" 200 4300 "http://m.facebook.com" "Mozilla/5.0 (iPhone; CPU iPhone OS 8_3 like Mac OS X) AppleWebKit/600.1.4 (KHTML, like Gecko) Mobile/12F70 [FBAN/FBIOS;FBAV/25.0.0.11.10;FBBV/7293189;FBDV/iPhone7,2;FBMD/iPhone;FBSN/iPhone OS;FBSV/8.3;FBSS/2; FBCR/IUSACELL;FBID/phone;FBLC/es_LA;FBOP/5]"
173.252.100.112 - - [16/Jun/2015:17:06:23 -0500] "GET /images/logo2.png HTTP/1.0" 404 294 "-" "facebookexternalhit/1.1 (+http://www.facebook.com/externalhit_uatext.php)"
173.252.100.114 - - [16/Jun/2015:17:06:23 -0500] "GET /images/logo2.png HTTP/1.0" 404 294 "-" "facebookexternalhit/1.0 (+http://www.facebook.com/externalhit_uatext.php)"
189.228.211.164 - - [16/Jun/2015:17:06:29 -0500] "GET / HTTP/1.0" 200 4300 "-" "Mozilla/5.0 (compatible; MSIE 9.0; Windows NT 6.1; WOW64; Trident/5.0)"
189.228.211.164 - - [16/Jun/2015:17:06:34 -0500] "GET / HTTP/1.0" 200 4300 "-" "Mozilla/5.0 (compatible; MSIE 9.0; Windows NT 6.1; WOW64; Trident/5.0)"
66.249.85.247 - - [16/Jun/2015:17:06:45 -0500] "GET / HTTP/1.0" 200 4300 "https://www.google.com.mx/" "Mozilla/5.0 (Linux; Android 4.3; GT-N7100 Build/JSS15J) AppleWebKit/537.36 (KHTML, like Gecko) Chrome/43.0.2357.93 Mobile Safari/537.36"
173.252.120.114 - - [16/Jun/2015:17:06:55 -0500] "GET /images/logo2.png HTTP/1.0" 404 294 "-" "facebookexternalhit/1.1 (+http://www.facebook.com/externalhit_uatext.php)"
173.252.120.113 - - [16/Jun/2015:17:06:55 -0500] "GET /images/logo2.png HTTP/1.0" 404 294 "-" "facebookexternalhit/1.0 (+http://www.facebook.com/externalhit_uatext.php)"
173.252.74.118 - - [16/Jun/2015:17:07:23 -0500] "GET /images/logo2.png HTTP/1.0" 404 294 "-" "facebookexternalhit/1.1 (+http://www.facebook.com/externalhit_uatext.php)"
173.252.74.119 - - [16/Jun/2015:17:07:24 -0500] "GET /images/logo2.png HTTP/1.0" 404 294 "-" "facebookexternalhit/1.0 (+http://www.facebook.com/externalhit_uatext.php)"
162.27.9.20 - - [16/Jun/2015:17:08:18 -0500] "GET / HTTP/1.0" 301 507 "-" "Mozilla/5.0 (Windows NT 6.1; WOW64) AppleWebKit/537.36 (KHTML, like Gecko) Chrome/43.0.2357.81 Safari/537.36"
162.27.9.20 - - [16/Jun/2015:17:08:18 -0500] "GET / HTTP/1.0" 200 4300 "-" "Mozilla/5.0 (Windows NT 6.1; WOW64) AppleWebKit/537.36 (KHTML, like Gecko) Chrome/43.0.2357.81 Safari/537.36"
162.27.9.20 - - [16/Jun/2015:17:08:26 -0500] "GET / HTTP/1.0" 200 4300 "-" "Mozilla/5.0 (Windows NT 6.1; WOW64) AppleWebKit/537.36 (KHTML, like Gecko) Chrome/43.0.2357.81 Safari/537.36"
200.56.38.250 - - [16/Jun/2015:17:08:26 -0500] "GET / HTTP/1.0" 200 4300 "https://www.facebook.com/" "Mozilla/5.0 (Macintosh; Intel Mac OS X 10_10_3) AppleWebKit/600.6.3 (KHTML, like Gecko) Version/8.0.6 Safari/600.6.3"
162.27.9.20 - - [16/Jun/2015:17:08:27 -0500] "GET /favicon.ico HTTP/1.0" 200 361 "http://conektaradio.com/" "Mozilla/5.0 (Windows NT 6.1; WOW64) AppleWebKit/537.36 (KHTML, like Gecko) Chrome/43.0.2357.81 Safari/537.36"
162.27.9.20 - - [16/Jun/2015:17:08:30 -0500] "GET / HTTP/1.0" 200 4300 "-" "Mozilla/5.0 (Windows NT 6.1; WOW64) AppleWebKit/537.36 (KHTML, like Gecko) Chrome/43.0.2357.81 Safari/537.36"
162.27.9.20 - - [16/Jun/2015:17:08:33 -0500] "GET /favicon.ico HTTP/1.0" 200 361 "http://conektaradio.com/" "Mozilla/5.0 (Windows NT 6.1; WOW64) AppleWebKit/537.36 (KHTML, like Gecko) Chrome/43.0.2357.81 Safari/537.36"
162.27.9.20 - - [16/Jun/2015:17:08:37 -0500] "GET / HTTP/1.0" 200 4300 "-" "Mozilla/5.0 (Windows NT 6.1; WOW64) AppleWebKit/537.36 (KHTML, like Gecko) Chrome/43.0.2357.81 Safari/537.36"
162.27.9.20 - - [16/Jun/2015:17:08:38 -0500] "GET /favicon.ico HTTP/1.0" 200 361 "http://conektaradio.com/" "Mozilla/5.0 (Windows NT 6.1; WOW64) AppleWebKit/537.36 (KHTML, like Gecko) Chrome/43.0.2357.81 Safari/537.36"
69.171.230.113 - - [16/Jun/2015:17:08:58 -0500] "GET /images/logo2.png HTTP/1.0" 404 294 "-" "facebookexternalhit/1.1 (+http://www.facebook.com/externalhit_uatext.php)"
69.171.230.118 - - [16/Jun/2015:17:08:58 -0500] "GET /images/logo2.png HTTP/1.0" 404 294 "-" "facebookexternalhit/1.0 (+http://www.facebook.com/externalhit_uatext.php)"
201.141.132.174 - - [16/Jun/2015:17:09:08 -0500] "GET / HTTP/1.0" 200 4300 "https://www.google.com.mx/" "Mozilla/5.0 (Macintosh; Intel Mac OS X 10_10_3) AppleWebKit/537.36 (KHTML, like Gecko) Chrome/43.0.2357.124 Safari/537.36"
189.217.22.136 - - [16/Jun/2015:17:09:16 -0500] "GET / HTTP/1.0" 301 507 "http://m.facebook.com/" "Mozilla/5.0 (Linux; U; Android 4.3; es-us; GT-N7100 Build/JSS15J) AppleWebKit/534.30 (KHTML, like Gecko) Version/4.0 Mobile Safari/534.30 [FB_IAB/FB4A;FBAV/35.0.0.48.273;]"
189.217.22.136 - - [16/Jun/2015:17:09:16 -0500] "GET / HTTP/1.0" 200 4300 "http://m.facebook.com/" "Mozilla/5.0 (Linux; U; Android 4.3; es-us; GT-N7100 Build/JSS15J) AppleWebKit/534.30 (KHTML, like Gecko) Version/4.0 Mobile Safari/534.30 [FB_IAB/FB4A;FBAV/35.0.0.48.273;]"
66.102.7.172 - - [16/Jun/2015:17:09:32 -0500] "GET / HTTP/1.0" 301 507 "http://m.facebook.com/" "Mozilla/5.0 (Linux; Android 4.3; GT-N7100 Build/JSS15J) AppleWebKit/537.36 (KHTML, like Gecko) Chrome/43.0.2357.93 Mobile Safari/537.36"
66.249.85.247 - - [16/Jun/2015:17:09:32 -0500] "GET / HTTP/1.0" 200 4300 "http://m.facebook.com/" "Mozilla/5.0 (Linux; Android 4.3; GT-N7100 Build/JSS15J) AppleWebKit/537.36 (KHTML, like Gecko) Chrome/43.0.2357.93 Mobile Safari/537.36"
187.237.14.240 - - [16/Jun/2015:17:09:39 -0500] "GET / HTTP/1.0" 301 507 "http://m.facebook.com" "Mozilla/5.0 (iPhone; CPU iPhone OS 8_3 like Mac OS X) AppleWebKit/600.1.4 (KHTML, like Gecko) Mobile/12F70 [FBAN/FBIOS;FBAV/31.0.0.44.261;FBBV/10598108;FBDV/iPhone7,1;FBMD/iPhone;FBSN/iPhone OS;FBSV/8.3;FBSS/3; FBCR/Telcel;FBID/phone;FBLC/es_LA;FBOP/5]"
187.237.14.240 - - [16/Jun/2015:17:09:39 -0500] "GET / HTTP/1.0" 200 4300 "http://m.facebook.com" "Mozilla/5.0 (iPhone; CPU iPhone OS 8_3 like Mac OS X) AppleWebKit/600.1.4 (KHTML, like Gecko) Mobile/12F70 [FBAN/FBIOS;FBAV/31.0.0.44.261;FBBV/10598108;FBDV/iPhone7,1;FBMD/iPhone;FBSN/iPhone OS;FBSV/8.3;FBSS/3; FBCR/Telcel;FBID/phone;FBLC/es_LA;FBOP/5]"
201.153.191.60 - - [16/Jun/2015:17:09:56 -0500] "GET / HTTP/1.0" 200 4300 "https://www.google.com.mx/" "Mozilla/5.0 (Windows NT 6.1) AppleWebKit/537.36 (KHTML, like Gecko) Chrome/43.0.2357.124 Safari/537.36"
201.153.191.60 - - [16/Jun/2015:17:09:56 -0500] "GET /favicon.ico HTTP/1.0" 200 361 "http://conektaradio.com/" "Mozilla/5.0 (Windows NT 6.1) AppleWebKit/537.36 (KHTML, like Gecko) Chrome/43.0.2357.124 Safari/537.36"
66.249.85.247 - - [16/Jun/2015:17:10:02 -0500] "GET / HTTP/1.0" 200 4300 "-" "Mozilla/5.0 (Linux; Android 4.3; GT-N7100 Build/JSS15J) AppleWebKit/537.36 (KHTML, like Gecko) Chrome/43.0.2357.93 Mobile Safari/537.36"
201.153.191.60 - - [16/Jun/2015:17:10:21 -0500] "GET / HTTP/1.0" 200 4300 "https://www.google.com.mx/" "Mozilla/5.0 (Windows NT 6.1) AppleWebKit/537.36 (KHTML, like Gecko) Chrome/43.0.2357.124 Safari/537.36"
201.153.191.60 - - [16/Jun/2015:17:10:21 -0500] "GET /favicon.ico HTTP/1.0" 200 361 "http://conektaradio.com/" "Mozilla/5.0 (Windows NT 6.1) AppleWebKit/537.36 (KHTML, like Gecko) Chrome/43.0.2357.124 Safari/537.36"
201.153.191.60 - - [16/Jun/2015:17:10:22 -0500] "GET / HTTP/1.0" 200 4300 "https://www.google.com.mx/" "Mozilla/5.0 (Windows NT 6.1) AppleWebKit/537.36 (KHTML, like Gecko) Chrome/43.0.2357.124 Safari/537.36"
201.153.191.60 - - [16/Jun/2015:17:10:22 -0500] "GET /favicon.ico HTTP/1.0" 200 361 "http://conektaradio.com/" "Mozilla/5.0 (Windows NT 6.1) AppleWebKit/537.36 (KHTML, like Gecko) Chrome/43.0.2357.124 Safari/537.36"
189.217.22.136 - - [16/Jun/2015:17:10:36 -0500] "GET / HTTP/1.0" 301 507 "http://m.facebook.com/" "Mozilla/5.0 (Linux; U; Android 4.3; es-us; GT-N7100 Build/JSS15J) AppleWebKit/534.30 (KHTML, like Gecko) Version/4.0 Mobile Safari/534.30 [FB_IAB/FB4A;FBAV/35.0.0.48.273;]"
189.217.22.136 - - [16/Jun/2015:17:10:36 -0500] "GET / HTTP/1.0" 200 4300 "http://m.facebook.com/" "Mozilla/5.0 (Linux; U; Android 4.3; es-us; GT-N7100 Build/JSS15J) AppleWebKit/534.30 (KHTML, like Gecko) Version/4.0 Mobile Safari/534.30 [FB_IAB/FB4A;FBAV/35.0.0.48.273;]"
69.171.230.112 - - [16/Jun/2015:17:10:42 -0500] "GET /images/logo2.png HTTP/1.0" 404 294 "-" "facebookexternalhit/1.1 (+http://www.facebook.com/externalhit_uatext.php)"
69.171.230.113 - - [16/Jun/2015:17:10:42 -0500] "GET /images/logo2.png HTTP/1.0" 404 294 "-" "facebookexternalhit/1.0 (+http://www.facebook.com/externalhit_uatext.php)"
8.28.16.254 - - [16/Jun/2015:17:11:01 -0500] "GET / HTTP/1.0" 200 15684 "-" "Mozilla/4.0 (compatible; MSIE 7.0; Windows NT 5.1; InfoPath.1; .NET CLR 2.0.50727; .NET CLR 1.1.4322; MS-RTC LM 8; .NET CLR 3.0.4506.2152; .NET CLR 3.5.30729)"
200.23.91.182 - - [16/Jun/2015:17:11:02 -0500] "GET / HTTP/1.0" 200 4300 "http://www.google.com.mx/url?sa=t&rct=j&q=&esrc=s&frm=1&source=web&cd=1&sqi=2&ved=0CBwQFjAAahUKEwiQvrTKnZXGAhXKKawKHU55ANc&url=http%3A%2F%2Fconektaradio.com%2F&ei=8Z6AVdCBMcrTsAXO8oG4DQ&usg=AFQjCNE2DfQqatej64ZiSJKVl1sMJ2wLiA&bvm=bv.96041959,d.b2w" "Mozilla/5.0 (compatible; MSIE 9.0; Windows NT 6.1; Trident/5.0)"
200.23.91.182 - - [16/Jun/2015:17:11:02 -0500] "GET /favicon.ico HTTP/1.0" 200 361 "-" "Mozilla/5.0 (compatible; MSIE 9.0; Windows NT 6.1; Trident/5.0)"
189.217.22.136 - - [16/Jun/2015:17:11:30 -0500] "GET / HTTP/1.0" 301 507 "http://m.facebook.com/" "Mozilla/5.0 (Linux; U; Android 4.3; es-us; GT-N7100 Build/JSS15J) AppleWebKit/534.30 (KHTML, like Gecko) Version/4.0 Mobile Safari/534.30 [FB_IAB/FB4A;FBAV/35.0.0.48.273;]"
189.217.22.136 - - [16/Jun/2015:17:11:30 -0500] "GET / HTTP/1.0" 200 4300 "http://m.facebook.com/" "Mozilla/5.0 (Linux; U; Android 4.3; es-us; GT-N7100 Build/JSS15J) AppleWebKit/534.30 (KHTML, like Gecko) Version/4.0 Mobile Safari/534.30 [FB_IAB/FB4A;FBAV/35.0.0.48.273;]"
23.253.229.53 - - [16/Jun/2015:17:11:45 -0500] "HEAD / HTTP/1.0" 301 254 "-" "Jakarta Commons-HttpClient/3.0.1"
173.252.100.119 - - [16/Jun/2015:17:12:20 -0500] "GET /images/logo2.png HTTP/1.0" 404 294 "-" "facebookexternalhit/1.1 (+http://www.facebook.com/externalhit_uatext.php)"
173.252.100.112 - - [16/Jun/2015:17:12:20 -0500] "GET /images/logo2.png HTTP/1.0" 404 294 "-" "facebookexternalhit/1.0 (+http://www.facebook.com/externalhit_uatext.php)"
200.56.38.250 - - [16/Jun/2015:17:12:55 -0500] "GET / HTTP/1.0" 200 4300 "-" "Mozilla/5.0 (Macintosh; Intel Mac OS X 10_10_3) AppleWebKit/600.6.3 (KHTML, like Gecko) Version/8.0.6 Safari/600.6.3"
200.23.91.182 - - [16/Jun/2015:17:13:02 -0500] "GET / HTTP/1.0" 200 4300 "-" "Mozilla/5.0 (compatible; MSIE 9.0; Windows NT 6.1; Trident/5.0)"
69.171.230.112 - - [16/Jun/2015:17:13:09 -0500] "GET /images/logo2.png HTTP/1.0" 404 294 "-" "facebookexternalhit/1.1 (+http://www.facebook.com/externalhit_uatext.php)"
69.171.230.112 - - [16/Jun/2015:17:13:09 -0500] "GET /images/logo2.png HTTP/1.0" 404 294 "-" "facebookexternalhit/1.0 (+http://www.facebook.com/externalhit_uatext.php)"
66.220.156.114 - - [16/Jun/2015:17:13:16 -0500] "GET /images/logo2.png HTTP/1.0" 404 294 "-" "facebookexternalhit/1.1 (+http://www.facebook.com/externalhit_uatext.php)"
66.220.156.114 - - [16/Jun/2015:17:13:16 -0500] "GET /images/logo2.png HTTP/1.0" 404 294 "-" "facebookexternalhit/1.0 (+http://www.facebook.com/externalhit_uatext.php)"
189.241.22.159 - - [16/Jun/2015:17:13:19 -0500] "GET / HTTP/1.0" 200 4300 "http://m.facebook.com" "Mozilla/5.0 (iPhone; CPU iPhone OS 8_3 like Mac OS X) AppleWebKit/600.1.4 (KHTML, like Gecko) Mobile/12F70 [FBAN/FBIOS;FBAV/25.0.0.11.10;FBBV/7293189;FBDV/iPhone7,2;FBMD/iPhone;FBSN/iPhone OS;FBSV/8.3;FBSS/2; FBCR/IUSACELL;FBID/phone;FBLC/es_LA;FBOP/5]"
187.186.170.84 - - [16/Jun/2015:17:13:41 -0500] "GET / HTTP/1.0" 200 4300 "-" "Mozilla/5.0 (Windows NT 6.3; WOW64; Trident/7.0; rv:11.0) like Gecko"
187.237.14.225 - - [16/Jun/2015:17:14:05 -0500] "GET / HTTP/1.0" 301 507 "-" "Mozilla/5.0 (Linux; Android 4.4.2; es-us; SAMSUNG SM-G800M Build/KOT49H) AppleWebKit/537.36 (KHTML, like Gecko) Version/1.6 Chrome/28.0.1500.94 Mobile Safari/537.36"
187.186.170.84 - - [16/Jun/2015:17:14:05 -0500] "GET / HTTP/1.0" 200 4300 "-" "Mozilla/5.0 (Windows NT 6.3; WOW64; Trident/7.0; rv:11.0) like Gecko"
187.237.14.225 - - [16/Jun/2015:17:14:05 -0500] "GET / HTTP/1.0" 200 4300 "-" "Mozilla/5.0 (Linux; Android 4.4.2; es-us; SAMSUNG SM-G800M Build/KOT49H) AppleWebKit/537.36 (KHTML, like Gecko) Version/1.6 Chrome/28.0.1500.94 Mobile Safari/537.36"
189.241.22.159 - - [16/Jun/2015:17:14:46 -0500] "GET / HTTP/1.0" 200 4300 "-" "Mozilla/5.0 (iPhone; CPU iPhone OS 8_3 like Mac OS X) AppleWebKit/600.1.4 (KHTML, like Gecko) Version/8.0 Mobile/12F70 Safari/600.1.4"
187.186.170.84 - - [16/Jun/2015:17:14:52 -0500] "GET / HTTP/1.0" 200 4300 "-" "Mozilla/5.0 (Windows NT 6.3; WOW64; Trident/7.0; rv:11.0) like Gecko"
173.252.100.113 - - [16/Jun/2015:17:16:17 -0500] "GET /images/logo2.png HTTP/1.0" 404 294 "-" "facebookexternalhit/1.1 (+http://www.facebook.com/externalhit_uatext.php)"
173.252.100.119 - - [16/Jun/2015:17:16:18 -0500] "GET /images/logo2.png HTTP/1.0" 404 294 "-" "facebookexternalhit/1.0 (+http://www.facebook.com/externalhit_uatext.php)"
173.252.100.116 - - [16/Jun/2015:17:16:34 -0500] "GET /images/logo2.png HTTP/1.0" 404 294 "-" "facebookexternalhit/1.1 (+http://www.facebook.com/externalhit_uatext.php)"
173.252.100.116 - - [16/Jun/2015:17:16:34 -0500] "GET /images/logo2.png HTTP/1.0" 404 294 "-" "facebookexternalhit/1.0 (+http://www.facebook.com/externalhit_uatext.php)"
189.249.192.147 - - [16/Jun/2015:17:18:08 -0500] "GET / HTTP/1.0" 200 4300 "-" "Mozilla/5.0 (X11; Ubuntu; Linux i686; rv:38.0) Gecko/20100101 Firefox/38.0"
189.241.22.159 - - [16/Jun/2015:17:18:30 -0500] "GET / HTTP/1.0" 200 4300 "http://m.facebook.com" "Mozilla/5.0 (iPhone; CPU iPhone OS 8_3 like Mac OS X) AppleWebKit/600.1.4 (KHTML, like Gecko) Mobile/12F70 [FBAN/FBIOS;FBAV/25.0.0.11.10;FBBV/7293189;FBDV/iPhone7,2;FBMD/iPhone;FBSN/iPhone OS;FBSV/8.3;FBSS/2; FBCR/IUSACELL;FBID/phone;FBLC/es_LA;FBOP/5]"
66.220.158.114 - - [16/Jun/2015:17:18:30 -0500] "GET /images/logo2.png HTTP/1.0" 404 294 "-" "facebookexternalhit/1.1 (+http://www.facebook.com/externalhit_uatext.php)"
66.220.158.117 - - [16/Jun/2015:17:18:30 -0500] "GET /images/logo2.png HTTP/1.0" 404 294 "-" "facebookexternalhit/1.0 (+http://www.facebook.com/externalhit_uatext.php)"
201.153.191.60 - - [16/Jun/2015:17:20:16 -0500] "GET / HTTP/1.0" 301 507 "http://m.facebook.com/" "Mozilla/5.0 (Linux; Android 4.4.4; SM-G530H Build/KTU84P) AppleWebKit/537.36 (KHTML, like Gecko) Version/4.0 Chrome/33.0.0.0 Mobile Safari/537.36 [FB_IAB/FB4A;FBAV/35.0.0.48.273;]"
201.153.191.60 - - [16/Jun/2015:17:20:17 -0500] "GET / HTTP/1.0" 200 4300 "http://m.facebook.com/" "Mozilla/5.0 (Linux; Android 4.4.4; SM-G530H Build/KTU84P) AppleWebKit/537.36 (KHTML, like Gecko) Version/4.0 Chrome/33.0.0.0 Mobile Safari/537.36 [FB_IAB/FB4A;FBAV/35.0.0.48.273;]"
201.153.191.60 - - [16/Jun/2015:17:20:17 -0500] "GET /favicon.ico HTTP/1.0" 200 361 "-" "Mozilla/5.0 (Linux; Android 4.4.4; SM-G530H Build/KTU84P) AppleWebKit/537.36 (KHTML, like Gecko) Version/4.0 Chrome/33.0.0.0 Mobile Safari/537.36"
66.220.156.117 - - [16/Jun/2015:17:21:20 -0500] "GET /images/logo2.png HTTP/1.0" 404 294 "-" "facebookexternalhit/1.1 (+http://www.facebook.com/externalhit_uatext.php)"
66.220.156.118 - - [16/Jun/2015:17:21:22 -0500] "GET /images/logo2.png HTTP/1.0" 404 294 "-" "facebookexternalhit/1.0 (+http://www.facebook.com/externalhit_uatext.php)"
189.249.192.147 - - [16/Jun/2015:17:21:25 -0500] "GET / HTTP/1.0" 200 4296 "-" "Mozilla/5.0 (X11; Ubuntu; Linux i686; rv:38.0) Gecko/20100101 Firefox/38.0"
189.161.20.147 - - [16/Jun/2015:17:21:26 -0500] "GET / HTTP/1.0" 200 4296 "-" "Mozilla/5.0 (Macintosh; Intel Mac OS X 10_6_3) AppleWebKit/537.36 (KHTML, like Gecko) Chrome/43.0.2357.124 Safari/537.36"
189.249.192.147 - - [16/Jun/2015:17:21:35 -0500] "GET / HTTP/1.0" 200 4296 "-" "Mozilla/5.0 (X11; Ubuntu; Linux i686; rv:38.0) Gecko/20100101 Firefox/38.0"
189.241.22.159 - - [16/Jun/2015:17:22:26 -0500] "GET / HTTP/1.0" 200 4296 "http://m.facebook.com" "Mozilla/5.0 (iPhone; CPU iPhone OS 8_3 like Mac OS X) AppleWebKit/600.1.4 (KHTML, like Gecko) Mobile/12F70 [FBAN/FBIOS;FBAV/25.0.0.11.10;FBBV/7293189;FBDV/iPhone7,2;FBMD/iPhone;FBSN/iPhone OS;FBSV/8.3;FBSS/2; FBCR/IUSACELL;FBID/phone;FBLC/es_LA;FBOP/5]"
173.252.112.118 - - [16/Jun/2015:17:24:20 -0500] "GET /images/logo2.png HTTP/1.0" 404 294 "-" "facebookexternalhit/1.1 (+http://www.facebook.com/externalhit_uatext.php)"
173.252.112.112 - - [16/Jun/2015:17:24:20 -0500] "GET /images/logo2.png HTTP/1.0" 404 294 "-" "facebookexternalhit/1.0 (+http://www.facebook.com/externalhit_uatext.php)"
66.220.158.115 - - [16/Jun/2015:17:24:38 -0500] "GET /images_/eventos.png HTTP/1.0" 301 545 "-" "facebookexternalhit/1.1 (+http://www.facebook.com/externalhit_uatext.php)"
66.220.158.118 - - [16/Jun/2015:17:24:39 -0500] "GET /images_/eventos.png HTTP/1.0" 404 294 "-" "facebookexternalhit/1.1 (+http://www.facebook.com/externalhit_uatext.php)"
66.220.158.117 - - [16/Jun/2015:17:24:39 -0500] "GET /images_/eventos.png HTTP/1.0" 301 545 "-" "facebookexternalhit/1.0 (+http://www.facebook.com/externalhit_uatext.php)"
66.220.158.116 - - [16/Jun/2015:17:24:39 -0500] "GET /images_/eventos.png HTTP/1.0" 404 294 "-" "facebookexternalhit/1.0 (+http://www.facebook.com/externalhit_uatext.php)"
189.233.230.19 - - [16/Jun/2015:17:25:00 -0500] "GET / HTTP/1.0" 301 507 "http://l.facebook.com/l.php?u=http%3A%2F%2Fwww.conektaradio.com%2F&h=WAQFKd2NN&s=1" "Mozilla/5.0 (Windows NT 6.1; WOW64; Trident/7.0; rv:11.0) like Gecko"
189.233.230.19 - - [16/Jun/2015:17:25:00 -0500] "GET / HTTP/1.0" 200 4286 "http://l.facebook.com/l.php?u=http%3A%2F%2Fwww.conektaradio.com%2F&h=WAQFKd2NN&s=1" "Mozilla/5.0 (Windows NT 6.1; WOW64; Trident/7.0; rv:11.0) like Gecko"
189.233.230.19 - - [16/Jun/2015:17:25:00 -0500] "GET /css/style.css HTTP/1.0" 200 347 "http://conektaradio.com/" "Mozilla/5.0 (Windows NT 6.1; WOW64; Trident/7.0; rv:11.0) like Gecko"
189.233.230.19 - - [16/Jun/2015:17:25:00 -0500] "GET /css/slides.css HTTP/1.0" 200 348 "http://conektaradio.com/" "Mozilla/5.0 (Windows NT 6.1; WOW64; Trident/7.0; rv:11.0) like Gecko"
189.233.230.19 - - [16/Jun/2015:17:25:00 -0500] "GET /slick/slick-theme.css HTTP/1.0" 200 355 "http://conektaradio.com/" "Mozilla/5.0 (Windows NT 6.1; WOW64; Trident/7.0; rv:11.0) like Gecko"
189.233.230.19 - - [16/Jun/2015:17:25:00 -0500] "GET /slick/slick.css HTTP/1.0" 200 349 "http://conektaradio.com/" "Mozilla/5.0 (Windows NT 6.1; WOW64; Trident/7.0; rv:11.0) like Gecko"
189.233.230.19 - - [16/Jun/2015:17:25:00 -0500] "GET /js/jquery-1.11.2.min.js HTTP/1.0" 200 364 "http://conektaradio.com/" "Mozilla/5.0 (Windows NT 6.1; WOW64; Trident/7.0; rv:11.0) like Gecko"
189.233.230.19 - - [16/Jun/2015:17:25:00 -0500] "GET /js/jquery.jplayer.min.js HTTP/1.0" 200 365 "http://conektaradio.com/" "Mozilla/5.0 (Windows NT 6.1; WOW64; Trident/7.0; rv:11.0) like Gecko"
189.233.230.19 - - [16/Jun/2015:17:25:00 -0500] "GET /js/index.js HTTP/1.0" 200 352 "http://conektaradio.com/" "Mozilla/5.0 (Windows NT 6.1; WOW64; Trident/7.0; rv:11.0) like Gecko"
189.233.230.19 - - [16/Jun/2015:17:25:00 -0500] "GET /slick/slick.min.js HTTP/1.0" 200 359 "http://conektaradio.com/" "Mozilla/5.0 (Windows NT 6.1; WOW64; Trident/7.0; rv:11.0) like Gecko"
189.233.230.19 - - [16/Jun/2015:17:25:00 -0500] "GET /css/hover.css HTTP/1.0" 200 347 "http://conektaradio.com/" "Mozilla/5.0 (Windows NT 6.1; WOW64; Trident/7.0; rv:11.0) like Gecko"
189.233.230.19 - - [16/Jun/2015:17:25:00 -0500] "GET /js/jquery.jcarousel.min.js HTTP/1.0" 200 367 "http://conektaradio.com/" "Mozilla/5.0 (Windows NT 6.1; WOW64; Trident/7.0; rv:11.0) like Gecko"
189.233.230.19 - - [16/Jun/2015:17:25:00 -0500] "GET /js/jquery.pikachoose.min.js HTTP/1.0" 200 368 "http://conektaradio.com/" "Mozilla/5.0 (Windows NT 6.1; WOW64; Trident/7.0; rv:11.0) like Gecko"
189.233.230.19 - - [16/Jun/2015:17:25:00 -0500] "GET /js/jquery.touchwipe.min.js HTTP/1.0" 200 367 "http://conektaradio.com/" "Mozilla/5.0 (Windows NT 6.1; WOW64; Trident/7.0; rv:11.0) like Gecko"
189.233.230.19 - - [16/Jun/2015:17:25:00 -0500] "GET /images/head.jpg HTTP/1.0" 200 362 "http://conektaradio.com/" "Mozilla/5.0 (Windows NT 6.1; WOW64; Trident/7.0; rv:11.0) like Gecko"
189.233.230.19 - - [16/Jun/2015:17:25:01 -0500] "GET /images/progsHead.png HTTP/1.0" 200 366 "http://conektaradio.com/" "Mozilla/5.0 (Windows NT 6.1; WOW64; Trident/7.0; rv:11.0) like Gecko"
189.233.230.19 - - [16/Jun/2015:17:25:01 -0500] "GET /images/banners/MiFarmacia.png HTTP/1.0" 200 375 "http://conektaradio.com/" "Mozilla/5.0 (Windows NT 6.1; WOW64; Trident/7.0; rv:11.0) like Gecko"
189.233.230.19 - - [16/Jun/2015:17:25:01 -0500] "GET /images/prog2.png HTTP/1.0" 200 362 "http://conektaradio.com/" "Mozilla/5.0 (Windows NT 6.1; WOW64; Trident/7.0; rv:11.0) like Gecko"
189.233.230.19 - - [16/Jun/2015:17:25:01 -0500] "GET /images/prog1.png HTTP/1.0" 200 362 "http://conektaradio.com/" "Mozilla/5.0 (Windows NT 6.1; WOW64; Trident/7.0; rv:11.0) like Gecko"
189.233.230.19 - - [16/Jun/2015:17:25:01 -0500] "GET /images/prog3.png HTTP/1.0" 200 362 "http://conektaradio.com/" "Mozilla/5.0 (Windows NT 6.1; WOW64; Trident/7.0; rv:11.0) like Gecko"
189.233.230.19 - - [16/Jun/2015:17:25:01 -0500] "GET /images/prog4.png HTTP/1.0" 200 362 "http://conektaradio.com/" "Mozilla/5.0 (Windows NT 6.1; WOW64; Trident/7.0; rv:11.0) like Gecko"
189.233.230.19 - - [16/Jun/2015:17:25:01 -0500] "GET /images/prog5.png HTTP/1.0" 200 362 "http://conektaradio.com/" "Mozilla/5.0 (Windows NT 6.1; WOW64; Trident/7.0; rv:11.0) like Gecko"
189.233.230.19 - - [16/Jun/2015:17:25:01 -0500] "GET /images/prog7.png HTTP/1.0" 200 362 "http://conektaradio.com/" "Mozilla/5.0 (Windows NT 6.1; WOW64; Trident/7.0; rv:11.0) like Gecko"
189.233.230.19 - - [16/Jun/2015:17:25:01 -0500] "GET /images/prog6.png HTTP/1.0" 200 362 "http://conektaradio.com/" "Mozilla/5.0 (Windows NT 6.1; WOW64; Trident/7.0; rv:11.0) like Gecko"
189.233.230.19 - - [16/Jun/2015:17:25:01 -0500] "GET /images/prog9.png HTTP/1.0" 200 362 "http://conektaradio.com/" "Mozilla/5.0 (Windows NT 6.1; WOW64; Trident/7.0; rv:11.0) like Gecko"
189.233.230.19 - - [16/Jun/2015:17:25:01 -0500] "GET /images/noticias1.png HTTP/1.0" 200 366 "http://conektaradio.com/" "Mozilla/5.0 (Windows NT 6.1; WOW64; Trident/7.0; rv:11.0) like Gecko"
189.233.230.19 - - [16/Jun/2015:17:25:01 -0500] "GET /images/1.jpg HTTP/1.0" 200 359 "http://conektaradio.com/" "Mozilla/5.0 (Windows NT 6.1; WOW64; Trident/7.0; rv:11.0) like Gecko"
189.233.230.19 - - [16/Jun/2015:17:25:01 -0500] "GET /images/2.jpg HTTP/1.0" 200 359 "http://conektaradio.com/" "Mozilla/5.0 (Windows NT 6.1; WOW64; Trident/7.0; rv:11.0) like Gecko"
189.233.230.19 - - [16/Jun/2015:17:25:01 -0500] "GET /images/3.jpg HTTP/1.0" 200 359 "http://conektaradio.com/" "Mozilla/5.0 (Windows NT 6.1; WOW64; Trident/7.0; rv:11.0) like Gecko"
189.233.230.19 - - [16/Jun/2015:17:25:01 -0500] "GET /images/VideosHead.png HTTP/1.0" 200 367 "http://conektaradio.com/" "Mozilla/5.0 (Windows NT 6.1; WOW64; Trident/7.0; rv:11.0) like Gecko"
189.233.230.19 - - [16/Jun/2015:17:25:01 -0500] "GET /images/headMN.png HTTP/1.0" 200 363 "http://conektaradio.com/" "Mozilla/5.0 (Windows NT 6.1; WOW64; Trident/7.0; rv:11.0) like Gecko"
189.233.230.19 - - [16/Jun/2015:17:25:01 -0500] "GET /images/musicaNueva/artistas/portada_evanoff.jpg HTTP/1.0" 200 394 "http://conektaradio.com/" "Mozilla/5.0 (Windows NT 6.1; WOW64; Trident/7.0; rv:11.0) like Gecko"
189.233.230.19 - - [16/Jun/2015:17:25:01 -0500] "GET /images/musicaNueva/artistas/alfredo.jpg HTTP/1.0" 200 386 "http://conektaradio.com/" "Mozilla/5.0 (Windows NT 6.1; WOW64; Trident/7.0; rv:11.0) like Gecko"
189.249.192.147 - - [16/Jun/2015:17:25:01 -0500] "GET / HTTP/1.0" 200 4286 "-" "Mozilla/5.0 (X11; Ubuntu; Linux i686; rv:38.0) Gecko/20100101 Firefox/38.0"
189.233.230.19 - - [16/Jun/2015:17:25:01 -0500] "GET /images/musicaNueva/artistas/incomparable.jpg HTTP/1.0" 200 391 "http://conektaradio.com/" "Mozilla/5.0 (Windows NT 6.1; WOW64; Trident/7.0; rv:11.0) like Gecko"
189.233.230.19 - - [16/Jun/2015:17:25:01 -0500] "GET /images/banners/galerias.png HTTP/1.0" 200 373 "http://conektaradio.com/" "Mozilla/5.0 (Windows NT 6.1; WOW64; Trident/7.0; rv:11.0) like Gecko"
189.233.230.19 - - [16/Jun/2015:17:25:01 -0500] "GET /images/playerHeader.png HTTP/1.0" 200 369 "http://conektaradio.com/" "Mozilla/5.0 (Windows NT 6.1; WOW64; Trident/7.0; rv:11.0) like Gecko"
189.233.230.19 - - [16/Jun/2015:17:25:01 -0500] "GET /images/comentarios.png HTTP/1.0" 200 368 "http://conektaradio.com/" "Mozilla/5.0 (Windows NT 6.1; WOW64; Trident/7.0; rv:11.0) like Gecko"
189.233.230.19 - - [16/Jun/2015:17:25:01 -0500] "GET /fonts/HeroicCondensed-Regular.otf HTTP/1.0" 200 410 "http://conektaradio.com/" "Mozilla/5.0 (Windows NT 6.1; WOW64; Trident/7.0; rv:11.0) like Gecko"
189.233.230.19 - - [16/Jun/2015:17:25:01 -0500] "GET /audio/musicaNueva/incomparable.mp3 HTTP/1.0" 200 370 "http://conektaradio.com/" "Mozilla/5.0 (Windows NT 6.1; WOW64; Trident/7.0; rv:11.0) like Gecko"
189.233.230.19 - - [16/Jun/2015:17:25:01 -0500] "GET /audio/musicaNueva/ElGalanDeLaPlebada.mp3 HTTP/1.0" 200 376 "http://conektaradio.com/" "Mozilla/5.0 (Windows NT 6.1; WOW64; Trident/7.0; rv:11.0) like Gecko"
189.233.230.19 - - [16/Jun/2015:17:25:01 -0500] "GET /images/banners/backpatrocinio.png HTTP/1.0" 200 379 "http://conektaradio.com/" "Mozilla/5.0 (Windows NT 6.1; WOW64; Trident/7.0; rv:11.0) like Gecko"
189.233.230.19 - - [16/Jun/2015:17:25:01 -0500] "GET /images/back_programacion.png HTTP/1.0" 200 374 "http://conektaradio.com/" "Mozilla/5.0 (Windows NT 6.1; WOW64; Trident/7.0; rv:11.0) like Gecko"
189.233.230.19 - - [16/Jun/2015:17:25:01 -0500] "GET /audio/musicaNueva/evanoff.mp3 HTTP/1.0" 200 365 "http://conektaradio.com/" "Mozilla/5.0 (Windows NT 6.1; WOW64; Trident/7.0; rv:11.0) like Gecko"
189.233.230.19 - - [16/Jun/2015:17:25:01 -0500] "GET /images/anunciate.png HTTP/1.0" 200 366 "http://conektaradio.com/" "Mozilla/5.0 (Windows NT 6.1; WOW64; Trident/7.0; rv:11.0) like Gecko"
189.249.192.147 - - [16/Jun/2015:17:25:01 -0500] "GET /css/style.css HTTP/1.0" 200 347 "http://conektaradio.com/" "Mozilla/5.0 (X11; Ubuntu; Linux i686; rv:38.0) Gecko/20100101 Firefox/38.0"
189.249.192.147 - - [16/Jun/2015:17:25:01 -0500] "GET /css/slides.css HTTP/1.0" 200 348 "http://conektaradio.com/" "Mozilla/5.0 (X11; Ubuntu; Linux i686; rv:38.0) Gecko/20100101 Firefox/38.0"
189.249.192.147 - - [16/Jun/2015:17:25:01 -0500] "GET /slick/slick.css HTTP/1.0" 200 349 "http://conektaradio.com/" "Mozilla/5.0 (X11; Ubuntu; Linux i686; rv:38.0) Gecko/20100101 Firefox/38.0"
189.249.192.147 - - [16/Jun/2015:17:25:01 -0500] "GET /slick/slick-theme.css HTTP/1.0" 200 355 "http://conektaradio.com/" "Mozilla/5.0 (X11; Ubuntu; Linux i686; rv:38.0) Gecko/20100101 Firefox/38.0"
189.249.192.147 - - [16/Jun/2015:17:25:01 -0500] "GET /js/jquery-1.11.2.min.js HTTP/1.0" 200 364 "http://conektaradio.com/" "Mozilla/5.0 (X11; Ubuntu; Linux i686; rv:38.0) Gecko/20100101 Firefox/38.0"
189.233.230.19 - - [16/Jun/2015:17:25:02 -0500] "GET /images/eventos.png HTTP/1.0" 200 364 "http://conektaradio.com/" "Mozilla/5.0 (Windows NT 6.1; WOW64; Trident/7.0; rv:11.0) like Gecko"
189.249.192.147 - - [16/Jun/2015:17:25:02 -0500] "GET /js/jquery.jplayer.min.js HTTP/1.0" 200 365 "http://conektaradio.com/" "Mozilla/5.0 (X11; Ubuntu; Linux i686; rv:38.0) Gecko/20100101 Firefox/38.0"
189.249.192.147 - - [16/Jun/2015:17:25:02 -0500] "GET /css/hover.css HTTP/1.0" 200 347 "http://conektaradio.com/css/style.css" "Mozilla/5.0 (X11; Ubuntu; Linux i686; rv:38.0) Gecko/20100101 Firefox/38.0"
189.249.192.147 - - [16/Jun/2015:17:25:02 -0500] "GET /slick/slick.min.js HTTP/1.0" 200 359 "http://conektaradio.com/" "Mozilla/5.0 (X11; Ubuntu; Linux i686; rv:38.0) Gecko/20100101 Firefox/38.0"
189.249.192.147 - - [16/Jun/2015:17:25:02 -0500] "GET /js/index.js HTTP/1.0" 200 352 "http://conektaradio.com/" "Mozilla/5.0 (X11; Ubuntu; Linux i686; rv:38.0) Gecko/20100101 Firefox/38.0"
189.249.192.147 - - [16/Jun/2015:17:25:02 -0500] "GET /js/jquery.jcarousel.min.js HTTP/1.0" 200 367 "http://conektaradio.com/" "Mozilla/5.0 (X11; Ubuntu; Linux i686; rv:38.0) Gecko/20100101 Firefox/38.0"
189.249.192.147 - - [16/Jun/2015:17:25:02 -0500] "GET /js/jquery.pikachoose.min.js HTTP/1.0" 200 368 "http://conektaradio.com/" "Mozilla/5.0 (X11; Ubuntu; Linux i686; rv:38.0) Gecko/20100101 Firefox/38.0"
189.249.192.147 - - [16/Jun/2015:17:25:02 -0500] "GET /js/jquery.touchwipe.min.js HTTP/1.0" 200 367 "http://conektaradio.com/" "Mozilla/5.0 (X11; Ubuntu; Linux i686; rv:38.0) Gecko/20100101 Firefox/38.0"
189.249.192.147 - - [16/Jun/2015:17:25:03 -0500] "GET /images/head.jpg HTTP/1.0" 200 362 "http://conektaradio.com/" "Mozilla/5.0 (X11; Ubuntu; Linux i686; rv:38.0) Gecko/20100101 Firefox/38.0"
189.249.192.147 - - [16/Jun/2015:17:25:03 -0500] "GET /images/progsHead.png HTTP/1.0" 200 366 "http://conektaradio.com/" "Mozilla/5.0 (X11; Ubuntu; Linux i686; rv:38.0) Gecko/20100101 Firefox/38.0"
189.249.192.147 - - [16/Jun/2015:17:25:03 -0500] "GET /images/banners/MiFarmacia.png HTTP/1.0" 200 375 "http://conektaradio.com/" "Mozilla/5.0 (X11; Ubuntu; Linux i686; rv:38.0) Gecko/20100101 Firefox/38.0"
189.249.192.147 - - [16/Jun/2015:17:25:03 -0500] "GET /images/prog1.png HTTP/1.0" 200 362 "http://conektaradio.com/" "Mozilla/5.0 (X11; Ubuntu; Linux i686; rv:38.0) Gecko/20100101 Firefox/38.0"
189.249.192.147 - - [16/Jun/2015:17:25:03 -0500] "GET /images/prog2.png HTTP/1.0" 200 362 "http://conektaradio.com/" "Mozilla/5.0 (X11; Ubuntu; Linux i686; rv:38.0) Gecko/20100101 Firefox/38.0"
189.249.192.147 - - [16/Jun/2015:17:25:03 -0500] "GET /images/prog3.png HTTP/1.0" 200 362 "http://conektaradio.com/" "Mozilla/5.0 (X11; Ubuntu; Linux i686; rv:38.0) Gecko/20100101 Firefox/38.0"
189.249.192.147 - - [16/Jun/2015:17:25:03 -0500] "GET /images/prog5.png HTTP/1.0" 200 362 "http://conektaradio.com/" "Mozilla/5.0 (X11; Ubuntu; Linux i686; rv:38.0) Gecko/20100101 Firefox/38.0"
189.249.192.147 - - [16/Jun/2015:17:25:03 -0500] "GET /images/prog6.png HTTP/1.0" 200 362 "http://conektaradio.com/" "Mozilla/5.0 (X11; Ubuntu; Linux i686; rv:38.0) Gecko/20100101 Firefox/38.0"
189.249.192.147 - - [16/Jun/2015:17:25:03 -0500] "GET /images/prog4.png HTTP/1.0" 200 362 "http://conektaradio.com/" "Mozilla/5.0 (X11; Ubuntu; Linux i686; rv:38.0) Gecko/20100101 Firefox/38.0"
189.249.192.147 - - [16/Jun/2015:17:25:03 -0500] "GET /images/prog7.png HTTP/1.0" 200 362 "http://conektaradio.com/" "Mozilla/5.0 (X11; Ubuntu; Linux i686; rv:38.0) Gecko/20100101 Firefox/38.0"
189.233.230.19 - - [16/Jun/2015:17:25:03 -0500] "GET /images/slogan.png HTTP/1.0" 200 363 "http://conektaradio.com/" "Mozilla/5.0 (Windows NT 6.1; WOW64; Trident/7.0; rv:11.0) like Gecko"
189.249.192.147 - - [16/Jun/2015:17:25:03 -0500] "GET /images/prog9.png HTTP/1.0" 200 362 "http://conektaradio.com/" "Mozilla/5.0 (X11; Ubuntu; Linux i686; rv:38.0) Gecko/20100101 Firefox/38.0"
