201.141.132.174 - - [16/Jun/2015:16:51:45 -0500] "GET / HTTP/1.0" 301 507 "https://www.facebook.com/" "Mozilla/5.0 (Macintosh; Intel Mac OS X 10_10_3) AppleWebKit/537.36 (KHTML, like Gecko) Chrome/43.0.2357.124 Safari/537.36"
201.141.132.174 - - [16/Jun/2015:16:51:51 -0500] "GET / HTTP/1.0" 200 4300 "https://www.facebook.com/" "Mozilla/5.0 (Macintosh; Intel Mac OS X 10_10_3) AppleWebKit/537.36 (KHTML, like Gecko) Chrome/43.0.2357.124 Safari/537.36"
187.234.182.76 - - [16/Jun/2015:16:52:21 -0500] "GET / HTTP/1.0" 200 4300 "-" "Mozilla/5.0 (Macintosh; Intel Mac OS X 10_9_5) AppleWebKit/537.36 (KHTML, like Gecko) Chrome/43.0.2357.124 Safari/537.36"
187.234.182.76 - - [16/Jun/2015:16:52:21 -0500] "GET / HTTP/1.0" 200 4300 "-" "Mozilla/5.0 (Macintosh; Intel Mac OS X 10_9_5) AppleWebKit/537.36 (KHTML, like Gecko) Chrome/43.0.2357.124 Safari/537.36"
187.234.182.76 - - [16/Jun/2015:16:52:21 -0500] "GET / HTTP/1.0" 200 4300 "-" "Mozilla/5.0 (Macintosh; Intel Mac OS X 10_9_5) AppleWebKit/537.36 (KHTML, like Gecko) Chrome/43.0.2357.124 Safari/537.36"
187.234.182.76 - - [16/Jun/2015:16:52:21 -0500] "GET / HTTP/1.0" 200 4300 "-" "Mozilla/5.0 (Macintosh; Intel Mac OS X 10_9_5) AppleWebKit/537.36 (KHTML, like Gecko) Chrome/43.0.2357.124 Safari/537.36"
187.234.182.76 - - [16/Jun/2015:16:52:21 -0500] "GET / HTTP/1.0" 200 4300 "-" "Mozilla/5.0 (Macintosh; Intel Mac OS X 10_9_5) AppleWebKit/537.36 (KHTML, like Gecko) Chrome/43.0.2357.124 Safari/537.36"
187.234.182.76 - - [16/Jun/2015:16:52:21 -0500] "GET / HTTP/1.0" 200 4300 "-" "Mozilla/5.0 (Macintosh; Intel Mac OS X 10_9_5) AppleWebKit/537.36 (KHTML, like Gecko) Chrome/43.0.2357.124 Safari/537.36"
187.234.182.76 - - [16/Jun/2015:16:52:22 -0500] "GET /favicon.ico HTTP/1.0" 200 361 "http://conektaradio.com/" "Mozilla/5.0 (Macintosh; Intel Mac OS X 10_9_5) AppleWebKit/537.36 (KHTML, like Gecko) Chrome/43.0.2357.124 Safari/537.36"
187.234.182.76 - - [16/Jun/2015:16:52:22 -0500] "GET / HTTP/1.0" 200 4300 "-" "Mozilla/5.0 (Macintosh; Intel Mac OS X 10_9_5) AppleWebKit/537.36 (KHTML, like Gecko) Chrome/43.0.2357.124 Safari/537.36"
187.234.182.76 - - [16/Jun/2015:16:52:22 -0500] "GET / HTTP/1.0" 200 4300 "-" "Mozilla/5.0 (Macintosh; Intel Mac OS X 10_9_5) AppleWebKit/537.36 (KHTML, like Gecko) Chrome/43.0.2357.124 Safari/537.36"
187.234.182.76 - - [16/Jun/2015:16:52:22 -0500] "GET /favicon.ico HTTP/1.0" 200 361 "http://conektaradio.com/" "Mozilla/5.0 (Macintosh; Intel Mac OS X 10_9_5) AppleWebKit/537.36 (KHTML, like Gecko) Chrome/43.0.2357.124 Safari/537.36"
187.234.182.76 - - [16/Jun/2015:16:52:22 -0500] "GET / HTTP/1.0" 200 4300 "-" "Mozilla/5.0 (Macintosh; Intel Mac OS X 10_9_5) AppleWebKit/537.36 (KHTML, like Gecko) Chrome/43.0.2357.124 Safari/537.36"
187.234.182.76 - - [16/Jun/2015:16:52:22 -0500] "GET / HTTP/1.0" 200 4300 "-" "Mozilla/5.0 (Macintosh; Intel Mac OS X 10_9_5) AppleWebKit/537.36 (KHTML, like Gecko) Chrome/43.0.2357.124 Safari/537.36"
187.234.182.76 - - [16/Jun/2015:16:52:22 -0500] "GET / HTTP/1.0" 200 4300 "-" "Mozilla/5.0 (Macintosh; Intel Mac OS X 10_9_5) AppleWebKit/537.36 (KHTML, like Gecko) Chrome/43.0.2357.124 Safari/537.36"
187.234.182.76 - - [16/Jun/2015:16:52:22 -0500] "GET / HTTP/1.0" 200 4300 "-" "Mozilla/5.0 (Macintosh; Intel Mac OS X 10_9_5) AppleWebKit/537.36 (KHTML, like Gecko) Chrome/43.0.2357.124 Safari/537.36"
187.234.182.76 - - [16/Jun/2015:16:52:22 -0500] "GET / HTTP/1.0" 200 4300 "-" "Mozilla/5.0 (Macintosh; Intel Mac OS X 10_9_5) AppleWebKit/537.36 (KHTML, like Gecko) Chrome/43.0.2357.124 Safari/537.36"
187.234.182.76 - - [16/Jun/2015:16:52:23 -0500] "GET /favicon.ico HTTP/1.0" 200 361 "http://conektaradio.com/" "Mozilla/5.0 (Macintosh; Intel Mac OS X 10_9_5) AppleWebKit/537.36 (KHTML, like Gecko) Chrome/43.0.2357.124 Safari/537.36"
173.252.112.118 - - [16/Jun/2015:16:52:27 -0500] "GET /images/logo2.png HTTP/1.0" 404 294 "-" "facebookexternalhit/1.1 (+http://www.facebook.com/externalhit_uatext.php)"
173.252.112.118 - - [16/Jun/2015:16:52:28 -0500] "GET /images/logo2.png HTTP/1.0" 404 294 "-" "facebookexternalhit/1.0 (+http://www.facebook.com/externalhit_uatext.php)"
189.210.222.197 - - [16/Jun/2015:16:52:46 -0500] "GET / HTTP/1.0" 200 4300 "-" "Mozilla/5.0 (Windows NT 6.3; WOW64) AppleWebKit/537.36 (KHTML, like Gecko) Chrome/43.0.2357.124 Safari/537.36"
189.210.222.197 - - [16/Jun/2015:16:52:46 -0500] "GET /favicon.ico HTTP/1.0" 200 361 "http://conektaradio.com/" "Mozilla/5.0 (Windows NT 6.3; WOW64) AppleWebKit/537.36 (KHTML, like Gecko) Chrome/43.0.2357.124 Safari/537.36"
187.234.182.76 - - [16/Jun/2015:16:53:01 -0500] "GET / HTTP/1.0" 200 4300 "-" "Mozilla/5.0 (Macintosh; Intel Mac OS X 10_9_5) AppleWebKit/537.36 (KHTML, like Gecko) Chrome/43.0.2357.124 Safari/537.36"
187.234.182.76 - - [16/Jun/2015:16:53:01 -0500] "GET / HTTP/1.0" 200 4300 "-" "Mozilla/5.0 (Macintosh; Intel Mac OS X 10_9_5) AppleWebKit/537.36 (KHTML, like Gecko) Chrome/43.0.2357.124 Safari/537.36"
187.234.182.76 - - [16/Jun/2015:16:53:01 -0500] "GET / HTTP/1.0" 200 4300 "-" "Mozilla/5.0 (Macintosh; Intel Mac OS X 10_9_5) AppleWebKit/537.36 (KHTML, like Gecko) Chrome/43.0.2357.124 Safari/537.36"
187.234.182.76 - - [16/Jun/2015:16:53:01 -0500] "GET / HTTP/1.0" 200 4300 "-" "Mozilla/5.0 (Macintosh; Intel Mac OS X 10_9_5) AppleWebKit/537.36 (KHTML, like Gecko) Chrome/43.0.2357.124 Safari/537.36"
187.234.182.76 - - [16/Jun/2015:16:53:01 -0500] "GET / HTTP/1.0" 200 4300 "-" "Mozilla/5.0 (Macintosh; Intel Mac OS X 10_9_5) AppleWebKit/537.36 (KHTML, like Gecko) Chrome/43.0.2357.124 Safari/537.36"
187.234.182.76 - - [16/Jun/2015:16:53:02 -0500] "GET / HTTP/1.0" 200 4300 "-" "Mozilla/5.0 (Macintosh; Intel Mac OS X 10_9_5) AppleWebKit/537.36 (KHTML, like Gecko) Chrome/43.0.2357.124 Safari/537.36"
187.234.182.76 - - [16/Jun/2015:16:53:02 -0500] "GET / HTTP/1.0" 200 4300 "-" "Mozilla/5.0 (Macintosh; Intel Mac OS X 10_9_5) AppleWebKit/537.36 (KHTML, like Gecko) Chrome/43.0.2357.124 Safari/537.36"
187.234.182.76 - - [16/Jun/2015:16:53:02 -0500] "GET / HTTP/1.0" 200 4300 "-" "Mozilla/5.0 (Macintosh; Intel Mac OS X 10_9_5) AppleWebKit/537.36 (KHTML, like Gecko) Chrome/43.0.2357.124 Safari/537.36"
187.234.182.76 - - [16/Jun/2015:16:53:02 -0500] "GET / HTTP/1.0" 200 4300 "-" "Mozilla/5.0 (Macintosh; Intel Mac OS X 10_9_5) AppleWebKit/537.36 (KHTML, like Gecko) Chrome/43.0.2357.124 Safari/537.36"
187.234.182.76 - - [16/Jun/2015:16:53:02 -0500] "GET / HTTP/1.0" 200 4300 "-" "Mozilla/5.0 (Macintosh; Intel Mac OS X 10_9_5) AppleWebKit/537.36 (KHTML, like Gecko) Chrome/43.0.2357.124 Safari/537.36"
187.234.182.76 - - [16/Jun/2015:16:53:02 -0500] "GET / HTTP/1.0" 200 4300 "-" "Mozilla/5.0 (Macintosh; Intel Mac OS X 10_9_5) AppleWebKit/537.36 (KHTML, like Gecko) Chrome/43.0.2357.124 Safari/537.36"
187.234.182.76 - - [16/Jun/2015:16:53:03 -0500] "GET / HTTP/1.0" 200 4300 "-" "Mozilla/5.0 (Macintosh; Intel Mac OS X 10_9_5) AppleWebKit/537.36 (KHTML, like Gecko) Chrome/43.0.2357.124 Safari/537.36"
187.234.182.76 - - [16/Jun/2015:16:53:03 -0500] "GET / HTTP/1.0" 200 4300 "-" "Mozilla/5.0 (Macintosh; Intel Mac OS X 10_9_5) AppleWebKit/537.36 (KHTML, like Gecko) Chrome/43.0.2357.124 Safari/537.36"
187.234.182.76 - - [16/Jun/2015:16:53:03 -0500] "GET / HTTP/1.0" 200 4300 "-" "Mozilla/5.0 (Macintosh; Intel Mac OS X 10_9_5) AppleWebKit/537.36 (KHTML, like Gecko) Chrome/43.0.2357.124 Safari/537.36"
187.234.182.76 - - [16/Jun/2015:16:53:03 -0500] "GET / HTTP/1.0" 200 4300 "-" "Mozilla/5.0 (Macintosh; Intel Mac OS X 10_9_5) AppleWebKit/537.36 (KHTML, like Gecko) Chrome/43.0.2357.124 Safari/537.36"
187.234.182.76 - - [16/Jun/2015:16:53:03 -0500] "GET / HTTP/1.0" 200 4300 "-" "Mozilla/5.0 (Macintosh; Intel Mac OS X 10_9_5) AppleWebKit/537.36 (KHTML, like Gecko) Chrome/43.0.2357.124 Safari/537.36"
187.234.182.76 - - [16/Jun/2015:16:53:04 -0500] "GET / HTTP/1.0" 200 4300 "-" "Mozilla/5.0 (Macintosh; Intel Mac OS X 10_9_5) AppleWebKit/537.36 (KHTML, like Gecko) Chrome/43.0.2357.124 Safari/537.36"
187.234.182.76 - - [16/Jun/2015:16:53:04 -0500] "GET / HTTP/1.0" 200 4300 "-" "Mozilla/5.0 (Macintosh; Intel Mac OS X 10_9_5) AppleWebKit/537.36 (KHTML, like Gecko) Chrome/43.0.2357.124 Safari/537.36"
187.234.182.76 - - [16/Jun/2015:16:53:04 -0500] "GET / HTTP/1.0" 200 4300 "-" "Mozilla/5.0 (Macintosh; Intel Mac OS X 10_9_5) AppleWebKit/537.36 (KHTML, like Gecko) Chrome/43.0.2357.124 Safari/537.36"
187.234.182.76 - - [16/Jun/2015:16:53:04 -0500] "GET / HTTP/1.0" 200 4300 "-" "Mozilla/5.0 (Macintosh; Intel Mac OS X 10_9_5) AppleWebKit/537.36 (KHTML, like Gecko) Chrome/43.0.2357.124 Safari/537.36"
187.234.182.76 - - [16/Jun/2015:16:53:04 -0500] "GET /favicon.ico HTTP/1.0" 200 361 "http://conektaradio.com/" "Mozilla/5.0 (Macintosh; Intel Mac OS X 10_9_5) AppleWebKit/537.36 (KHTML, like Gecko) Chrome/43.0.2357.124 Safari/537.36"
66.220.156.117 - - [16/Jun/2015:16:53:04 -0500] "GET /images/logo2.png HTTP/1.0" 404 294 "-" "facebookexternalhit/1.1 (+http://www.facebook.com/externalhit_uatext.php)"
66.220.156.118 - - [16/Jun/2015:16:53:04 -0500] "GET /images/logo2.png HTTP/1.0" 404 294 "-" "facebookexternalhit/1.0 (+http://www.facebook.com/externalhit_uatext.php)"
187.234.182.76 - - [16/Jun/2015:16:53:38 -0500] "GET / HTTP/1.0" 200 4300 "-" "Mozilla/5.0 (Macintosh; Intel Mac OS X 10_9_5) AppleWebKit/537.36 (KHTML, like Gecko) Chrome/43.0.2357.124 Safari/537.36"
187.234.182.76 - - [16/Jun/2015:16:53:38 -0500] "GET / HTTP/1.0" 200 4300 "-" "Mozilla/5.0 (Macintosh; Intel Mac OS X 10_9_5) AppleWebKit/537.36 (KHTML, like Gecko) Chrome/43.0.2357.124 Safari/537.36"
187.234.182.76 - - [16/Jun/2015:16:53:38 -0500] "GET / HTTP/1.0" 200 4300 "-" "Mozilla/5.0 (Macintosh; Intel Mac OS X 10_9_5) AppleWebKit/537.36 (KHTML, like Gecko) Chrome/43.0.2357.124 Safari/537.36"
187.234.182.76 - - [16/Jun/2015:16:53:38 -0500] "GET / HTTP/1.0" 200 4300 "-" "Mozilla/5.0 (Macintosh; Intel Mac OS X 10_9_5) AppleWebKit/537.36 (KHTML, like Gecko) Chrome/43.0.2357.124 Safari/537.36"
187.234.182.76 - - [16/Jun/2015:16:53:38 -0500] "GET / HTTP/1.0" 200 4300 "-" "Mozilla/5.0 (Macintosh; Intel Mac OS X 10_9_5) AppleWebKit/537.36 (KHTML, like Gecko) Chrome/43.0.2357.124 Safari/537.36"
187.234.182.76 - - [16/Jun/2015:16:53:38 -0500] "GET / HTTP/1.0" 200 4300 "-" "Mozilla/5.0 (Macintosh; Intel Mac OS X 10_9_5) AppleWebKit/537.36 (KHTML, like Gecko) Chrome/43.0.2357.124 Safari/537.36"
187.234.182.76 - - [16/Jun/2015:16:53:39 -0500] "GET / HTTP/1.0" 200 4300 "-" "Mozilla/5.0 (Macintosh; Intel Mac OS X 10_9_5) AppleWebKit/537.36 (KHTML, like Gecko) Chrome/43.0.2357.124 Safari/537.36"
187.234.182.76 - - [16/Jun/2015:16:53:39 -0500] "GET / HTTP/1.0" 200 4300 "-" "Mozilla/5.0 (Macintosh; Intel Mac OS X 10_9_5) AppleWebKit/537.36 (KHTML, like Gecko) Chrome/43.0.2357.124 Safari/537.36"
187.234.182.76 - - [16/Jun/2015:16:53:39 -0500] "GET / HTTP/1.0" 200 4300 "-" "Mozilla/5.0 (Macintosh; Intel Mac OS X 10_9_5) AppleWebKit/537.36 (KHTML, like Gecko) Chrome/43.0.2357.124 Safari/537.36"
187.234.182.76 - - [16/Jun/2015:16:53:39 -0500] "GET / HTTP/1.0" 200 4300 "-" "Mozilla/5.0 (Macintosh; Intel Mac OS X 10_9_5) AppleWebKit/537.36 (KHTML, like Gecko) Chrome/43.0.2357.124 Safari/537.36"
187.234.182.76 - - [16/Jun/2015:16:53:39 -0500] "GET / HTTP/1.0" 200 4300 "-" "Mozilla/5.0 (Macintosh; Intel Mac OS X 10_9_5) AppleWebKit/537.36 (KHTML, like Gecko) Chrome/43.0.2357.124 Safari/537.36"
187.234.182.76 - - [16/Jun/2015:16:53:39 -0500] "GET / HTTP/1.0" 200 4300 "-" "Mozilla/5.0 (Macintosh; Intel Mac OS X 10_9_5) AppleWebKit/537.36 (KHTML, like Gecko) Chrome/43.0.2357.124 Safari/537.36"
187.234.182.76 - - [16/Jun/2015:16:53:40 -0500] "GET / HTTP/1.0" 200 4300 "-" "Mozilla/5.0 (Macintosh; Intel Mac OS X 10_9_5) AppleWebKit/537.36 (KHTML, like Gecko) Chrome/43.0.2357.124 Safari/537.36"
187.234.182.76 - - [16/Jun/2015:16:53:40 -0500] "GET / HTTP/1.0" 200 4300 "-" "Mozilla/5.0 (Macintosh; Intel Mac OS X 10_9_5) AppleWebKit/537.36 (KHTML, like Gecko) Chrome/43.0.2357.124 Safari/537.36"
187.234.182.76 - - [16/Jun/2015:16:53:40 -0500] "GET / HTTP/1.0" 200 4300 "-" "Mozilla/5.0 (Macintosh; Intel Mac OS X 10_9_5) AppleWebKit/537.36 (KHTML, like Gecko) Chrome/43.0.2357.124 Safari/537.36"
187.234.182.76 - - [16/Jun/2015:16:53:40 -0500] "GET / HTTP/1.0" 200 4300 "-" "Mozilla/5.0 (Macintosh; Intel Mac OS X 10_9_5) AppleWebKit/537.36 (KHTML, like Gecko) Chrome/43.0.2357.124 Safari/537.36"
187.234.182.76 - - [16/Jun/2015:16:53:40 -0500] "GET / HTTP/1.0" 200 4300 "-" "Mozilla/5.0 (Macintosh; Intel Mac OS X 10_9_5) AppleWebKit/537.36 (KHTML, like Gecko) Chrome/43.0.2357.124 Safari/537.36"
187.234.182.76 - - [16/Jun/2015:16:53:41 -0500] "GET / HTTP/1.0" 200 4300 "-" "Mozilla/5.0 (Macintosh; Intel Mac OS X 10_9_5) AppleWebKit/537.36 (KHTML, like Gecko) Chrome/43.0.2357.124 Safari/537.36"
187.234.182.76 - - [16/Jun/2015:16:53:41 -0500] "GET / HTTP/1.0" 200 4300 "-" "Mozilla/5.0 (Macintosh; Intel Mac OS X 10_9_5) AppleWebKit/537.36 (KHTML, like Gecko) Chrome/43.0.2357.124 Safari/537.36"
187.234.182.76 - - [16/Jun/2015:16:53:41 -0500] "GET / HTTP/1.0" 200 4300 "-" "Mozilla/5.0 (Macintosh; Intel Mac OS X 10_9_5) AppleWebKit/537.36 (KHTML, like Gecko) Chrome/43.0.2357.124 Safari/537.36"
187.234.182.76 - - [16/Jun/2015:16:53:41 -0500] "GET / HTTP/1.0" 200 4300 "-" "Mozilla/5.0 (Macintosh; Intel Mac OS X 10_9_5) AppleWebKit/537.36 (KHTML, like Gecko) Chrome/43.0.2357.124 Safari/537.36"
187.234.182.76 - - [16/Jun/2015:16:53:41 -0500] "GET / HTTP/1.0" 200 4300 "-" "Mozilla/5.0 (Macintosh; Intel Mac OS X 10_9_5) AppleWebKit/537.36 (KHTML, like Gecko) Chrome/43.0.2357.124 Safari/537.36"
187.234.182.76 - - [16/Jun/2015:16:53:42 -0500] "GET / HTTP/1.0" 200 4300 "-" "Mozilla/5.0 (Macintosh; Intel Mac OS X 10_9_5) AppleWebKit/537.36 (KHTML, like Gecko) Chrome/43.0.2357.124 Safari/537.36"
187.234.182.76 - - [16/Jun/2015:16:53:42 -0500] "GET /favicon.ico HTTP/1.0" 200 361 "http://conektaradio.com/" "Mozilla/5.0 (Macintosh; Intel Mac OS X 10_9_5) AppleWebKit/537.36 (KHTML, like Gecko) Chrome/43.0.2357.124 Safari/537.36"
187.234.182.76 - - [16/Jun/2015:16:53:42 -0500] "GET / HTTP/1.0" 200 4300 "-" "Mozilla/5.0 (Macintosh; Intel Mac OS X 10_9_5) AppleWebKit/537.36 (KHTML, like Gecko) Chrome/43.0.2357.124 Safari/537.36"
187.234.182.76 - - [16/Jun/2015:16:53:42 -0500] "GET / HTTP/1.0" 200 4300 "-" "Mozilla/5.0 (Macintosh; Intel Mac OS X 10_9_5) AppleWebKit/537.36 (KHTML, like Gecko) Chrome/43.0.2357.124 Safari/537.36"
187.234.182.76 - - [16/Jun/2015:16:53:42 -0500] "GET /favicon.ico HTTP/1.0" 200 361 "http://conektaradio.com/" "Mozilla/5.0 (Macintosh; Intel Mac OS X 10_9_5) AppleWebKit/537.36 (KHTML, like Gecko) Chrome/43.0.2357.124 Safari/537.36"
187.234.182.76 - - [16/Jun/2015:16:53:42 -0500] "GET / HTTP/1.0" 200 4300 "-" "Mozilla/5.0 (Macintosh; Intel Mac OS X 10_9_5) AppleWebKit/537.36 (KHTML, like Gecko) Chrome/43.0.2357.124 Safari/537.36"
187.234.182.76 - - [16/Jun/2015:16:53:42 -0500] "GET / HTTP/1.0" 200 4300 "-" "Mozilla/5.0 (Macintosh; Intel Mac OS X 10_9_5) AppleWebKit/537.36 (KHTML, like Gecko) Chrome/43.0.2357.124 Safari/537.36"
187.234.182.76 - - [16/Jun/2015:16:53:42 -0500] "GET / HTTP/1.0" 200 4300 "-" "Mozilla/5.0 (Macintosh; Intel Mac OS X 10_9_5) AppleWebKit/537.36 (KHTML, like Gecko) Chrome/43.0.2357.124 Safari/537.36"
187.234.182.76 - - [16/Jun/2015:16:53:43 -0500] "GET / HTTP/1.0" 200 4300 "-" "Mozilla/5.0 (Macintosh; Intel Mac OS X 10_9_5) AppleWebKit/537.36 (KHTML, like Gecko) Chrome/43.0.2357.124 Safari/537.36"
187.234.182.76 - - [16/Jun/2015:16:53:43 -0500] "GET / HTTP/1.0" 200 4300 "-" "Mozilla/5.0 (Macintosh; Intel Mac OS X 10_9_5) AppleWebKit/537.36 (KHTML, like Gecko) Chrome/43.0.2357.124 Safari/537.36"
187.234.182.76 - - [16/Jun/2015:16:53:43 -0500] "GET / HTTP/1.0" 200 4300 "-" "Mozilla/5.0 (Macintosh; Intel Mac OS X 10_9_5) AppleWebKit/537.36 (KHTML, like Gecko) Chrome/43.0.2357.124 Safari/537.36"
187.234.182.76 - - [16/Jun/2015:16:53:43 -0500] "GET / HTTP/1.0" 200 4300 "-" "Mozilla/5.0 (Macintosh; Intel Mac OS X 10_9_5) AppleWebKit/537.36 (KHTML, like Gecko) Chrome/43.0.2357.124 Safari/537.36"
187.234.182.76 - - [16/Jun/2015:16:53:43 -0500] "GET / HTTP/1.0" 200 4300 "-" "Mozilla/5.0 (Macintosh; Intel Mac OS X 10_9_5) AppleWebKit/537.36 (KHTML, like Gecko) Chrome/43.0.2357.124 Safari/537.36"
187.234.182.76 - - [16/Jun/2015:16:53:44 -0500] "GET / HTTP/1.0" 200 4300 "-" "Mozilla/5.0 (Macintosh; Intel Mac OS X 10_9_5) AppleWebKit/537.36 (KHTML, like Gecko) Chrome/43.0.2357.124 Safari/537.36"
187.234.182.76 - - [16/Jun/2015:16:53:44 -0500] "GET / HTTP/1.0" 200 4300 "-" "Mozilla/5.0 (Macintosh; Intel Mac OS X 10_9_5) AppleWebKit/537.36 (KHTML, like Gecko) Chrome/43.0.2357.124 Safari/537.36"
187.234.182.76 - - [16/Jun/2015:16:53:44 -0500] "GET /favicon.ico HTTP/1.0" 200 361 "http://conektaradio.com/" "Mozilla/5.0 (Macintosh; Intel Mac OS X 10_9_5) AppleWebKit/537.36 (KHTML, like Gecko) Chrome/43.0.2357.124 Safari/537.36"
187.234.182.76 - - [16/Jun/2015:16:53:44 -0500] "GET /favicon.ico HTTP/1.0" 200 361 "http://conektaradio.com/" "Mozilla/5.0 (Macintosh; Intel Mac OS X 10_9_5) AppleWebKit/537.36 (KHTML, like Gecko) Chrome/43.0.2357.124 Safari/537.36"
187.234.182.76 - - [16/Jun/2015:16:53:44 -0500] "GET / HTTP/1.0" 200 4300 "-" "Mozilla/5.0 (Macintosh; Intel Mac OS X 10_9_5) AppleWebKit/537.36 (KHTML, like Gecko) Chrome/43.0.2357.124 Safari/537.36"
187.234.182.76 - - [16/Jun/2015:16:53:45 -0500] "GET / HTTP/1.0" 200 4300 "-" "Mozilla/5.0 (Macintosh; Intel Mac OS X 10_9_5) AppleWebKit/537.36 (KHTML, like Gecko) Chrome/43.0.2357.124 Safari/537.36"
187.234.182.76 - - [16/Jun/2015:16:53:45 -0500] "GET / HTTP/1.0" 200 4300 "-" "Mozilla/5.0 (Macintosh; Intel Mac OS X 10_9_5) AppleWebKit/537.36 (KHTML, like Gecko) Chrome/43.0.2357.124 Safari/537.36"
187.234.182.76 - - [16/Jun/2015:16:53:45 -0500] "GET / HTTP/1.0" 200 4300 "-" "Mozilla/5.0 (Macintosh; Intel Mac OS X 10_9_5) AppleWebKit/537.36 (KHTML, like Gecko) Chrome/43.0.2357.124 Safari/537.36"
187.234.182.76 - - [16/Jun/2015:16:53:45 -0500] "GET / HTTP/1.0" 200 4300 "-" "Mozilla/5.0 (Macintosh; Intel Mac OS X 10_9_5) AppleWebKit/537.36 (KHTML, like Gecko) Chrome/43.0.2357.124 Safari/537.36"
187.234.182.76 - - [16/Jun/2015:16:53:45 -0500] "GET / HTTP/1.0" 200 4300 "-" "Mozilla/5.0 (Macintosh; Intel Mac OS X 10_9_5) AppleWebKit/537.36 (KHTML, like Gecko) Chrome/43.0.2357.124 Safari/537.36"
187.234.182.76 - - [16/Jun/2015:16:53:45 -0500] "GET /favicon.ico HTTP/1.0" 200 361 "http://conektaradio.com/" "Mozilla/5.0 (Macintosh; Intel Mac OS X 10_9_5) AppleWebKit/537.36 (KHTML, like Gecko) Chrome/43.0.2357.124 Safari/537.36"
201.141.132.174 - - [16/Jun/2015:16:53:51 -0500] "GET / HTTP/1.0" 200 4300 "-" "Mozilla/5.0 (Macintosh; Intel Mac OS X 10_10_3) AppleWebKit/537.36 (KHTML, like Gecko) Chrome/43.0.2357.124 Safari/537.36"
201.141.132.174 - - [16/Jun/2015:16:53:56 -0500] "GET / HTTP/1.0" 200 4300 "-" "Mozilla/5.0 (Macintosh; Intel Mac OS X 10_10_3) AppleWebKit/537.36 (KHTML, like Gecko) Chrome/43.0.2357.124 Safari/537.36"
189.206.220.194 - - [16/Jun/2015:16:53:56 -0500] "GET / HTTP/1.0" 200 4300 "-" "Mozilla/5.0 (Windows NT 6.1; WOW64) AppleWebKit/537.36 (KHTML, like Gecko) Chrome/43.0.2357.124 Safari/537.36"
189.206.220.194 - - [16/Jun/2015:16:53:56 -0500] "GET /favicon.ico HTTP/1.0" 200 361 "http://conektaradio.com/" "Mozilla/5.0 (Windows NT 6.1; WOW64) AppleWebKit/537.36 (KHTML, like Gecko) Chrome/43.0.2357.124 Safari/537.36"
189.210.222.197 - - [16/Jun/2015:16:54:10 -0500] "GET / HTTP/1.0" 301 507 "http://m.facebook.com/" "Mozilla/5.0 (Linux; Android 5.0; LG-D855 Build/LRX21R.A1432189060; wv) AppleWebKit/537.36 (KHTML, like Gecko) Version/4.0 Chrome/43.0.2357.121 Mobile Safari/537.36 [FB_IAB/FB4A;FBAV/35.0.0.48.273;]"
189.210.222.197 - - [16/Jun/2015:16:54:11 -0500] "GET / HTTP/1.0" 200 4300 "http://m.facebook.com/" "Mozilla/5.0 (Linux; Android 5.0; LG-D855 Build/LRX21R.A1432189060; wv) AppleWebKit/537.36 (KHTML, like Gecko) Version/4.0 Chrome/43.0.2357.121 Mobile Safari/537.36 [FB_IAB/FB4A;FBAV/35.0.0.48.273;]"
189.210.222.197 - - [16/Jun/2015:16:54:15 -0500] "GET / HTTP/1.0" 301 507 "-" "Mozilla/5.0 (Linux; Android 5.0; LG-D855 Build/LRX21R.A1432189060) AppleWebKit/537.36 (KHTML, like Gecko) Chrome/43.0.2357.93 Mobile Safari/537.36"
189.210.222.197 - - [16/Jun/2015:16:54:15 -0500] "GET / HTTP/1.0" 200 4300 "-" "Mozilla/5.0 (Linux; Android 5.0; LG-D855 Build/LRX21R.A1432189060) AppleWebKit/537.36 (KHTML, like Gecko) Chrome/43.0.2357.93 Mobile Safari/537.36"
189.206.220.194 - - [16/Jun/2015:16:54:17 -0500] "GET / HTTP/1.0" 200 4300 "-" "Mozilla/5.0 (Windows NT 6.1; WOW64) AppleWebKit/537.36 (KHTML, like Gecko) Chrome/43.0.2357.124 Safari/537.36"
189.210.222.197 - - [16/Jun/2015:16:54:19 -0500] "GET / HTTP/1.0" 200 4300 "-" "Mozilla/5.0 (Windows NT 6.3; WOW64) AppleWebKit/537.36 (KHTML, like Gecko) Chrome/43.0.2357.124 Safari/537.36"
189.210.222.197 - - [16/Jun/2015:16:54:20 -0500] "GET /favicon.ico HTTP/1.0" 200 361 "http://conektaradio.com/" "Mozilla/5.0 (Windows NT 6.3; WOW64) AppleWebKit/537.36 (KHTML, like Gecko) Chrome/43.0.2357.124 Safari/537.36"
189.210.222.197 - - [16/Jun/2015:16:54:21 -0500] "GET / HTTP/1.0" 200 4300 "-" "Mozilla/5.0 (Windows NT 6.3; WOW64) AppleWebKit/537.36 (KHTML, like Gecko) Chrome/43.0.2357.124 Safari/537.36"
189.210.222.197 - - [16/Jun/2015:16:54:22 -0500] "GET /favicon.ico HTTP/1.0" 200 361 "http://conektaradio.com/" "Mozilla/5.0 (Windows NT 6.3; WOW64) AppleWebKit/537.36 (KHTML, like Gecko) Chrome/43.0.2357.124 Safari/537.36"
187.234.182.76 - - [16/Jun/2015:16:54:27 -0500] "GET / HTTP/1.0" 200 4300 "-" "Mozilla/5.0 (Macintosh; Intel Mac OS X 10_9_5) AppleWebKit/537.36 (KHTML, like Gecko) Chrome/43.0.2357.124 Safari/537.36"
187.234.182.76 - - [16/Jun/2015:16:54:27 -0500] "GET / HTTP/1.0" 200 4300 "-" "Mozilla/5.0 (Macintosh; Intel Mac OS X 10_9_5) AppleWebKit/537.36 (KHTML, like Gecko) Chrome/43.0.2357.124 Safari/537.36"
187.234.182.76 - - [16/Jun/2015:16:54:27 -0500] "GET / HTTP/1.0" 200 4300 "-" "Mozilla/5.0 (Macintosh; Intel Mac OS X 10_9_5) AppleWebKit/537.36 (KHTML, like Gecko) Chrome/43.0.2357.124 Safari/537.36"
187.234.182.76 - - [16/Jun/2015:16:54:27 -0500] "GET / HTTP/1.0" 200 4300 "-" "Mozilla/5.0 (Macintosh; Intel Mac OS X 10_9_5) AppleWebKit/537.36 (KHTML, like Gecko) Chrome/43.0.2357.124 Safari/537.36"
201.141.132.174 - - [16/Jun/2015:16:54:27 -0500] "GET / HTTP/1.0" 200 4300 "https://www.google.com.mx/" "Mozilla/5.0 (Macintosh; Intel Mac OS X 10_10_3) AppleWebKit/537.36 (KHTML, like Gecko) Chrome/43.0.2357.124 Safari/537.36"
187.234.182.76 - - [16/Jun/2015:16:54:28 -0500] "GET /favicon.ico HTTP/1.0" 200 361 "http://conektaradio.com/" "Mozilla/5.0 (Macintosh; Intel Mac OS X 10_9_5) AppleWebKit/537.36 (KHTML, like Gecko) Chrome/43.0.2357.124 Safari/537.36"
187.234.182.76 - - [16/Jun/2015:16:54:28 -0500] "GET / HTTP/1.0" 200 4300 "-" "Mozilla/5.0 (Macintosh; Intel Mac OS X 10_9_5) AppleWebKit/537.36 (KHTML, like Gecko) Chrome/43.0.2357.124 Safari/537.36"
187.234.182.76 - - [16/Jun/2015:16:54:28 -0500] "GET / HTTP/1.0" 200 4300 "-" "Mozilla/5.0 (Macintosh; Intel Mac OS X 10_9_5) AppleWebKit/537.36 (KHTML, like Gecko) Chrome/43.0.2357.124 Safari/537.36"
187.234.182.76 - - [16/Jun/2015:16:54:28 -0500] "GET / HTTP/1.0" 200 4300 "-" "Mozilla/5.0 (Macintosh; Intel Mac OS X 10_9_5) AppleWebKit/537.36 (KHTML, like Gecko) Chrome/43.0.2357.124 Safari/537.36"
187.234.182.76 - - [16/Jun/2015:16:54:28 -0500] "GET /favicon.ico HTTP/1.0" 200 361 "http://conektaradio.com/" "Mozilla/5.0 (Macintosh; Intel Mac OS X 10_9_5) AppleWebKit/537.36 (KHTML, like Gecko) Chrome/43.0.2357.124 Safari/537.36"
187.234.182.76 - - [16/Jun/2015:16:54:28 -0500] "GET / HTTP/1.0" 200 4300 "-" "Mozilla/5.0 (Macintosh; Intel Mac OS X 10_9_5) AppleWebKit/537.36 (KHTML, like Gecko) Chrome/43.0.2357.124 Safari/537.36"
187.234.182.76 - - [16/Jun/2015:16:54:28 -0500] "GET / HTTP/1.0" 200 4300 "-" "Mozilla/5.0 (Macintosh; Intel Mac OS X 10_9_5) AppleWebKit/537.36 (KHTML, like Gecko) Chrome/43.0.2357.124 Safari/537.36"
187.234.182.76 - - [16/Jun/2015:16:54:28 -0500] "GET / HTTP/1.0" 200 4300 "-" "Mozilla/5.0 (Macintosh; Intel Mac OS X 10_9_5) AppleWebKit/537.36 (KHTML, like Gecko) Chrome/43.0.2357.124 Safari/537.36"
187.234.182.76 - - [16/Jun/2015:16:54:29 -0500] "GET / HTTP/1.0" 200 4300 "-" "Mozilla/5.0 (Macintosh; Intel Mac OS X 10_9_5) AppleWebKit/537.36 (KHTML, like Gecko) Chrome/43.0.2357.124 Safari/537.36"
187.234.182.76 - - [16/Jun/2015:16:54:29 -0500] "GET / HTTP/1.0" 200 4300 "-" "Mozilla/5.0 (Macintosh; Intel Mac OS X 10_9_5) AppleWebKit/537.36 (KHTML, like Gecko) Chrome/43.0.2357.124 Safari/537.36"
187.234.182.76 - - [16/Jun/2015:16:54:29 -0500] "GET / HTTP/1.0" 200 4300 "-" "Mozilla/5.0 (Macintosh; Intel Mac OS X 10_9_5) AppleWebKit/537.36 (KHTML, like Gecko) Chrome/43.0.2357.124 Safari/537.36"
66.249.85.247 - - [16/Jun/2015:16:54:28 -0500] "GET / HTTP/1.0" 200 4300 "http://www.google.com.mx/" "Mozilla/5.0 (Linux; Android 4.4.4; XT1032 Build/KXB21.14-L1.40) AppleWebKit/537.36 (KHTML, like Gecko) Chrome/39.0.2171.93 Mobile Safari/537.36"
187.234.182.76 - - [16/Jun/2015:16:54:29 -0500] "GET / HTTP/1.0" 200 4300 "-" "Mozilla/5.0 (Macintosh; Intel Mac OS X 10_9_5) AppleWebKit/537.36 (KHTML, like Gecko) Chrome/43.0.2357.124 Safari/537.36"
187.234.182.76 - - [16/Jun/2015:16:54:29 -0500] "GET / HTTP/1.0" 200 4300 "-" "Mozilla/5.0 (Macintosh; Intel Mac OS X 10_9_5) AppleWebKit/537.36 (KHTML, like Gecko) Chrome/43.0.2357.124 Safari/537.36"
187.234.182.76 - - [16/Jun/2015:16:54:30 -0500] "GET / HTTP/1.0" 200 4300 "-" "Mozilla/5.0 (Macintosh; Intel Mac OS X 10_9_5) AppleWebKit/537.36 (KHTML, like Gecko) Chrome/43.0.2357.124 Safari/537.36"
187.234.182.76 - - [16/Jun/2015:16:54:30 -0500] "GET / HTTP/1.0" 200 4300 "-" "Mozilla/5.0 (Macintosh; Intel Mac OS X 10_9_5) AppleWebKit/537.36 (KHTML, like Gecko) Chrome/43.0.2357.124 Safari/537.36"
187.234.182.76 - - [16/Jun/2015:16:54:30 -0500] "GET / HTTP/1.0" 200 4300 "-" "Mozilla/5.0 (Macintosh; Intel Mac OS X 10_9_5) AppleWebKit/537.36 (KHTML, like Gecko) Chrome/43.0.2357.124 Safari/537.36"
187.234.182.76 - - [16/Jun/2015:16:54:30 -0500] "GET / HTTP/1.0" 200 4300 "-" "Mozilla/5.0 (Macintosh; Intel Mac OS X 10_9_5) AppleWebKit/537.36 (KHTML, like Gecko) Chrome/43.0.2357.124 Safari/537.36"
187.234.182.76 - - [16/Jun/2015:16:54:30 -0500] "GET / HTTP/1.0" 200 4300 "-" "Mozilla/5.0 (Macintosh; Intel Mac OS X 10_9_5) AppleWebKit/537.36 (KHTML, like Gecko) Chrome/43.0.2357.124 Safari/537.36"
187.234.182.76 - - [16/Jun/2015:16:54:31 -0500] "GET / HTTP/1.0" 200 4300 "-" "Mozilla/5.0 (Macintosh; Intel Mac OS X 10_9_5) AppleWebKit/537.36 (KHTML, like Gecko) Chrome/43.0.2357.124 Safari/537.36"
187.234.182.76 - - [16/Jun/2015:16:54:31 -0500] "GET / HTTP/1.0" 200 4300 "-" "Mozilla/5.0 (Macintosh; Intel Mac OS X 10_9_5) AppleWebKit/537.36 (KHTML, like Gecko) Chrome/43.0.2357.124 Safari/537.36"
187.234.182.76 - - [16/Jun/2015:16:54:31 -0500] "GET /favicon.ico HTTP/1.0" 200 361 "http://conektaradio.com/" "Mozilla/5.0 (Macintosh; Intel Mac OS X 10_9_5) AppleWebKit/537.36 (KHTML, like Gecko) Chrome/43.0.2357.124 Safari/537.36"
187.234.182.76 - - [16/Jun/2015:16:54:31 -0500] "GET / HTTP/1.0" 200 4300 "-" "Mozilla/5.0 (Macintosh; Intel Mac OS X 10_9_5) AppleWebKit/537.36 (KHTML, like Gecko) Chrome/43.0.2357.124 Safari/537.36"
187.234.182.76 - - [16/Jun/2015:16:54:31 -0500] "GET / HTTP/1.0" 200 4300 "-" "Mozilla/5.0 (Macintosh; Intel Mac OS X 10_9_5) AppleWebKit/537.36 (KHTML, like Gecko) Chrome/43.0.2357.124 Safari/537.36"
187.234.182.76 - - [16/Jun/2015:16:54:31 -0500] "GET / HTTP/1.0" 200 4300 "-" "Mozilla/5.0 (Macintosh; Intel Mac OS X 10_9_5) AppleWebKit/537.36 (KHTML, like Gecko) Chrome/43.0.2357.124 Safari/537.36"
187.234.182.76 - - [16/Jun/2015:16:54:31 -0500] "GET / HTTP/1.0" 200 4300 "-" "Mozilla/5.0 (Macintosh; Intel Mac OS X 10_9_5) AppleWebKit/537.36 (KHTML, like Gecko) Chrome/43.0.2357.124 Safari/537.36"
187.234.182.76 - - [16/Jun/2015:16:54:32 -0500] "GET / HTTP/1.0" 200 4300 "-" "Mozilla/5.0 (Macintosh; Intel Mac OS X 10_9_5) AppleWebKit/537.36 (KHTML, like Gecko) Chrome/43.0.2357.124 Safari/537.36"
187.234.182.76 - - [16/Jun/2015:16:54:32 -0500] "GET / HTTP/1.0" 200 4300 "-" "Mozilla/5.0 (Macintosh; Intel Mac OS X 10_9_5) AppleWebKit/537.36 (KHTML, like Gecko) Chrome/43.0.2357.124 Safari/537.36"
187.234.182.76 - - [16/Jun/2015:16:54:32 -0500] "GET / HTTP/1.0" 200 4300 "-" "Mozilla/5.0 (Macintosh; Intel Mac OS X 10_9_5) AppleWebKit/537.36 (KHTML, like Gecko) Chrome/43.0.2357.124 Safari/537.36"
187.234.182.76 - - [16/Jun/2015:16:54:32 -0500] "GET /favicon.ico HTTP/1.0" 200 361 "http://conektaradio.com/" "Mozilla/5.0 (Macintosh; Intel Mac OS X 10_9_5) AppleWebKit/537.36 (KHTML, like Gecko) Chrome/43.0.2357.124 Safari/537.36"
189.206.220.194 - - [16/Jun/2015:16:55:07 -0500] "GET / HTTP/1.0" 200 4300 "-" "Mozilla/5.0 (compatible; MSIE 10.0; Windows NT 6.1; WOW64; Trident/6.0)"
189.206.220.194 - - [16/Jun/2015:16:55:07 -0500] "GET /favicon.ico HTTP/1.0" 200 361 "-" "Mozilla/5.0 (compatible; MSIE 10.0; Windows NT 6.1; Win64; x64; Trident/6.0)"
187.234.182.76 - - [16/Jun/2015:16:55:23 -0500] "GET / HTTP/1.0" 200 4300 "-" "Mozilla/5.0 (Macintosh; Intel Mac OS X 10_9_5) AppleWebKit/537.36 (KHTML, like Gecko) Chrome/43.0.2357.124 Safari/537.36"
187.234.182.76 - - [16/Jun/2015:16:55:23 -0500] "GET / HTTP/1.0" 200 4300 "-" "Mozilla/5.0 (Macintosh; Intel Mac OS X 10_9_5) AppleWebKit/537.36 (KHTML, like Gecko) Chrome/43.0.2357.124 Safari/537.36"
187.234.182.76 - - [16/Jun/2015:16:55:24 -0500] "GET / HTTP/1.0" 200 4300 "-" "Mozilla/5.0 (Macintosh; Intel Mac OS X 10_9_5) AppleWebKit/537.36 (KHTML, like Gecko) Chrome/43.0.2357.124 Safari/537.36"
187.234.182.76 - - [16/Jun/2015:16:55:24 -0500] "GET / HTTP/1.0" 200 4300 "-" "Mozilla/5.0 (Macintosh; Intel Mac OS X 10_9_5) AppleWebKit/537.36 (KHTML, like Gecko) Chrome/43.0.2357.124 Safari/537.36"
187.234.182.76 - - [16/Jun/2015:16:55:24 -0500] "GET / HTTP/1.0" 200 4300 "-" "Mozilla/5.0 (Macintosh; Intel Mac OS X 10_9_5) AppleWebKit/537.36 (KHTML, like Gecko) Chrome/43.0.2357.124 Safari/537.36"
187.234.182.76 - - [16/Jun/2015:16:55:24 -0500] "GET / HTTP/1.0" 200 4300 "-" "Mozilla/5.0 (Macintosh; Intel Mac OS X 10_9_5) AppleWebKit/537.36 (KHTML, like Gecko) Chrome/43.0.2357.124 Safari/537.36"
187.234.182.76 - - [16/Jun/2015:16:55:24 -0500] "GET / HTTP/1.0" 200 4300 "-" "Mozilla/5.0 (Macintosh; Intel Mac OS X 10_9_5) AppleWebKit/537.36 (KHTML, like Gecko) Chrome/43.0.2357.124 Safari/537.36"
187.234.182.76 - - [16/Jun/2015:16:55:25 -0500] "GET / HTTP/1.0" 200 4300 "-" "Mozilla/5.0 (Macintosh; Intel Mac OS X 10_9_5) AppleWebKit/537.36 (KHTML, like Gecko) Chrome/43.0.2357.124 Safari/537.36"
187.234.182.76 - - [16/Jun/2015:16:55:25 -0500] "GET / HTTP/1.0" 200 4300 "-" "Mozilla/5.0 (Macintosh; Intel Mac OS X 10_9_5) AppleWebKit/537.36 (KHTML, like Gecko) Chrome/43.0.2357.124 Safari/537.36"
187.234.182.76 - - [16/Jun/2015:16:55:25 -0500] "GET / HTTP/1.0" 200 4300 "-" "Mozilla/5.0 (Macintosh; Intel Mac OS X 10_9_5) AppleWebKit/537.36 (KHTML, like Gecko) Chrome/43.0.2357.124 Safari/537.36"
187.234.182.76 - - [16/Jun/2015:16:55:25 -0500] "GET / HTTP/1.0" 200 4300 "-" "Mozilla/5.0 (Macintosh; Intel Mac OS X 10_9_5) AppleWebKit/537.36 (KHTML, like Gecko) Chrome/43.0.2357.124 Safari/537.36"
187.234.182.76 - - [16/Jun/2015:16:55:25 -0500] "GET / HTTP/1.0" 200 4300 "-" "Mozilla/5.0 (Macintosh; Intel Mac OS X 10_9_5) AppleWebKit/537.36 (KHTML, like Gecko) Chrome/43.0.2357.124 Safari/537.36"
187.234.182.76 - - [16/Jun/2015:16:55:25 -0500] "GET / HTTP/1.0" 200 4300 "-" "Mozilla/5.0 (Macintosh; Intel Mac OS X 10_9_5) AppleWebKit/537.36 (KHTML, like Gecko) Chrome/43.0.2357.124 Safari/537.36"
187.234.182.76 - - [16/Jun/2015:16:55:26 -0500] "GET /favicon.ico HTTP/1.0" 200 361 "http://conektaradio.com/" "Mozilla/5.0 (Macintosh; Intel Mac OS X 10_9_5) AppleWebKit/537.36 (KHTML, like Gecko) Chrome/43.0.2357.124 Safari/537.36"
173.252.112.115 - - [16/Jun/2015:16:55:54 -0500] "GET /images/logo2.png HTTP/1.0" 404 294 "-" "facebookexternalhit/1.1 (+http://www.facebook.com/externalhit_uatext.php)"
173.252.112.115 - - [16/Jun/2015:16:55:54 -0500] "GET /images/logo2.png HTTP/1.0" 404 294 "-" "facebookexternalhit/1.0 (+http://www.facebook.com/externalhit_uatext.php)"
173.252.112.113 - - [16/Jun/2015:16:56:11 -0500] "GET /images/logo2.png HTTP/1.0" 404 294 "-" "facebookexternalhit/1.1 (+http://www.facebook.com/externalhit_uatext.php)"
173.252.112.112 - - [16/Jun/2015:16:56:12 -0500] "GET /images/logo2.png HTTP/1.0" 404 294 "-" "facebookexternalhit/1.0 (+http://www.facebook.com/externalhit_uatext.php)"
189.210.222.197 - - [16/Jun/2015:16:56:13 -0500] "GET / HTTP/1.0" 200 4300 "-" "Mozilla/5.0 (Linux; Android 5.0; LG-D855 Build/LRX21R.A1432189060) AppleWebKit/537.36 (KHTML, like Gecko) Chrome/43.0.2357.93 Mobile Safari/537.36"
189.210.222.197 - - [16/Jun/2015:16:56:13 -0500] "GET /favicon.ico HTTP/1.0" 200 361 "http://conektaradio.com/" "Mozilla/5.0 (Linux; Android 5.0; LG-D855 Build/LRX21R.A1432189060) AppleWebKit/537.36 (KHTML, like Gecko) Chrome/43.0.2357.93 Mobile Safari/537.36"
187.189.209.164 - - [16/Jun/2015:16:56:20 -0500] "GET / HTTP/1.0" 301 507 "https://www.facebook.com/" "Mozilla/5.0 (Macintosh; Intel Mac OS X 10_10_3) AppleWebKit/537.36 (KHTML, like Gecko) Chrome/43.0.2357.124 Safari/537.36"
187.189.209.164 - - [16/Jun/2015:16:56:20 -0500] "GET / HTTP/1.0" 200 4300 "https://www.facebook.com/" "Mozilla/5.0 (Macintosh; Intel Mac OS X 10_10_3) AppleWebKit/537.36 (KHTML, like Gecko) Chrome/43.0.2357.124 Safari/537.36"
189.210.222.197 - - [16/Jun/2015:16:56:23 -0500] "GET / HTTP/1.0" 200 4300 "-" "Mozilla/5.0 (Windows NT 6.3; WOW64) AppleWebKit/537.36 (KHTML, like Gecko) Chrome/43.0.2357.124 Safari/537.36"
189.210.222.197 - - [16/Jun/2015:16:56:23 -0500] "GET /favicon.ico HTTP/1.0" 200 361 "http://conektaradio.com/" "Mozilla/5.0 (Windows NT 6.3; WOW64) AppleWebKit/537.36 (KHTML, like Gecko) Chrome/43.0.2357.124 Safari/537.36"
199.59.148.210 - - [16/Jun/2015:16:56:28 -0500] "GET /robots.txt HTTP/1.0" 301 527 "-" "Twitterbot/1.0"
199.59.148.211 - - [16/Jun/2015:16:56:28 -0500] "GET /robots.txt HTTP/1.0" 301 527 "-" "Twitterbot/1.0"
199.59.148.210 - - [16/Jun/2015:16:56:28 -0500] "GET / HTTP/1.0" 301 507 "-" "Twitterbot/1.0"
199.59.148.211 - - [16/Jun/2015:16:56:28 -0500] "GET / HTTP/1.0" 301 507 "-" "Twitterbot/1.0"
199.59.148.210 - - [16/Jun/2015:16:56:28 -0500] "GET /robots.txt HTTP/1.0" 404 374 "-" "Twitterbot/1.0"
199.59.148.210 - - [16/Jun/2015:16:56:28 -0500] "GET / HTTP/1.0" 200 4300 "-" "Twitterbot/1.0"
23.29.122.202 - - [16/Jun/2015:16:56:28 -0500] "HEAD / HTTP/1.0" 301 254 "-" "MetaURI API/2.0 +metauri.com"
23.29.122.202 - - [16/Jun/2015:16:56:28 -0500] "HEAD / HTTP/1.0" 200 278 "-" "MetaURI API/2.0 +metauri.com"
198.27.66.195 - - [16/Jun/2015:16:56:28 -0500] "GET / HTTP/1.0" 301 507 "http://www.conektaradio.com" "LivelapBot/0.2 (http://site.livelap.com/crawler)"
198.27.66.195 - - [16/Jun/2015:16:56:28 -0500] "GET / HTTP/1.0" 301 507 "http://fb.me/7mjlqN0qd" "LivelapBot/0.2 (http://site.livelap.com/crawler)"
23.29.122.202 - - [16/Jun/2015:16:56:28 -0500] "GET / HTTP/1.0" 200 15684 "-" "MetaURI API/2.0 +metauri.com"
199.59.148.210 - - [16/Jun/2015:16:56:28 -0500] "GET /images/logo3.png HTTP/1.0" 200 362 "-" "Twitterbot/1.0"
46.236.24.53 - - [16/Jun/2015:16:56:29 -0500] "GET / HTTP/1.0" 301 507 "-" "Mozilla/5.0 (TweetmemeBot/4.0; +http://datasift.com/bot.html) Gecko/20100101 Firefox/31.0"
46.236.24.53 - - [16/Jun/2015:16:56:29 -0500] "GET / HTTP/1.0" 301 507 "-" "Mozilla/5.0 (TweetmemeBot/4.0; +http://datasift.com/bot.html) Gecko/20100101 Firefox/31.0"
198.27.66.195 - - [16/Jun/2015:16:56:29 -0500] "GET / HTTP/1.0" 200 4300 "http://www.conektaradio.com" "LivelapBot/0.2 (http://site.livelap.com/crawler)"
17.142.151.92 - - [16/Jun/2015:16:56:29 -0500] "GET / HTTP/1.0" 301 507 "-" "Mozilla/5.0 (Macintosh; Intel Mac OS X 10_10_1) AppleWebKit/600.2.5 (KHTML, like Gecko) Version/8.0.2 Safari/600.2.5 (Applebot/0.1; +http://www.apple.com/go/applebot)"
198.27.66.195 - - [16/Jun/2015:16:56:29 -0500] "GET /images/logo2.png HTTP/1.0" 404 294 "-" "LivelapBot/0.2 (http://site.livelap.com/crawler)"
17.142.151.92 - - [16/Jun/2015:16:56:29 -0500] "GET / HTTP/1.0" 200 4300 "-" "Mozilla/5.0 (Macintosh; Intel Mac OS X 10_10_1) AppleWebKit/600.2.5 (KHTML, like Gecko) Version/8.0.2 Safari/600.2.5 (Applebot/0.1; +http://www.apple.com/go/applebot)"
46.236.24.53 - - [16/Jun/2015:16:56:29 -0500] "GET / HTTP/1.0" 200 15684 "-" "Mozilla/5.0 (TweetmemeBot/4.0; +http://datasift.com/bot.html) Gecko/20100101 Firefox/31.0"
17.142.151.92 - - [16/Jun/2015:16:56:29 -0500] "GET / HTTP/1.0" 301 507 "-" "Mozilla/5.0 (Macintosh; Intel Mac OS X 10_10_1) AppleWebKit/600.2.5 (KHTML, like Gecko) Version/8.0.2 Safari/600.2.5 (Applebot/0.1; +http://www.apple.com/go/applebot)"
54.241.198.78 - - [16/Jun/2015:16:56:29 -0500] "HEAD / HTTP/1.0" 301 254 "-" "Google-HTTP-Java-Client/1.17.0-rc (gzip)"
74.6.254.138 - - [16/Jun/2015:16:56:29 -0500] "GET /robots.txt HTTP/1.0" 301 527 "-" "Mozilla/5.0 (compatible; Yahoo! Slurp; http://help.yahoo.com/help/us/ysearch/slurp)"
54.241.198.78 - - [16/Jun/2015:16:56:29 -0500] "HEAD / HTTP/1.0" 301 254 "-" "Google-HTTP-Java-Client/1.17.0-rc (gzip)"
199.59.148.210 - - [16/Jun/2015:16:56:28 -0500] "GET /robots.txt HTTP/1.0" 404 374 "-" "Twitterbot/1.0"
54.241.198.78 - - [16/Jun/2015:16:56:29 -0500] "HEAD / HTTP/1.0" 200 278 "-" "Google-HTTP-Java-Client/1.17.0-rc (gzip)"
74.6.254.138 - - [16/Jun/2015:16:56:29 -0500] "GET / HTTP/1.0" 301 507 "-" "Mozilla/5.0 (compatible; Yahoo! Slurp; http://help.yahoo.com/help/us/ysearch/slurp)"
54.241.198.78 - - [16/Jun/2015:16:56:29 -0500] "HEAD / HTTP/1.0" 200 278 "-" "Google-HTTP-Java-Client/1.17.0-rc (gzip)"
54.241.198.78 - - [16/Jun/2015:16:56:30 -0500] "HEAD / HTTP/1.0" 200 278 "-" "Google-HTTP-Java-Client/1.17.0-rc (gzip)"
198.27.66.195 - - [16/Jun/2015:16:56:29 -0500] "GET / HTTP/1.0" 200 4300 "http://fb.me/7mjlqN0qd" "LivelapBot/0.2 (http://site.livelap.com/crawler)"
199.59.148.210 - - [16/Jun/2015:16:56:30 -0500] "GET / HTTP/1.0" 200 4300 "-" "Twitterbot/1.0"
198.27.66.195 - - [16/Jun/2015:16:56:30 -0500] "GET /images/logo2.png HTTP/1.0" 404 294 "-" "LivelapBot/0.2 (http://site.livelap.com/crawler)"
74.6.254.128 - - [16/Jun/2015:16:56:30 -0500] "GET /robots.txt HTTP/1.0" 404 310 "-" "Mozilla/5.0 (compatible; Yahoo! Slurp; http://help.yahoo.com/help/us/ysearch/slurp)"
74.6.254.128 - - [16/Jun/2015:16:56:30 -0500] "GET / HTTP/1.0" 200 15684 "-" "Mozilla/5.0 (compatible; Yahoo! Slurp; http://help.yahoo.com/help/us/ysearch/slurp)"
199.59.148.210 - - [16/Jun/2015:16:56:30 -0500] "GET /robots.txt HTTP/1.0" 404 374 "-" "Twitterbot/1.0"
199.59.148.210 - - [16/Jun/2015:16:56:30 -0500] "GET /images/logo2.png HTTP/1.0" 404 294 "-" "Twitterbot/1.0"
23.96.208.137 - - [16/Jun/2015:16:56:32 -0500] "GET / HTTP/1.0" 301 507 "-" "Mozilla/5.0 (compatible; MSIE 10.0; Windows NT 6.1; Trident/6.0)"
23.96.208.137 - - [16/Jun/2015:16:56:32 -0500] "GET / HTTP/1.0" 200 4300 "-" "Mozilla/5.0 (compatible; MSIE 10.0; Windows NT 6.1; Trident/6.0)"
23.29.122.195 - - [16/Jun/2015:16:56:34 -0500] "HEAD / HTTP/1.0" 301 254 "-" "MetaURI API/2.0 +metauri.com"
23.29.122.195 - - [16/Jun/2015:16:56:35 -0500] "HEAD / HTTP/1.0" 200 278 "-" "MetaURI API/2.0 +metauri.com"
23.227.176.34 - - [16/Jun/2015:16:56:36 -0500] "HEAD / HTTP/1.0" 301 254 "-" "MetaURI API/2.0 +metauri.com"
23.227.176.34 - - [16/Jun/2015:16:56:36 -0500] "HEAD / HTTP/1.0" 200 278 "-" "MetaURI API/2.0 +metauri.com"
173.252.74.114 - - [16/Jun/2015:16:56:38 -0500] "GET /images/logo2.png HTTP/1.0" 404 294 "-" "facebookexternalhit/1.1 (+http://www.facebook.com/externalhit_uatext.php)"
173.252.74.113 - - [16/Jun/2015:16:56:38 -0500] "GET /images/logo2.png HTTP/1.0" 404 294 "-" "facebookexternalhit/1.0 (+http://www.facebook.com/externalhit_uatext.php)"
23.29.122.195 - - [16/Jun/2015:16:56:40 -0500] "GET / HTTP/1.0" 200 15684 "-" "MetaURI API/2.0 +metauri.com"
54.152.190.75 - - [16/Jun/2015:16:56:41 -0500] "HEAD / HTTP/1.0" 301 254 "-" "Mozilla/5.0 (compatible; OpenHoseBot/2.1; +http://www.openhose.org/bot.html)"
54.152.190.75 - - [16/Jun/2015:16:56:41 -0500] "HEAD / HTTP/1.0" 301 254 "-" "Mozilla/5.0 (compatible; OpenHoseBot/2.1; +http://www.openhose.org/bot.html)"
54.152.190.75 - - [16/Jun/2015:16:56:41 -0500] "HEAD / HTTP/1.0" 200 278 "-" "Mozilla/5.0 (compatible; OpenHoseBot/2.1; +http://www.openhose.org/bot.html)"
54.152.190.75 - - [16/Jun/2015:16:56:42 -0500] "GET / HTTP/1.0" 301 507 "-" "Mozilla/5.0 (compatible; OpenHoseBot/2.1; +http://www.openhose.org/bot.html)"
54.152.190.75 - - [16/Jun/2015:16:56:42 -0500] "GET / HTTP/1.0" 200 4300 "-" "Mozilla/5.0 (compatible; OpenHoseBot/2.1; +http://www.openhose.org/bot.html)"
54.152.190.75 - - [16/Jun/2015:16:56:41 -0500] "HEAD / HTTP/1.0" 200 278 "-" "Mozilla/5.0 (compatible; OpenHoseBot/2.1; +http://www.openhose.org/bot.html)"
54.152.190.75 - - [16/Jun/2015:16:56:43 -0500] "GET / HTTP/1.0" 301 507 "-" "Mozilla/5.0 (compatible; OpenHoseBot/2.1; +http://www.openhose.org/bot.html)"
54.152.190.75 - - [16/Jun/2015:16:56:43 -0500] "GET / HTTP/1.0" 200 4300 "-" "Mozilla/5.0 (compatible; OpenHoseBot/2.1; +http://www.openhose.org/bot.html)"
23.227.176.34 - - [16/Jun/2015:16:56:47 -0500] "GET / HTTP/1.0" 200 15684 "-" "MetaURI API/2.0 +metauri.com"
173.252.120.112 - - [16/Jun/2015:16:56:50 -0500] "GET /images/logo2.png HTTP/1.0" 404 294 "-" "facebookexternalhit/1.1 (+http://www.facebook.com/externalhit_uatext.php)"
173.252.120.113 - - [16/Jun/2015:16:56:50 -0500] "GET /images/logo2.png HTTP/1.0" 404 294 "-" "facebookexternalhit/1.0 (+http://www.facebook.com/externalhit_uatext.php)"
74.6.254.138 - - [16/Jun/2015:16:57:00 -0500] "HEAD / HTTP/1.0" 301 254 "-" "Mozilla/5.0 (compatible; Yahoo! Slurp; http://help.yahoo.com/help/us/ysearch/slurp)"
74.6.254.128 - - [16/Jun/2015:16:57:00 -0500] "HEAD / HTTP/1.0" 200 322 "-" "Mozilla/5.0 (compatible; Yahoo! Slurp; http://help.yahoo.com/help/us/ysearch/slurp)"
189.203.217.113 - - [16/Jun/2015:16:57:16 -0500] "GET / HTTP/1.0" 301 507 "http://m.facebook.com/" "Mozilla/5.0 (Linux; Android 4.4.2; GT-I9500 Build/KOT49H) AppleWebKit/537.36 (KHTML, like Gecko) Version/4.0 Chrome/30.0.0.0 Mobile Safari/537.36 [FB_IAB/FB4A;FBAV/35.0.0.48.273;]"
189.203.217.113 - - [16/Jun/2015:16:57:16 -0500] "GET / HTTP/1.0" 200 4300 "http://m.facebook.com/" "Mozilla/5.0 (Linux; Android 4.4.2; GT-I9500 Build/KOT49H) AppleWebKit/537.36 (KHTML, like Gecko) Version/4.0 Chrome/30.0.0.0 Mobile Safari/537.36 [FB_IAB/FB4A;FBAV/35.0.0.48.273;]"
189.203.217.113 - - [16/Jun/2015:16:57:17 -0500] "GET /favicon.ico HTTP/1.0" 200 361 "-" "Mozilla/5.0 (Linux; Android 4.4.2; GT-I9500 Build/KOT49H) AppleWebKit/537.36 (KHTML, like Gecko) Version/4.0 Chrome/30.0.0.0 Mobile Safari/537.36"
74.112.131.242 - - [16/Jun/2015:16:57:29 -0500] "GET / HTTP/1.0" 301 507 "-" "Mozilla/5.0 ()"
74.112.131.245 - - [16/Jun/2015:16:57:29 -0500] "GET / HTTP/1.0" 200 4300 "-" "Mozilla/5.0 ()"
66.220.158.115 - - [16/Jun/2015:16:57:38 -0500] "GET /images/logo2.png HTTP/1.0" 404 294 "-" "facebookexternalhit/1.1 (+http://www.facebook.com/externalhit_uatext.php)"
66.220.158.116 - - [16/Jun/2015:16:57:38 -0500] "GET /images/logo2.png HTTP/1.0" 404 294 "-" "facebookexternalhit/1.0 (+http://www.facebook.com/externalhit_uatext.php)"
187.234.182.76 - - [16/Jun/2015:16:57:45 -0500] "GET / HTTP/1.0" 200 4300 "-" "Mozilla/5.0 (Macintosh; Intel Mac OS X 10_9_5) AppleWebKit/537.36 (KHTML, like Gecko) Chrome/43.0.2357.124 Safari/537.36"
187.234.182.76 - - [16/Jun/2015:16:57:45 -0500] "GET / HTTP/1.0" 200 4300 "-" "Mozilla/5.0 (Macintosh; Intel Mac OS X 10_9_5) AppleWebKit/537.36 (KHTML, like Gecko) Chrome/43.0.2357.124 Safari/537.36"
187.234.182.76 - - [16/Jun/2015:16:57:45 -0500] "GET / HTTP/1.0" 200 4300 "-" "Mozilla/5.0 (Macintosh; Intel Mac OS X 10_9_5) AppleWebKit/537.36 (KHTML, like Gecko) Chrome/43.0.2357.124 Safari/537.36"
187.234.182.76 - - [16/Jun/2015:16:57:45 -0500] "GET / HTTP/1.0" 200 4300 "-" "Mozilla/5.0 (Macintosh; Intel Mac OS X 10_9_5) AppleWebKit/537.36 (KHTML, like Gecko) Chrome/43.0.2357.124 Safari/537.36"
187.234.182.76 - - [16/Jun/2015:16:57:45 -0500] "GET / HTTP/1.0" 200 4300 "-" "Mozilla/5.0 (Macintosh; Intel Mac OS X 10_9_5) AppleWebKit/537.36 (KHTML, like Gecko) Chrome/43.0.2357.124 Safari/537.36"
187.234.182.76 - - [16/Jun/2015:16:57:46 -0500] "GET / HTTP/1.0" 200 4300 "-" "Mozilla/5.0 (Macintosh; Intel Mac OS X 10_9_5) AppleWebKit/537.36 (KHTML, like Gecko) Chrome/43.0.2357.124 Safari/537.36"
187.234.182.76 - - [16/Jun/2015:16:57:46 -0500] "GET /favicon.ico HTTP/1.0" 200 361 "http://conektaradio.com/" "Mozilla/5.0 (Macintosh; Intel Mac OS X 10_9_5) AppleWebKit/537.36 (KHTML, like Gecko) Chrome/43.0.2357.124 Safari/537.36"
189.217.3.159 - - [16/Jun/2015:16:57:52 -0500] "GET / HTTP/1.0" 301 507 "http://m.facebook.com" "Mozilla/5.0 (iPhone; CPU iPhone OS 7_1_2 like Mac OS X) AppleWebKit/537.51.2 (KHTML, like Gecko) Mobile/11D257 [FBAN/FBIOS;FBAV/31.0.0.44.261;FBBV/10598108;FBDV/iPhone3,1;FBMD/iPhone;FBSN/iPhone OS;FBSV/7.1.2;FBSS/2; FBCR/IUSACELL;FBID/phone;FBLC/es_LA;FBOP/5]"
173.252.120.117 - - [16/Jun/2015:16:57:55 -0500] "GET /images/logo2.png HTTP/1.0" 404 294 "-" "facebookexternalhit/1.1 (+http://www.facebook.com/externalhit_uatext.php)"
173.252.120.112 - - [16/Jun/2015:16:57:55 -0500] "GET /images/logo2.png HTTP/1.0" 404 294 "-" "facebookexternalhit/1.0 (+http://www.facebook.com/externalhit_uatext.php)"
189.217.3.159 - - [16/Jun/2015:16:57:55 -0500] "GET / HTTP/1.0" 200 4300 "http://m.facebook.com" "Mozilla/5.0 (iPhone; CPU iPhone OS 7_1_2 like Mac OS X) AppleWebKit/537.51.2 (KHTML, like Gecko) Mobile/11D257 [FBAN/FBIOS;FBAV/31.0.0.44.261;FBBV/10598108;FBDV/iPhone3,1;FBMD/iPhone;FBSN/iPhone OS;FBSV/7.1.2;FBSS/2; FBCR/IUSACELL;FBID/phone;FBLC/es_LA;FBOP/5]"
189.203.217.113 - - [16/Jun/2015:16:57:58 -0500] "GET / HTTP/1.0" 301 507 "http://m.facebook.com/" "Mozilla/5.0 (Linux; Android 4.4.2; GT-I9500 Build/KOT49H) AppleWebKit/537.36 (KHTML, like Gecko) Version/4.0 Chrome/30.0.0.0 Mobile Safari/537.36 [FB_IAB/FB4A;FBAV/35.0.0.48.273;]"
189.203.217.113 - - [16/Jun/2015:16:57:58 -0500] "GET / HTTP/1.0" 200 4300 "http://m.facebook.com/" "Mozilla/5.0 (Linux; Android 4.4.2; GT-I9500 Build/KOT49H) AppleWebKit/537.36 (KHTML, like Gecko) Version/4.0 Chrome/30.0.0.0 Mobile Safari/537.36 [FB_IAB/FB4A;FBAV/35.0.0.48.273;]"
201.103.192.232 - - [16/Jun/2015:16:58:01 -0500] "GET / HTTP/1.0" 301 507 "https://www.facebook.com/" "Mozilla/5.0 (Windows NT 6.1; WOW64) AppleWebKit/537.36 (KHTML, like Gecko) Chrome/43.0.2357.124 Safari/537.36"
201.103.192.232 - - [16/Jun/2015:16:58:01 -0500] "GET / HTTP/1.0" 200 4300 "https://www.facebook.com/" "Mozilla/5.0 (Windows NT 6.1; WOW64) AppleWebKit/537.36 (KHTML, like Gecko) Chrome/43.0.2357.124 Safari/537.36"
189.203.217.113 - - [16/Jun/2015:16:58:08 -0500] "GET / HTTP/1.0" 301 507 "-" "Mozilla/5.0 (Linux; Android 4.4.2; es-us; SAMSUNG GT-I9500 Build/KOT49H) AppleWebKit/537.36 (KHTML, like Gecko) Version/1.5 Chrome/28.0.1500.94 Mobile Safari/537.36"
189.203.217.113 - - [16/Jun/2015:16:58:09 -0500] "GET / HTTP/1.0" 200 4300 "-" "Mozilla/5.0 (Linux; Android 4.4.2; es-us; SAMSUNG GT-I9500 Build/KOT49H) AppleWebKit/537.36 (KHTML, like Gecko) Version/1.5 Chrome/28.0.1500.94 Mobile Safari/537.36"
189.203.217.113 - - [16/Jun/2015:16:58:10 -0500] "GET /favicon.ico HTTP/1.0" 200 361 "-" "Mozilla/5.0 (Linux; Android 4.4.2; es-us; SAMSUNG GT-I9500 Build/KOT49H) AppleWebKit/537.36 (KHTML, like Gecko) Version/1.5 Chrome/28.0.1500.94 Mobile Safari/537.36"
148.207.98.30 - - [16/Jun/2015:16:58:13 -0500] "GET / HTTP/1.0" 301 507 "https://www.facebook.com/" "Mozilla/5.0 (Windows NT 6.2) AppleWebKit/537.36 (KHTML, like Gecko) Chrome/43.0.2357.124 Safari/537.36"
148.207.98.30 - - [16/Jun/2015:16:58:13 -0500] "GET / HTTP/1.0" 200 4300 "https://www.facebook.com/" "Mozilla/5.0 (Windows NT 6.2) AppleWebKit/537.36 (KHTML, like Gecko) Chrome/43.0.2357.124 Safari/537.36"
148.207.98.30 - - [16/Jun/2015:16:58:14 -0500] "GET /favicon.ico HTTP/1.0" 200 361 "http://conektaradio.com/" "Mozilla/5.0 (Windows NT 6.2) AppleWebKit/537.36 (KHTML, like Gecko) Chrome/43.0.2357.124 Safari/537.36"
74.112.131.246 - - [16/Jun/2015:16:58:33 -0500] "GET / HTTP/1.0" 200 4300 "-" "Mozilla/5.0 ()"
201.141.132.174 - - [16/Jun/2015:16:58:43 -0500] "GET / HTTP/1.0" 200 4300 "https://www.google.com.mx/" "Mozilla/5.0 (Macintosh; Intel Mac OS X 10_10_3) AppleWebKit/537.36 (KHTML, like Gecko) Chrome/43.0.2357.124 Safari/537.36"
201.103.192.232 - - [16/Jun/2015:16:58:45 -0500] "GET / HTTP/1.0" 301 507 "https://www.facebook.com/" "Mozilla/5.0 (Windows NT 6.1; WOW64) AppleWebKit/537.36 (KHTML, like Gecko) Chrome/43.0.2357.124 Safari/537.36"
201.103.192.232 - - [16/Jun/2015:16:58:45 -0500] "GET / HTTP/1.0" 200 4300 "https://www.facebook.com/" "Mozilla/5.0 (Windows NT 6.1; WOW64) AppleWebKit/537.36 (KHTML, like Gecko) Chrome/43.0.2357.124 Safari/537.36"
148.207.98.30 - - [16/Jun/2015:16:58:46 -0500] "GET / HTTP/1.0" 200 4300 "-" "Mozilla/5.0 (compatible; MSIE 10.0; Windows NT 6.2; Trident/6.0)"
148.207.98.30 - - [16/Jun/2015:16:58:47 -0500] "GET /favicon.ico HTTP/1.0" 200 361 "-" "Mozilla/5.0 (compatible; MSIE 10.0; Windows NT 6.2; Trident/6.0)"
201.141.132.174 - - [16/Jun/2015:16:58:59 -0500] "GET / HTTP/1.0" 301 507 "https://www.facebook.com/" "Mozilla/5.0 (Macintosh; Intel Mac OS X 10_10_3) AppleWebKit/537.36 (KHTML, like Gecko) Chrome/43.0.2357.124 Safari/537.36"
187.234.182.76 - - [16/Jun/2015:16:59:00 -0500] "GET / HTTP/1.0" 200 4300 "-" "Mozilla/5.0 (Macintosh; Intel Mac OS X 10_9_5) AppleWebKit/537.36 (KHTML, like Gecko) Chrome/43.0.2357.124 Safari/537.36"
66.220.156.112 - - [16/Jun/2015:16:59:01 -0500] "GET /images/logo2.png HTTP/1.0" 404 294 "-" "facebookexternalhit/1.1 (+http://www.facebook.com/externalhit_uatext.php)"
66.220.156.115 - - [16/Jun/2015:16:59:01 -0500] "GET /images/logo2.png HTTP/1.0" 404 294 "-" "facebookexternalhit/1.0 (+http://www.facebook.com/externalhit_uatext.php)"
