173.252.120.117 - - [16/Jun/2015:04:14:36 -0500] "GET /images/logo2.png HTTP/1.0" 404 294 "-" "facebookexternalhit/1.1 (+http://www.facebook.com/externalhit_uatext.php)"
173.252.120.112 - - [16/Jun/2015:04:14:36 -0500] "GET /images/logo2.png HTTP/1.0" 404 294 "-" "facebookexternalhit/1.0 (+http://www.facebook.com/externalhit_uatext.php)"
173.252.112.118 - - [16/Jun/2015:05:15:18 -0500] "GET /images/logo2.png HTTP/1.0" 404 294 "-" "facebookexternalhit/1.1 (+http://www.facebook.com/externalhit_uatext.php)"
173.252.112.119 - - [16/Jun/2015:05:15:19 -0500] "GET /images/logo2.png HTTP/1.0" 404 294 "-" "facebookexternalhit/1.0 (+http://www.facebook.com/externalhit_uatext.php)"
173.252.120.117 - - [16/Jun/2015:05:18:38 -0500] "GET /images/logo2.png HTTP/1.0" 404 294 "-" "facebookexternalhit/1.1 (+http://www.facebook.com/externalhit_uatext.php)"
173.252.120.118 - - [16/Jun/2015:05:18:38 -0500] "GET /images/logo2.png HTTP/1.0" 404 294 "-" "facebookexternalhit/1.0 (+http://www.facebook.com/externalhit_uatext.php)"
69.171.231.193 - - [16/Jun/2015:06:19:30 -0500] "GET / HTTP/1.0" 200 15684 "-" "Mozilla/5.0 (Windows NT 6.1; WOW64; rv:36.0) Gecko/20100101 Firefox/36.0"
69.171.231.193 - - [16/Jun/2015:06:19:33 -0500] "GET /favicon.ico HTTP/1.0" 200 316 "-" "Mozilla/5.0 (Windows NT 6.1; WOW64; rv:36.0) Gecko/20100101 Firefox/36.0"
183.89.142.164 - - [16/Jun/2015:07:17:14 -0500] "GET / HTTP/1.0" 200 4300 "http://buttons-for-your-website.com" "Mozilla/5.0 (Windows NT 6.1; WOW64) AppleWebKit/537.36 (KHTML, like Gecko) Chrome/36.0.1985.143 Safari/537.36"
173.252.112.118 - - [16/Jun/2015:07:30:51 -0500] "GET /images/logo2.png HTTP/1.0" 404 294 "-" "facebookexternalhit/1.1 (+http://www.facebook.com/externalhit_uatext.php)"
173.252.112.117 - - [16/Jun/2015:07:30:52 -0500] "GET /images/logo2.png HTTP/1.0" 404 294 "-" "facebookexternalhit/1.0 (+http://www.facebook.com/externalhit_uatext.php)"
192.99.107.101 - - [16/Jun/2015:07:33:01 -0500] "GET /robots.txt HTTP/1.0" 301 527 "-" "Mozilla/5.0 (compatible; meanpathbot/1.0; +http://www.meanpath.com/meanpathbot.html)"
192.99.107.116 - - [16/Jun/2015:07:33:01 -0500] "GET /robots.txt HTTP/1.0" 404 374 "-" "Mozilla/5.0 (compatible; meanpathbot/1.0; +http://www.meanpath.com/meanpathbot.html)"
192.99.107.116 - - [16/Jun/2015:07:33:02 -0500] "GET / HTTP/1.0" 301 507 "-" "Mozilla/5.0 (compatible; meanpathbot/1.0; +http://www.meanpath.com/meanpathbot.html)"
192.99.107.103 - - [16/Jun/2015:07:33:02 -0500] "GET / HTTP/1.0" 200 4300 "-" "Mozilla/5.0 (compatible; meanpathbot/1.0; +http://www.meanpath.com/meanpathbot.html)"
66.220.158.112 - - [16/Jun/2015:07:43:14 -0500] "GET /images/logo2.png HTTP/1.0" 404 294 "-" "facebookexternalhit/1.1 (+http://www.facebook.com/externalhit_uatext.php)"
66.220.158.113 - - [16/Jun/2015:07:43:14 -0500] "GET /images/logo2.png HTTP/1.0" 404 294 "-" "facebookexternalhit/1.0 (+http://www.facebook.com/externalhit_uatext.php)"
201.141.152.68 - - [16/Jun/2015:08:12:35 -0500] "GET / HTTP/1.0" 200 4300 "-" "Mozilla/5.0 (Windows NT 6.1; WOW64; Trident/7.0; rv:11.0) like Gecko"
157.55.39.137 - - [16/Jun/2015:08:15:47 -0500] "GET /robots.txt HTTP/1.0" 403 495 "-" "Mozilla/5.0 (compatible; bingbot/2.0; +http://www.bing.com/bingbot.htm)"
201.141.152.68 - - [16/Jun/2015:08:15:48 -0500] "GET / HTTP/1.0" 200 4300 "-" "Mozilla/5.0 (Windows NT 6.1; WOW64; Trident/7.0; rv:11.0) like Gecko"
66.220.156.115 - - [16/Jun/2015:08:17:45 -0500] "GET /images/logo2.png HTTP/1.0" 404 294 "-" "facebookexternalhit/1.1 (+http://www.facebook.com/externalhit_uatext.php)"
66.220.156.112 - - [16/Jun/2015:08:17:45 -0500] "GET /images/logo2.png HTTP/1.0" 404 294 "-" "facebookexternalhit/1.0 (+http://www.facebook.com/externalhit_uatext.php)"
173.252.112.115 - - [16/Jun/2015:08:17:49 -0500] "GET /images/logo2.png HTTP/1.0" 404 294 "-" "facebookexternalhit/1.1 (+http://www.facebook.com/externalhit_uatext.php)"
173.252.112.117 - - [16/Jun/2015:08:17:50 -0500] "GET /images/logo2.png HTTP/1.0" 404 294 "-" "facebookexternalhit/1.0 (+http://www.facebook.com/externalhit_uatext.php)"
187.210.189.201 - - [16/Jun/2015:08:18:34 -0500] "GET / HTTP/1.0" 200 4300 "http://m.facebook.com/" "Mozilla/5.0 (Linux; Android 4.4.2; SM-G355M Build/KOT49H) AppleWebKit/537.36 (KHTML, like Gecko) Chrome/43.0.2357.78 Mobile Safari/537.36"
66.249.79.221 - - [16/Jun/2015:08:19:31 -0500] "GET /robots.txt HTTP/1.0" 404 374 "-" "Mozilla/5.0 (compatible; Googlebot/2.1; +http://www.google.com/bot.html)"
66.249.79.221 - - [16/Jun/2015:08:19:31 -0500] "GET / HTTP/1.0" 200 4300 "-" "Mozilla/5.0 (compatible; Googlebot/2.1; +http://www.google.com/bot.html)"
201.141.152.68 - - [16/Jun/2015:08:19:51 -0500] "GET / HTTP/1.0" 200 4300 "-" "Mozilla/5.0 (Windows NT 6.1; WOW64; Trident/7.0; rv:11.0) like Gecko"
196.32.197.246 - - [16/Jun/2015:08:20:20 -0500] "GET / HTTP/1.0" 200 4300 "http://buttons-for-your-website.com" "Mozilla/5.0 (Windows NT 6.1; WOW64) AppleWebKit/537.36 (KHTML, like Gecko) Chrome/36.0.1985.143 Safari/537.36"
201.141.152.68 - - [16/Jun/2015:08:29:18 -0500] "GET / HTTP/1.0" 200 4300 "-" "Mozilla/5.0 (Windows NT 6.1; WOW64; Trident/7.0; rv:11.0) like Gecko"
201.141.152.68 - - [16/Jun/2015:08:29:23 -0500] "GET / HTTP/1.0" 200 4300 "-" "Mozilla/5.0 (Windows NT 6.1; WOW64; Trident/7.0; rv:11.0) like Gecko"
201.141.152.68 - - [16/Jun/2015:08:29:26 -0500] "GET / HTTP/1.0" 200 4300 "-" "Mozilla/5.0 (Windows NT 6.1; WOW64; Trident/7.0; rv:11.0) like Gecko"
201.141.144.98 - - [16/Jun/2015:08:30:25 -0500] "GET / HTTP/1.0" 301 507 "-" "Microsoft Windows Network Diagnostics"
201.141.144.98 - - [16/Jun/2015:08:30:25 -0500] "GET / HTTP/1.0" 200 15684 "-" "Microsoft Windows Network Diagnostics"
201.141.144.98 - - [16/Jun/2015:08:30:32 -0500] "GET / HTTP/1.0" 301 507 "-" "Mozilla/5.0 (compatible; MSIE 10.0; Windows NT 6.2; WOW64; Trident/6.0)"
201.141.144.98 - - [16/Jun/2015:08:30:32 -0500] "GET / HTTP/1.0" 200 4300 "-" "Mozilla/5.0 (compatible; MSIE 10.0; Windows NT 6.2; WOW64; Trident/6.0)"
201.141.144.98 - - [16/Jun/2015:08:30:33 -0500] "GET /favicon.ico HTTP/1.0" 200 361 "-" "Mozilla/5.0 (compatible; MSIE 10.0; Windows NT 6.2; Win64; x64; Trident/6.0)"
201.141.144.98 - - [16/Jun/2015:08:30:39 -0500] "GET / HTTP/1.0" 301 507 "-" "Microsoft Windows Network Diagnostics"
201.141.144.98 - - [16/Jun/2015:08:30:39 -0500] "GET / HTTP/1.0" 200 15684 "-" "Microsoft Windows Network Diagnostics"
201.141.144.98 - - [16/Jun/2015:08:31:02 -0500] "GET / HTTP/1.0" 301 507 "-" "Mozilla/5.0 (compatible; MSIE 10.0; Windows NT 6.2; WOW64; Trident/6.0)"
201.141.144.98 - - [16/Jun/2015:08:31:02 -0500] "GET / HTTP/1.0" 200 4300 "-" "Mozilla/5.0 (compatible; MSIE 10.0; Windows NT 6.2; WOW64; Trident/6.0)"
201.141.152.68 - - [16/Jun/2015:08:31:44 -0500] "GET / HTTP/1.0" 200 4300 "-" "Mozilla/5.0 (Windows NT 6.1; WOW64; Trident/7.0; rv:11.0) like Gecko"
201.141.144.98 - - [16/Jun/2015:08:31:55 -0500] "GET / HTTP/1.0" 301 507 "-" "Mozilla/5.0 (compatible; MSIE 10.0; Windows NT 6.2; WOW64; Trident/6.0)"
201.141.144.98 - - [16/Jun/2015:08:31:55 -0500] "GET / HTTP/1.0" 200 4300 "-" "Mozilla/5.0 (compatible; MSIE 10.0; Windows NT 6.2; WOW64; Trident/6.0)"
201.141.152.68 - - [16/Jun/2015:08:32:06 -0500] "GET / HTTP/1.0" 200 4300 "-" "Mozilla/5.0 (Windows NT 6.1; WOW64; Trident/7.0; rv:11.0) like Gecko"
201.141.152.68 - - [16/Jun/2015:08:32:11 -0500] "GET / HTTP/1.0" 200 4300 "-" "Mozilla/5.0 (Windows NT 6.1; WOW64; Trident/7.0; rv:11.0) like Gecko"
66.220.158.116 - - [16/Jun/2015:08:32:22 -0500] "GET /images/logo2.png HTTP/1.0" 404 294 "-" "facebookexternalhit/1.1 (+http://www.facebook.com/externalhit_uatext.php)"
66.220.158.113 - - [16/Jun/2015:08:32:22 -0500] "GET /images/logo2.png HTTP/1.0" 404 294 "-" "facebookexternalhit/1.0 (+http://www.facebook.com/externalhit_uatext.php)"
201.141.144.98 - - [16/Jun/2015:08:42:11 -0500] "GET / HTTP/1.0" 301 507 "-" "Mozilla/5.0 (compatible; MSIE 10.0; Windows NT 6.2; WOW64; Trident/6.0)"
201.141.144.98 - - [16/Jun/2015:08:42:11 -0500] "GET / HTTP/1.0" 200 4300 "-" "Mozilla/5.0 (compatible; MSIE 10.0; Windows NT 6.2; WOW64; Trident/6.0)"
201.141.144.98 - - [16/Jun/2015:08:42:12 -0500] "GET /favicon.ico HTTP/1.0" 200 361 "-" "Mozilla/5.0 (compatible; MSIE 10.0; Windows NT 6.2; Win64; x64; Trident/6.0)"
173.252.120.116 - - [16/Jun/2015:08:42:41 -0500] "GET /images/logo2.png HTTP/1.0" 404 294 "-" "facebookexternalhit/1.1 (+http://www.facebook.com/externalhit_uatext.php)"
173.252.120.119 - - [16/Jun/2015:08:42:42 -0500] "GET /images/logo2.png HTTP/1.0" 404 294 "-" "facebookexternalhit/1.0 (+http://www.facebook.com/externalhit_uatext.php)"
201.141.152.68 - - [16/Jun/2015:08:42:49 -0500] "GET / HTTP/1.0" 200 4300 "-" "Mozilla/5.0 (Windows NT 6.1; WOW64; Trident/7.0; rv:11.0) like Gecko"
201.141.152.68 - - [16/Jun/2015:08:45:08 -0500] "GET / HTTP/1.0" 200 4300 "-" "Mozilla/5.0 (Windows NT 6.1; WOW64; Trident/7.0; rv:11.0) like Gecko"
216.66.73.62 - - [16/Jun/2015:08:45:34 -0500] "GET / HTTP/1.0" 200 4300 "https://www.facebook.com" "Mozilla/5.0 (Windows NT 6.1; WOW64; rv:38.0) Gecko/20100101 Firefox/38.0"
216.66.73.62 - - [16/Jun/2015:08:45:34 -0500] "GET /favicon.ico HTTP/1.0" 200 361 "-" "Mozilla/5.0 (Windows NT 6.1; WOW64; rv:38.0) Gecko/20100101 Firefox/38.0"
201.141.152.68 - - [16/Jun/2015:08:47:31 -0500] "GET / HTTP/1.0" 200 4300 "-" "Mozilla/5.0 (Windows NT 6.1; WOW64; Trident/7.0; rv:11.0) like Gecko"
208.115.111.69 - - [16/Jun/2015:08:49:47 -0500] "GET /robots.txt HTTP/1.0" 404 310 "-" "Mozilla/5.0 (compatible; DotBot/1.1; http://www.opensiteexplorer.org/dotbot, help@moz.com)"
201.141.152.68 - - [16/Jun/2015:09:03:41 -0500] "GET / HTTP/1.0" 200 4300 "-" "Mozilla/5.0 (Windows NT 6.1; WOW64; Trident/7.0; rv:11.0) like Gecko"
201.141.152.68 - - [16/Jun/2015:09:14:48 -0500] "GET / HTTP/1.0" 200 4300 "-" "Mozilla/5.0 (Windows NT 6.1; WOW64; Trident/7.0; rv:11.0) like Gecko"
173.252.112.112 - - [16/Jun/2015:09:14:59 -0500] "GET /images/logo2.png HTTP/1.0" 404 294 "-" "facebookexternalhit/1.1 (+http://www.facebook.com/externalhit_uatext.php)"
173.252.112.112 - - [16/Jun/2015:09:14:59 -0500] "GET /images/logo2.png HTTP/1.0" 404 294 "-" "facebookexternalhit/1.0 (+http://www.facebook.com/externalhit_uatext.php)"
201.141.152.68 - - [16/Jun/2015:09:16:31 -0500] "GET / HTTP/1.0" 200 4300 "-" "Mozilla/5.0 (Windows NT 6.1; WOW64; Trident/7.0; rv:11.0) like Gecko"
201.141.152.68 - - [16/Jun/2015:09:16:41 -0500] "GET / HTTP/1.0" 200 4300 "-" "Mozilla/5.0 (Windows NT 6.1; WOW64; Trident/7.0; rv:11.0) like Gecko"
201.141.152.68 - - [16/Jun/2015:09:17:55 -0500] "GET / HTTP/1.0" 200 4300 "-" "Mozilla/5.0 (Windows NT 6.1; WOW64; Trident/7.0; rv:11.0) like Gecko"
201.141.152.68 - - [16/Jun/2015:09:17:56 -0500] "GET / HTTP/1.0" 200 4300 "-" "Mozilla/5.0 (Windows NT 6.1; WOW64; Trident/7.0; rv:11.0) like Gecko"
201.141.152.68 - - [16/Jun/2015:09:18:00 -0500] "GET / HTTP/1.0" 200 4300 "-" "Mozilla/5.0 (Windows NT 6.1; WOW64; Trident/7.0; rv:11.0) like Gecko"
201.141.152.68 - - [16/Jun/2015:09:18:03 -0500] "GET / HTTP/1.0" 200 4300 "-" "Mozilla/5.0 (Windows NT 6.1; WOW64; Trident/7.0; rv:11.0) like Gecko"
201.141.152.68 - - [16/Jun/2015:09:18:06 -0500] "GET / HTTP/1.0" 200 4300 "-" "Mozilla/5.0 (Windows NT 6.1; WOW64; Trident/7.0; rv:11.0) like Gecko"
201.141.152.68 - - [16/Jun/2015:09:18:28 -0500] "GET / HTTP/1.0" 200 4300 "-" "Mozilla/5.0 (Windows NT 6.1; WOW64; Trident/7.0; rv:11.0) like Gecko"
201.141.152.68 - - [16/Jun/2015:09:18:30 -0500] "GET / HTTP/1.0" 200 4300 "-" "Mozilla/5.0 (Windows NT 6.1; WOW64; Trident/7.0; rv:11.0) like Gecko"
201.141.152.68 - - [16/Jun/2015:09:18:31 -0500] "GET / HTTP/1.0" 200 4300 "-" "Mozilla/5.0 (Windows NT 6.1; WOW64; Trident/7.0; rv:11.0) like Gecko"
201.141.152.68 - - [16/Jun/2015:09:18:33 -0500] "GET / HTTP/1.0" 200 4300 "-" "Mozilla/5.0 (Windows NT 6.1; WOW64; Trident/7.0; rv:11.0) like Gecko"
201.141.152.68 - - [16/Jun/2015:09:18:38 -0500] "GET / HTTP/1.0" 200 4300 "-" "Mozilla/5.0 (Windows NT 6.1; WOW64; Trident/7.0; rv:11.0) like Gecko"
201.141.152.68 - - [16/Jun/2015:09:18:40 -0500] "GET / HTTP/1.0" 200 4300 "-" "Mozilla/5.0 (Windows NT 6.1; WOW64; Trident/7.0; rv:11.0) like Gecko"
201.141.152.68 - - [16/Jun/2015:09:18:41 -0500] "GET / HTTP/1.0" 200 4300 "-" "Mozilla/5.0 (Windows NT 6.1; WOW64; Trident/7.0; rv:11.0) like Gecko"
201.141.152.68 - - [16/Jun/2015:09:18:44 -0500] "GET / HTTP/1.0" 200 4300 "-" "Mozilla/5.0 (Windows NT 6.1; WOW64; Trident/7.0; rv:11.0) like Gecko"
201.141.152.68 - - [16/Jun/2015:09:19:52 -0500] "GET / HTTP/1.0" 200 4300 "-" "Mozilla/5.0 (Windows NT 6.1; WOW64; Trident/7.0; rv:11.0) like Gecko"
201.141.152.68 - - [16/Jun/2015:09:20:55 -0500] "GET / HTTP/1.0" 200 4300 "-" "Mozilla/5.0 (Windows NT 6.1; WOW64; Trident/7.0; rv:11.0) like Gecko"
201.141.152.68 - - [16/Jun/2015:09:22:13 -0500] "GET / HTTP/1.0" 200 4300 "-" "Mozilla/5.0 (Windows NT 6.1; WOW64; Trident/7.0; rv:11.0) like Gecko"
200.81.38.58 - - [16/Jun/2015:09:28:05 -0500] "GET /images/logo.png HTTP/1.0" 301 537 "http://player.inimusic.com/mashter/player/webplayershoutcast/5/5d86be488eca06adda644cba42fc0f80.html" "Mozilla/5.0 (Linux; Android 4.4.4; XT1058 Build/KXA21.12-L1.26) AppleWebKit/537.36 (KHTML, like Gecko) Chrome/43.0.2357.78 Mobile Safari/537.36"
201.141.152.68 - - [16/Jun/2015:09:31:20 -0500] "GET / HTTP/1.0" 200 4300 "-" "Mozilla/5.0 (Windows NT 6.1; WOW64; Trident/7.0; rv:11.0) like Gecko"
201.141.152.68 - - [16/Jun/2015:09:31:58 -0500] "GET / HTTP/1.0" 200 4300 "-" "Mozilla/5.0 (Windows NT 6.1; WOW64; Trident/7.0; rv:11.0) like Gecko"
201.141.152.68 - - [16/Jun/2015:09:32:00 -0500] "GET / HTTP/1.0" 200 4300 "-" "Mozilla/5.0 (Windows NT 6.1; WOW64; Trident/7.0; rv:11.0) like Gecko"
173.252.120.115 - - [16/Jun/2015:09:45:43 -0500] "GET /images/logo2.png HTTP/1.0" 404 294 "-" "facebookexternalhit/1.1 (+http://www.facebook.com/externalhit_uatext.php)"
173.252.120.119 - - [16/Jun/2015:09:45:43 -0500] "GET /images/logo2.png HTTP/1.0" 404 294 "-" "facebookexternalhit/1.0 (+http://www.facebook.com/externalhit_uatext.php)"
104.197.77.113 - - [16/Jun/2015:09:48:26 -0500] "GET / HTTP/1.0" 200 15684 "-" "NerdyBot"
187.189.245.66 - - [16/Jun/2015:09:52:07 -0500] "GET / HTTP/1.0" 301 507 "https://business.facebook.com/" "Mozilla/5.0 (Macintosh; Intel Mac OS X 10_10_3) AppleWebKit/537.36 (KHTML, like Gecko) Chrome/43.0.2357.124 Safari/537.36"
187.189.245.66 - - [16/Jun/2015:09:52:07 -0500] "GET / HTTP/1.0" 200 4300 "https://business.facebook.com/" "Mozilla/5.0 (Macintosh; Intel Mac OS X 10_10_3) AppleWebKit/537.36 (KHTML, like Gecko) Chrome/43.0.2357.124 Safari/537.36"
69.171.230.119 - - [16/Jun/2015:09:56:29 -0500] "GET /images/logo2.png HTTP/1.0" 404 294 "-" "facebookexternalhit/1.1 (+http://www.facebook.com/externalhit_uatext.php)"
69.171.230.115 - - [16/Jun/2015:09:56:29 -0500] "GET /images/logo2.png HTTP/1.0" 404 294 "-" "facebookexternalhit/1.0 (+http://www.facebook.com/externalhit_uatext.php)"
189.136.82.228 - - [16/Jun/2015:10:10:08 -0500] "GET / HTTP/1.0" 200 4300 "-" "Mozilla/5.0 (Windows NT 5.1) AppleWebKit/537.36 (KHTML, like Gecko) Chrome/43.0.2357.124 Safari/537.36"
189.136.82.228 - - [16/Jun/2015:10:10:27 -0500] "GET /favicon.ico HTTP/1.0" 200 361 "http://conektaradio.com/" "Mozilla/5.0 (Windows NT 5.1) AppleWebKit/537.36 (KHTML, like Gecko) Chrome/43.0.2357.124 Safari/537.36"
66.220.156.114 - - [16/Jun/2015:10:11:23 -0500] "GET / HTTP/1.0" 206 4347 "-" "facebookexternalhit/1.1 (+http://www.facebook.com/externalhit_uatext.php)"
66.220.156.116 - - [16/Jun/2015:10:11:26 -0500] "GET /images/logo3.png HTTP/1.0" 200 362 "http://conektaradio.com/" "facebookexternalhit/1.1 (+http://www.facebook.com/externalhit_uatext.php)"
66.220.156.118 - - [16/Jun/2015:10:11:26 -0500] "GET /images/VideosHead.png HTTP/1.0" 200 367 "http://conektaradio.com/" "facebookexternalhit/1.1 (+http://www.facebook.com/externalhit_uatext.php)"
66.220.156.113 - - [16/Jun/2015:10:11:26 -0500] "GET /images/banners/MiFarmacia.png HTTP/1.0" 200 375 "http://conektaradio.com/" "facebookexternalhit/1.1 (+http://www.facebook.com/externalhit_uatext.php)"
66.220.156.113 - - [16/Jun/2015:10:11:26 -0500] "GET /images/playerHeader.png HTTP/1.0" 200 369 "http://conektaradio.com/" "facebookexternalhit/1.1 (+http://www.facebook.com/externalhit_uatext.php)"
66.220.156.113 - - [16/Jun/2015:10:11:26 -0500] "GET /images/comentarios.png HTTP/1.0" 200 368 "http://conektaradio.com/" "facebookexternalhit/1.1 (+http://www.facebook.com/externalhit_uatext.php)"
66.220.156.112 - - [16/Jun/2015:10:11:26 -0500] "GET /images/anunciate.png HTTP/1.0" 200 366 "http://conektaradio.com/" "facebookexternalhit/1.1 (+http://www.facebook.com/externalhit_uatext.php)"
66.220.156.115 - - [16/Jun/2015:10:11:26 -0500] "GET /images/musicaNueva/artistas/portada_evanoff.jpg HTTP/1.0" 200 394 "http://conektaradio.com/" "facebookexternalhit/1.1 (+http://www.facebook.com/externalhit_uatext.php)"
66.220.156.113 - - [16/Jun/2015:10:11:26 -0500] "GET /images/musicaNueva/artistas/incomparable.jpg HTTP/1.0" 200 391 "http://conektaradio.com/" "facebookexternalhit/1.1 (+http://www.facebook.com/externalhit_uatext.php)"
66.220.156.117 - - [16/Jun/2015:10:11:28 -0500] "GET /images/musicaNueva/artistas/alfredo.jpg HTTP/1.0" 200 386 "http://conektaradio.com/" "facebookexternalhit/1.1 (+http://www.facebook.com/externalhit_uatext.php)"
66.220.156.116 - - [16/Jun/2015:10:11:28 -0500] "GET /images/slogan.png HTTP/1.0" 200 363 "http://conektaradio.com/" "facebookexternalhit/1.1 (+http://www.facebook.com/externalhit_uatext.php)"
66.220.156.118 - - [16/Jun/2015:10:11:28 -0500] "GET /images/noticias1.png HTTP/1.0" 200 366 "http://conektaradio.com/" "facebookexternalhit/1.1 (+http://www.facebook.com/externalhit_uatext.php)"
66.220.156.117 - - [16/Jun/2015:10:11:28 -0500] "GET /images/banners/galerias.png HTTP/1.0" 200 373 "http://conektaradio.com/" "facebookexternalhit/1.1 (+http://www.facebook.com/externalhit_uatext.php)"
66.220.156.118 - - [16/Jun/2015:10:11:28 -0500] "GET /images/playerHeader.png HTTP/1.0" 200 369 "http://conektaradio.com/" "facebookexternalhit/1.1 (+http://www.facebook.com/externalhit_uatext.php)"
66.220.156.117 - - [16/Jun/2015:10:11:28 -0500] "GET /images/comentarios.png HTTP/1.0" 200 368 "http://conektaradio.com/" "facebookexternalhit/1.1 (+http://www.facebook.com/externalhit_uatext.php)"
66.220.156.118 - - [16/Jun/2015:10:11:28 -0500] "GET /images/anunciate.png HTTP/1.0" 200 366 "http://conektaradio.com/" "facebookexternalhit/1.1 (+http://www.facebook.com/externalhit_uatext.php)"
66.220.156.114 - - [16/Jun/2015:10:11:28 -0500] "GET /images/musicaNueva/artistas/alfredo.jpg HTTP/1.0" 200 386 "http://conektaradio.com/" "facebookexternalhit/1.1 (+http://www.facebook.com/externalhit_uatext.php)"
66.220.156.116 - - [16/Jun/2015:10:11:28 -0500] "GET /images/banners/MiFarmacia.png HTTP/1.0" 200 375 "http://conektaradio.com/" "facebookexternalhit/1.1 (+http://www.facebook.com/externalhit_uatext.php)"
66.220.156.112 - - [16/Jun/2015:10:11:28 -0500] "GET /images/playBtn.png HTTP/1.0" 404 294 "http://conektaradio.com/" "facebookexternalhit/1.1 (+http://www.facebook.com/externalhit_uatext.php)"
66.220.156.115 - - [16/Jun/2015:10:11:28 -0500] "GET /images/VideosHead.png HTTP/1.0" 200 367 "http://conektaradio.com/" "facebookexternalhit/1.1 (+http://www.facebook.com/externalhit_uatext.php)"
66.220.156.118 - - [16/Jun/2015:10:11:28 -0500] "GET /images/headMN.png HTTP/1.0" 200 363 "http://conektaradio.com/" "facebookexternalhit/1.1 (+http://www.facebook.com/externalhit_uatext.php)"
66.220.156.114 - - [16/Jun/2015:10:11:28 -0500] "GET /images/musicaNueva/artistas/portada_evanoff.jpg HTTP/1.0" 200 394 "http://conektaradio.com/" "facebookexternalhit/1.1 (+http://www.facebook.com/externalhit_uatext.php)"
66.220.156.114 - - [16/Jun/2015:10:11:28 -0500] "GET /images/prog2.png HTTP/1.0" 200 362 "http://conektaradio.com/" "facebookexternalhit/1.1 (+http://www.facebook.com/externalhit_uatext.php)"
66.220.156.114 - - [16/Jun/2015:10:11:28 -0500] "GET /images/eventos.png HTTP/1.0" 200 364 "http://conektaradio.com/" "facebookexternalhit/1.1 (+http://www.facebook.com/externalhit_uatext.php)"
66.220.156.116 - - [16/Jun/2015:10:11:28 -0500] "GET /images/prog6.png HTTP/1.0" 200 362 "http://conektaradio.com/" "facebookexternalhit/1.1 (+http://www.facebook.com/externalhit_uatext.php)"
66.220.156.114 - - [16/Jun/2015:10:11:28 -0500] "GET /images/prog1.png HTTP/1.0" 200 362 "http://conektaradio.com/" "facebookexternalhit/1.1 (+http://www.facebook.com/externalhit_uatext.php)"
66.220.156.114 - - [16/Jun/2015:10:11:28 -0500] "GET /images/progsHead.png HTTP/1.0" 200 366 "http://conektaradio.com/" "facebookexternalhit/1.1 (+http://www.facebook.com/externalhit_uatext.php)"
66.220.156.112 - - [16/Jun/2015:10:11:28 -0500] "GET /images/musicaNueva/artistas/incomparable.jpg HTTP/1.0" 200 391 "http://conektaradio.com/" "facebookexternalhit/1.1 (+http://www.facebook.com/externalhit_uatext.php)"
66.220.156.119 - - [16/Jun/2015:10:11:28 -0500] "GET /images/logo3.png HTTP/1.0" 200 362 "http://conektaradio.com/" "facebookexternalhit/1.1 (+http://www.facebook.com/externalhit_uatext.php)"
66.220.146.20 - - [16/Jun/2015:10:11:28 -0500] "GET /images/logo2.png HTTP/1.0" 404 294 "-" "facebookexternalhit/1.1 (+http://www.facebook.com/externalhit_uatext.php)"
173.252.105.115 - - [16/Jun/2015:10:11:28 -0500] "GET /images/logo3.png HTTP/1.0" 200 362 "-" "facebookexternalhit/1.1 (+http://www.facebook.com/externalhit_uatext.php)"
66.220.146.24 - - [16/Jun/2015:10:11:32 -0500] "GET /images/logo2.png HTTP/1.0" 404 294 "-" "facebookexternalhit/1.0 (+http://www.facebook.com/externalhit_uatext.php)"
187.201.55.254 - - [16/Jun/2015:10:15:03 -0500] "GET / HTTP/1.0" 200 4300 "http://m.facebook.com/" "Mozilla/5.0 (Linux; Android 4.4.2; SM-G355M Build/KOT49H) AppleWebKit/537.36 (KHTML, like Gecko) Chrome/43.0.2357.78 Mobile Safari/537.36"
187.201.55.254 - - [16/Jun/2015:10:15:06 -0500] "GET /favicon.ico HTTP/1.0" 200 361 "http://conektaradio.com/" "Mozilla/5.0 (Linux; Android 4.4.2; SM-G355M Build/KOT49H) AppleWebKit/537.36 (KHTML, like Gecko) Chrome/43.0.2357.78 Mobile Safari/537.36"
208.115.111.69 - - [16/Jun/2015:10:15:19 -0500] "GET / HTTP/1.0" 200 15684 "-" "Mozilla/5.0 (compatible; DotBot/1.1; http://www.opensiteexplorer.org/dotbot, help@moz.com)"
173.252.112.112 - - [16/Jun/2015:10:18:18 -0500] "GET /images/logo2.png HTTP/1.0" 404 294 "-" "facebookexternalhit/1.1 (+http://www.facebook.com/externalhit_uatext.php)"
173.252.112.118 - - [16/Jun/2015:10:18:18 -0500] "GET /images/logo2.png HTTP/1.0" 404 294 "-" "facebookexternalhit/1.0 (+http://www.facebook.com/externalhit_uatext.php)"
173.252.120.115 - - [16/Jun/2015:10:25:05 -0500] "GET /images/logo2.png HTTP/1.0" 404 294 "-" "facebookexternalhit/1.1 (+http://www.facebook.com/externalhit_uatext.php)"
173.252.120.114 - - [16/Jun/2015:10:25:06 -0500] "GET /images/logo2.png HTTP/1.0" 404 294 "-" "facebookexternalhit/1.0 (+http://www.facebook.com/externalhit_uatext.php)"
200.81.38.58 - - [16/Jun/2015:10:27:36 -0500] "GET /images/logo.png HTTP/1.0" 301 537 "http://player.inimusic.com/mashter/player/webplayershoutcast/5/5d86be488eca06adda644cba42fc0f80.html" "Mozilla/5.0 (Linux; Android 4.4.4; XT1058 Build/KXA21.12-L1.26) AppleWebKit/537.36 (KHTML, like Gecko) Chrome/43.0.2357.78 Mobile Safari/537.36"
200.81.38.58 - - [16/Jun/2015:10:27:50 -0500] "GET /images/logo.png HTTP/1.0" 200 361 "http://player.inimusic.com/mashter/player/webplayershoutcast/5/5d86be488eca06adda644cba42fc0f80.html" "Mozilla/5.0 (Linux; Android 4.4.4; XT1058 Build/KXA21.12-L1.26) AppleWebKit/537.36 (KHTML, like Gecko) Chrome/43.0.2357.78 Mobile Safari/537.36"
201.141.144.98 - - [16/Jun/2015:10:29:19 -0500] "GET / HTTP/1.0" 301 507 "-" "Mozilla/5.0 (compatible; MSIE 10.0; Windows NT 6.2; WOW64; Trident/6.0)"
201.141.144.98 - - [16/Jun/2015:10:29:19 -0500] "GET / HTTP/1.0" 200 4300 "-" "Mozilla/5.0 (compatible; MSIE 10.0; Windows NT 6.2; WOW64; Trident/6.0)"
66.249.79.168 - - [16/Jun/2015:10:32:45 -0500] "GET /robots.txt HTTP/1.0" 301 527 "-" "Mozilla/5.0 (compatible; Googlebot/2.1; +http://www.google.com/bot.html)"
66.249.79.233 - - [16/Jun/2015:10:32:46 -0500] "GET /robots.txt HTTP/1.0" 404 374 "-" "Mozilla/5.0 (compatible; Googlebot/2.1; +http://www.google.com/bot.html)"
173.252.112.117 - - [16/Jun/2015:10:37:02 -0500] "GET /images/logo2.png HTTP/1.0" 404 294 "-" "facebookexternalhit/1.1 (+http://www.facebook.com/externalhit_uatext.php)"
173.252.112.116 - - [16/Jun/2015:10:37:03 -0500] "GET /images/logo2.png HTTP/1.0" 404 294 "-" "facebookexternalhit/1.0 (+http://www.facebook.com/externalhit_uatext.php)"
54.234.5.221 - - [16/Jun/2015:10:39:07 -0500] "GET /robots.txt HTTP/1.0" 301 527 "-" "Mozilla/5.0 (Macintosh; Intel Mac OS X 10.9; rv:28.0) Gecko/20100101 Firefox/28.0 (FlipboardProxy/1.1; +http://flipboard.com/browserproxy)"
54.234.5.221 - - [16/Jun/2015:10:39:07 -0500] "GET / HTTP/1.0" 301 507 "-" "Mozilla/5.0 (Macintosh; Intel Mac OS X 10.9; rv:28.0) Gecko/20100101 Firefox/28.0 (FlipboardProxy/1.1; +http://flipboard.com/browserproxy)"
54.234.5.221 - - [16/Jun/2015:10:39:07 -0500] "GET /robots.txt HTTP/1.0" 404 374 "-" "Mozilla/5.0 (Macintosh; Intel Mac OS X 10.9; rv:28.0) Gecko/20100101 Firefox/28.0 (FlipboardProxy/1.1; +http://flipboard.com/browserproxy)"
54.234.5.221 - - [16/Jun/2015:10:39:07 -0500] "GET / HTTP/1.0" 200 4300 "-" "Mozilla/5.0 (Macintosh; Intel Mac OS X 10.9; rv:28.0) Gecko/20100101 Firefox/28.0 (FlipboardProxy/1.1; +http://flipboard.com/browserproxy)"
66.249.79.221 - - [16/Jun/2015:10:40:33 -0500] "GET /programacion.html HTTP/1.0" 404 374 "-" "DoCoMo/2.0 N905i(c100;TB;W24H16) (compatible; Googlebot-Mobile/2.1; +http://www.google.com/bot.html)"
173.252.120.117 - - [16/Jun/2015:10:41:52 -0500] "GET /images/logo2.png HTTP/1.0" 404 294 "-" "facebookexternalhit/1.1 (+http://www.facebook.com/externalhit_uatext.php)"
173.252.120.118 - - [16/Jun/2015:10:41:53 -0500] "GET /images/logo2.png HTTP/1.0" 404 294 "-" "facebookexternalhit/1.0 (+http://www.facebook.com/externalhit_uatext.php)"
200.81.38.58 - - [16/Jun/2015:10:46:36 -0500] "GET /images/logo.png HTTP/1.0" 301 537 "http://player.inimusic.com/mashter/player/webplayershoutcast/5/5d86be488eca06adda644cba42fc0f80.html" "Mozilla/5.0 (Linux; Android 4.4.4; XT1058 Build/KXA21.12-L1.26) AppleWebKit/537.36 (KHTML, like Gecko) Chrome/43.0.2357.78 Mobile Safari/537.36"
200.81.38.58 - - [16/Jun/2015:10:46:37 -0500] "GET /images/logo.png HTTP/1.0" 200 361 "http://player.inimusic.com/mashter/player/webplayershoutcast/5/5d86be488eca06adda644cba42fc0f80.html" "Mozilla/5.0 (Linux; Android 4.4.4; XT1058 Build/KXA21.12-L1.26) AppleWebKit/537.36 (KHTML, like Gecko) Chrome/43.0.2357.78 Mobile Safari/537.36"
187.207.80.140 - - [16/Jun/2015:10:50:48 -0500] "GET / HTTP/1.0" 301 507 "-" "Mozilla/5.0 (Windows NT 6.1) AppleWebKit/537.36 (KHTML, like Gecko) Chrome/43.0.2357.124 Safari/537.36"
187.207.80.140 - - [16/Jun/2015:10:50:51 -0500] "GET / HTTP/1.0" 200 4300 "-" "Mozilla/5.0 (Windows NT 6.1) AppleWebKit/537.36 (KHTML, like Gecko) Chrome/43.0.2357.124 Safari/537.36"
187.207.80.140 - - [16/Jun/2015:10:50:57 -0500] "GET /favicon.ico HTTP/1.0" 200 361 "http://conektaradio.com/" "Mozilla/5.0 (Windows NT 6.1) AppleWebKit/537.36 (KHTML, like Gecko) Chrome/43.0.2357.124 Safari/537.36"
189.133.195.248 - - [16/Jun/2015:10:51:46 -0500] "GET /audio/musicaNueva/evanoff.mp3 HTTP/1.0" 200 365 "-" "Mozilla/5.0 (Linux; Android 4.3; SGP311 Build/10.4.1.B.0.109) AppleWebKit/537.36 (KHTML, like Gecko) Chrome/43.0.2357.93 Safari/537.36"
189.133.195.248 - - [16/Jun/2015:10:51:46 -0500] "GET /audio/musicaNueva/incomparable.mp3 HTTP/1.0" 200 370 "-" "Mozilla/5.0 (Linux; Android 4.3; SGP311 Build/10.4.1.B.0.109) AppleWebKit/537.36 (KHTML, like Gecko) Chrome/43.0.2357.93 Safari/537.36"
189.133.195.248 - - [16/Jun/2015:10:51:46 -0500] "GET /audio/musicaNueva/ElGalanDeLaPlebada.mp3 HTTP/1.0" 200 376 "-" "Mozilla/5.0 (Linux; Android 4.3; SGP311 Build/10.4.1.B.0.109) AppleWebKit/537.36 (KHTML, like Gecko) Chrome/43.0.2357.93 Safari/537.36"
189.133.195.248 - - [16/Jun/2015:10:51:47 -0500] "GET /audio/saludos/mpAudio/saludos2.mp3 HTTP/1.0" 200 370 "-" "Mozilla/5.0 (Linux; Android 4.3; SGP311 Build/10.4.1.B.0.109) AppleWebKit/537.36 (KHTML, like Gecko) Chrome/43.0.2357.93 Safari/537.36"
189.133.195.248 - - [16/Jun/2015:10:51:47 -0500] "GET /audio/saludos/mpAudio/saludos1.mp3 HTTP/1.0" 200 370 "-" "Mozilla/5.0 (Linux; Android 4.3; SGP311 Build/10.4.1.B.0.109) AppleWebKit/537.36 (KHTML, like Gecko) Chrome/43.0.2357.93 Safari/537.36"
189.133.195.248 - - [16/Jun/2015:10:51:51 -0500] "GET /audio/musicaNueva/incomparable.mp3 HTTP/1.0" 416 479 "-" "Mozilla/5.0 (Linux; Android 4.3; SGP311 Build/10.4.1.B.0.109) AppleWebKit/537.36 (KHTML, like Gecko) Chrome/43.0.2357.93 Safari/537.36"
189.133.195.248 - - [16/Jun/2015:10:51:52 -0500] "GET /audio/saludos/mpAudio/saludos3.mp3 HTTP/1.0" 200 370 "-" "Mozilla/5.0 (Linux; Android 4.3; SGP311 Build/10.4.1.B.0.109) AppleWebKit/537.36 (KHTML, like Gecko) Chrome/43.0.2357.93 Safari/537.36"
189.133.195.248 - - [16/Jun/2015:10:51:52 -0500] "GET /audio/saludos/mpAudio/saludos4.mp3 HTTP/1.0" 200 370 "-" "Mozilla/5.0 (Linux; Android 4.3; SGP311 Build/10.4.1.B.0.109) AppleWebKit/537.36 (KHTML, like Gecko) Chrome/43.0.2357.93 Safari/537.36"
189.133.195.248 - - [16/Jun/2015:10:51:52 -0500] "GET /audio/musicaNueva/incomparable.mp3 HTTP/1.0" 416 479 "-" "Mozilla/5.0 (Linux; Android 4.3; SGP311 Build/10.4.1.B.0.109) AppleWebKit/537.36 (KHTML, like Gecko) Chrome/43.0.2357.93 Safari/537.36"
189.133.195.248 - - [16/Jun/2015:10:51:52 -0500] "GET /audio/saludos/mpAudio/saludos5.mp3 HTTP/1.0" 200 370 "-" "Mozilla/5.0 (Linux; Android 4.3; SGP311 Build/10.4.1.B.0.109) AppleWebKit/537.36 (KHTML, like Gecko) Chrome/43.0.2357.93 Safari/537.36"
189.133.195.248 - - [16/Jun/2015:10:51:56 -0500] "GET /audio/musicaNueva/incomparable.mp3 HTTP/1.0" 416 479 "-" "Mozilla/5.0 (Linux; Android 4.3; SGP311 Build/10.4.1.B.0.109) AppleWebKit/537.36 (KHTML, like Gecko) Chrome/43.0.2357.93 Safari/537.36"
189.133.195.248 - - [16/Jun/2015:10:51:57 -0500] "GET /audio/saludos/mpAudio/saludos6.mp3 HTTP/1.0" 200 370 "-" "Mozilla/5.0 (Linux; Android 4.3; SGP311 Build/10.4.1.B.0.109) AppleWebKit/537.36 (KHTML, like Gecko) Chrome/43.0.2357.93 Safari/537.36"
187.207.80.140 - - [16/Jun/2015:10:56:47 -0500] "GET / HTTP/1.0" 301 507 "-" "Mozilla/5.0 (Windows NT 6.1) AppleWebKit/537.36 (KHTML, like Gecko) Chrome/43.0.2357.124 Safari/537.36"
187.207.80.140 - - [16/Jun/2015:10:56:48 -0500] "GET / HTTP/1.0" 200 4300 "-" "Mozilla/5.0 (Windows NT 6.1) AppleWebKit/537.36 (KHTML, like Gecko) Chrome/43.0.2357.124 Safari/537.36"
173.252.112.119 - - [16/Jun/2015:11:01:17 -0500] "GET /images/logo2.png HTTP/1.0" 404 294 "-" "facebookexternalhit/1.1 (+http://www.facebook.com/externalhit_uatext.php)"
173.252.112.117 - - [16/Jun/2015:11:01:17 -0500] "GET /images/logo2.png HTTP/1.0" 404 294 "-" "facebookexternalhit/1.0 (+http://www.facebook.com/externalhit_uatext.php)"
173.252.120.113 - - [16/Jun/2015:11:02:00 -0500] "GET /images/logo2.png HTTP/1.0" 404 294 "-" "facebookexternalhit/1.1 (+http://www.facebook.com/externalhit_uatext.php)"
173.252.120.119 - - [16/Jun/2015:11:02:00 -0500] "GET /images/logo2.png HTTP/1.0" 404 294 "-" "facebookexternalhit/1.0 (+http://www.facebook.com/externalhit_uatext.php)"
200.81.38.58 - - [16/Jun/2015:11:02:29 -0500] "GET /images/logo.png HTTP/1.0" 301 537 "http://player.inimusic.com/mashter/player/webplayershoutcast/5/5d86be488eca06adda644cba42fc0f80.html" "Mozilla/5.0 (Linux; Android 4.4.4; XT1058 Build/KXA21.12-L1.26) AppleWebKit/537.36 (KHTML, like Gecko) Chrome/43.0.2357.78 Mobile Safari/537.36"
200.81.38.58 - - [16/Jun/2015:11:02:34 -0500] "GET /images/logo.png HTTP/1.0" 301 537 "http://player.inimusic.com/mashter/player/webplayershoutcast/5/5d86be488eca06adda644cba42fc0f80.html" "Mozilla/5.0 (Linux; Android 4.4.4; XT1058 Build/KXA21.12-L1.26) AppleWebKit/537.36 (KHTML, like Gecko) Chrome/43.0.2357.78 Mobile Safari/537.36"
200.81.38.58 - - [16/Jun/2015:11:02:36 -0500] "GET /images/logo.png HTTP/1.0" 200 361 "http://player.inimusic.com/mashter/player/webplayershoutcast/5/5d86be488eca06adda644cba42fc0f80.html" "Mozilla/5.0 (Linux; Android 4.4.4; XT1058 Build/KXA21.12-L1.26) AppleWebKit/537.36 (KHTML, like Gecko) Chrome/43.0.2357.78 Mobile Safari/537.36"
201.141.152.68 - - [16/Jun/2015:11:09:42 -0500] "GET / HTTP/1.0" 200 4300 "-" "Mozilla/5.0 (Windows NT 6.1; WOW64; Trident/7.0; rv:11.0) like Gecko"
201.141.152.68 - - [16/Jun/2015:11:09:55 -0500] "GET / HTTP/1.0" 200 4300 "-" "Mozilla/5.0 (Windows NT 6.1; WOW64; Trident/7.0; rv:11.0) like Gecko"
201.141.152.68 - - [16/Jun/2015:11:10:41 -0500] "GET / HTTP/1.0" 200 4300 "-" "Mozilla/5.0 (Windows NT 6.1; WOW64; Trident/7.0; rv:11.0) like Gecko"
173.252.120.112 - - [16/Jun/2015:11:17:54 -0500] "GET /images/logo2.png HTTP/1.0" 404 294 "-" "facebookexternalhit/1.1 (+http://www.facebook.com/externalhit_uatext.php)"
173.252.120.115 - - [16/Jun/2015:11:17:54 -0500] "GET /images/logo2.png HTTP/1.0" 404 294 "-" "facebookexternalhit/1.0 (+http://www.facebook.com/externalhit_uatext.php)"
201.141.144.98 - - [16/Jun/2015:11:20:08 -0500] "GET / HTTP/1.0" 200 4300 "-" "Mozilla/5.0 (compatible; MSIE 10.0; Windows NT 6.2; WOW64; Trident/6.0)"
201.141.144.98 - - [16/Jun/2015:11:20:19 -0500] "GET /favicon.ico HTTP/1.0" 200 361 "-" "Mozilla/5.0 (compatible; MSIE 10.0; Windows NT 6.2; Win64; x64; Trident/6.0)"
66.220.158.117 - - [16/Jun/2015:11:42:11 -0500] "GET /images/logo2.png HTTP/1.0" 404 294 "-" "facebookexternalhit/1.1 (+http://www.facebook.com/externalhit_uatext.php)"
66.220.158.115 - - [16/Jun/2015:11:42:12 -0500] "GET /images/logo2.png HTTP/1.0" 404 294 "-" "facebookexternalhit/1.0 (+http://www.facebook.com/externalhit_uatext.php)"
66.220.156.115 - - [16/Jun/2015:11:46:28 -0500] "GET / HTTP/1.0" 206 4347 "-" "facebookexternalhit/1.1 (+http://www.facebook.com/externalhit_uatext.php)"
66.220.156.115 - - [16/Jun/2015:11:46:31 -0500] "GET /images/VideosHead.png HTTP/1.0" 200 367 "http://conektaradio.com/" "facebookexternalhit/1.1 (+http://www.facebook.com/externalhit_uatext.php)"
66.220.156.113 - - [16/Jun/2015:11:46:31 -0500] "GET /images/playerHeader.png HTTP/1.0" 200 369 "http://conektaradio.com/" "facebookexternalhit/1.1 (+http://www.facebook.com/externalhit_uatext.php)"
66.220.156.115 - - [16/Jun/2015:11:46:31 -0500] "GET /images/banners/MiFarmacia.png HTTP/1.0" 200 375 "http://conektaradio.com/" "facebookexternalhit/1.1 (+http://www.facebook.com/externalhit_uatext.php)"
66.220.156.115 - - [16/Jun/2015:11:46:31 -0500] "GET /images/musicaNueva/artistas/portada_evanoff.jpg HTTP/1.0" 200 394 "http://conektaradio.com/" "facebookexternalhit/1.1 (+http://www.facebook.com/externalhit_uatext.php)"
66.220.156.119 - - [16/Jun/2015:11:46:31 -0500] "GET /images/musicaNueva/artistas/incomparable.jpg HTTP/1.0" 200 391 "http://conektaradio.com/" "facebookexternalhit/1.1 (+http://www.facebook.com/externalhit_uatext.php)"
66.220.156.119 - - [16/Jun/2015:11:46:32 -0500] "GET /images/anunciate.png HTTP/1.0" 200 366 "http://conektaradio.com/" "facebookexternalhit/1.1 (+http://www.facebook.com/externalhit_uatext.php)"
66.220.156.113 - - [16/Jun/2015:11:46:32 -0500] "GET /images/logo3.png HTTP/1.0" 200 362 "http://conektaradio.com/" "facebookexternalhit/1.1 (+http://www.facebook.com/externalhit_uatext.php)"
66.220.156.118 - - [16/Jun/2015:11:46:32 -0500] "GET /images/comentarios.png HTTP/1.0" 200 368 "http://conektaradio.com/" "facebookexternalhit/1.1 (+http://www.facebook.com/externalhit_uatext.php)"
66.220.156.113 - - [16/Jun/2015:11:46:32 -0500] "GET /images/musicaNueva/artistas/alfredo.jpg HTTP/1.0" 200 386 "http://conektaradio.com/" "facebookexternalhit/1.1 (+http://www.facebook.com/externalhit_uatext.php)"
66.220.156.115 - - [16/Jun/2015:11:46:33 -0500] "GET /images/slogan.png HTTP/1.0" 200 363 "http://conektaradio.com/" "facebookexternalhit/1.1 (+http://www.facebook.com/externalhit_uatext.php)"
66.220.156.119 - - [16/Jun/2015:11:46:33 -0500] "GET /images/headMN.png HTTP/1.0" 200 363 "http://conektaradio.com/" "facebookexternalhit/1.1 (+http://www.facebook.com/externalhit_uatext.php)"
66.220.156.118 - - [16/Jun/2015:11:46:33 -0500] "GET /images/musicaNueva/artistas/incomparable.jpg HTTP/1.0" 200 391 "http://conektaradio.com/" "facebookexternalhit/1.1 (+http://www.facebook.com/externalhit_uatext.php)"
66.220.156.113 - - [16/Jun/2015:11:46:33 -0500] "GET /images/prog2.png HTTP/1.0" 200 362 "http://conektaradio.com/" "facebookexternalhit/1.1 (+http://www.facebook.com/externalhit_uatext.php)"
66.220.156.113 - - [16/Jun/2015:11:46:33 -0500] "GET /images/playBtn.png HTTP/1.0" 404 294 "http://conektaradio.com/" "facebookexternalhit/1.1 (+http://www.facebook.com/externalhit_uatext.php)"
66.220.156.118 - - [16/Jun/2015:11:46:33 -0500] "GET /images/playerHeader.png HTTP/1.0" 200 369 "http://conektaradio.com/" "facebookexternalhit/1.1 (+http://www.facebook.com/externalhit_uatext.php)"
66.220.156.113 - - [16/Jun/2015:11:46:33 -0500] "GET /images/prog1.png HTTP/1.0" 200 362 "http://conektaradio.com/" "facebookexternalhit/1.1 (+http://www.facebook.com/externalhit_uatext.php)"
66.220.156.118 - - [16/Jun/2015:11:46:33 -0500] "GET /images/logo3.png HTTP/1.0" 200 362 "http://conektaradio.com/" "facebookexternalhit/1.1 (+http://www.facebook.com/externalhit_uatext.php)"
66.220.156.118 - - [16/Jun/2015:11:46:33 -0500] "GET /images/eventos.png HTTP/1.0" 200 364 "http://conektaradio.com/" "facebookexternalhit/1.1 (+http://www.facebook.com/externalhit_uatext.php)"
66.220.156.119 - - [16/Jun/2015:11:46:33 -0500] "GET /images/musicaNueva/artistas/portada_evanoff.jpg HTTP/1.0" 200 394 "http://conektaradio.com/" "facebookexternalhit/1.1 (+http://www.facebook.com/externalhit_uatext.php)"
66.220.156.118 - - [16/Jun/2015:11:46:33 -0500] "GET /images/anunciate.png HTTP/1.0" 200 366 "http://conektaradio.com/" "facebookexternalhit/1.1 (+http://www.facebook.com/externalhit_uatext.php)"
66.220.156.114 - - [16/Jun/2015:11:46:33 -0500] "GET /images/noticias1.png HTTP/1.0" 200 366 "http://conektaradio.com/" "facebookexternalhit/1.1 (+http://www.facebook.com/externalhit_uatext.php)"
66.220.156.116 - - [16/Jun/2015:11:46:33 -0500] "GET /images/VideosHead.png HTTP/1.0" 200 367 "http://conektaradio.com/" "facebookexternalhit/1.1 (+http://www.facebook.com/externalhit_uatext.php)"
66.220.156.114 - - [16/Jun/2015:11:46:33 -0500] "GET /images/comentarios.png HTTP/1.0" 200 368 "http://conektaradio.com/" "facebookexternalhit/1.1 (+http://www.facebook.com/externalhit_uatext.php)"
66.220.156.117 - - [16/Jun/2015:11:46:33 -0500] "GET /images/banners/galerias.png HTTP/1.0" 200 373 "http://conektaradio.com/" "facebookexternalhit/1.1 (+http://www.facebook.com/externalhit_uatext.php)"
66.220.156.114 - - [16/Jun/2015:11:46:33 -0500] "GET /images/banners/MiFarmacia.png HTTP/1.0" 200 375 "http://conektaradio.com/" "facebookexternalhit/1.1 (+http://www.facebook.com/externalhit_uatext.php)"
66.220.156.116 - - [16/Jun/2015:11:46:33 -0500] "GET /images/prog6.png HTTP/1.0" 200 362 "http://conektaradio.com/" "facebookexternalhit/1.1 (+http://www.facebook.com/externalhit_uatext.php)"
66.220.156.117 - - [16/Jun/2015:11:46:33 -0500] "GET /images/progsHead.png HTTP/1.0" 200 366 "http://conektaradio.com/" "facebookexternalhit/1.1 (+http://www.facebook.com/externalhit_uatext.php)"
66.220.156.117 - - [16/Jun/2015:11:46:34 -0500] "GET /images/musicaNueva/artistas/alfredo.jpg HTTP/1.0" 200 386 "http://conektaradio.com/" "facebookexternalhit/1.1 (+http://www.facebook.com/externalhit_uatext.php)"
173.252.81.114 - - [16/Jun/2015:11:46:34 -0500] "GET /images/logo3.png HTTP/1.0" 200 362 "-" "facebookexternalhit/1.1 (+http://www.facebook.com/externalhit_uatext.php)"
66.220.146.22 - - [16/Jun/2015:11:46:34 -0500] "GET /images/logo2.png HTTP/1.0" 404 294 "-" "facebookexternalhit/1.1 (+http://www.facebook.com/externalhit_uatext.php)"
66.220.146.22 - - [16/Jun/2015:11:46:36 -0500] "GET /images/logo2.png HTTP/1.0" 404 294 "-" "facebookexternalhit/1.0 (+http://www.facebook.com/externalhit_uatext.php)"
187.176.156.243 - - [16/Jun/2015:11:51:25 -0500] "GET / HTTP/1.0" 301 507 "-" "Mozilla/5.0 (Windows NT 6.3; WOW64; Trident/7.0; MAGWJS; rv:11.0) like Gecko"
187.176.156.243 - - [16/Jun/2015:11:51:25 -0500] "GET / HTTP/1.0" 200 4300 "-" "Mozilla/5.0 (Windows NT 6.3; WOW64; Trident/7.0; MAGWJS; rv:11.0) like Gecko"
187.176.156.243 - - [16/Jun/2015:11:51:30 -0500] "GET / HTTP/1.0" 200 4300 "http://conektaradio.com/" "Mozilla/5.0 (Windows NT 6.3; WOW64; Trident/7.0; MAGWJS; rv:11.0) like Gecko"
66.220.146.20 - - [16/Jun/2015:11:51:38 -0500] "GET /imagenes/programacion.png HTTP/1.0" 301 557 "-" "facebookexternalhit/1.1 (+http://www.facebook.com/externalhit_uatext.php)"
66.220.146.22 - - [16/Jun/2015:11:51:38 -0500] "GET /imagenes/programacion.png HTTP/1.0" 404 294 "-" "facebookexternalhit/1.1 (+http://www.facebook.com/externalhit_uatext.php)"
66.220.146.26 - - [16/Jun/2015:11:51:38 -0500] "GET /imagenes/programacion.png HTTP/1.0" 301 557 "-" "facebookexternalhit/1.0 (+http://www.facebook.com/externalhit_uatext.php)"
66.220.146.22 - - [16/Jun/2015:11:51:38 -0500] "GET /imagenes/programacion.png HTTP/1.0" 404 294 "-" "facebookexternalhit/1.0 (+http://www.facebook.com/externalhit_uatext.php)"
187.176.156.243 - - [16/Jun/2015:11:51:50 -0500] "GET / HTTP/1.0" 200 4300 "-" "Mozilla/5.0 (Windows NT 6.3; WOW64; Trident/7.0; MAGWJS; rv:11.0) like Gecko"
187.176.156.243 - - [16/Jun/2015:11:51:54 -0500] "GET / HTTP/1.0" 200 4300 "http://conektaradio.com/" "Mozilla/5.0 (Windows NT 6.3; WOW64; Trident/7.0; MAGWJS; rv:11.0) like Gecko"
187.176.156.243 - - [16/Jun/2015:11:53:56 -0500] "GET / HTTP/1.0" 200 4300 "-" "Mozilla/5.0 (Windows NT 6.3; WOW64; Trident/7.0; MAGWJS; rv:11.0) like Gecko"
187.176.156.243 - - [16/Jun/2015:11:54:00 -0500] "GET / HTTP/1.0" 200 4300 "http://conektaradio.com/" "Mozilla/5.0 (Windows NT 6.3; WOW64; Trident/7.0; MAGWJS; rv:11.0) like Gecko"
157.55.39.137 - - [16/Jun/2015:12:06:40 -0500] "GET / HTTP/1.0" 403 485 "-" "Mozilla/5.0 (compatible; bingbot/2.0; +http://www.bing.com/bingbot.htm)"
187.176.156.243 - - [16/Jun/2015:12:09:10 -0500] "GET / HTTP/1.0" 200 4300 "-" "Mozilla/5.0 (Windows NT 6.3; WOW64; Trident/7.0; MAGWJS; rv:11.0) like Gecko"
187.176.156.243 - - [16/Jun/2015:12:09:18 -0500] "GET / HTTP/1.0" 200 4300 "http://conektaradio.com/" "Mozilla/5.0 (Windows NT 6.3; WOW64; Trident/7.0; MAGWJS; rv:11.0) like Gecko"
187.176.156.243 - - [16/Jun/2015:12:17:33 -0500] "GET / HTTP/1.0" 200 4300 "http://conektaradio.com/" "Mozilla/5.0 (Windows NT 6.3; WOW64; Trident/7.0; MAGWJS; rv:11.0) like Gecko"
187.176.156.243 - - [16/Jun/2015:12:18:39 -0500] "GET / HTTP/1.0" 200 4300 "http://conektaradio.com/" "Mozilla/5.0 (Windows NT 6.3; WOW64; Trident/7.0; MAGWJS; rv:11.0) like Gecko"
52.4.218.147 - - [16/Jun/2015:12:18:46 -0500] "GET /robots.txt HTTP/1.0" 404 310 "-" "Mozilla/5.0 (compatible; proximic; +http://www.proximic.com/info/spider.php)"
54.175.10.128 - - [16/Jun/2015:12:19:18 -0500] "GET / HTTP/1.0" 200 15684 "-" "Mozilla/5.0 (compatible; proximic; +http://www.proximic.com/info/spider.php)"
189.161.20.147 - - [16/Jun/2015:12:20:04 -0500] "GET / HTTP/1.0" 301 507 "https://www.facebook.com/" "Mozilla/5.0 (Macintosh; Intel Mac OS X 10_6_3) AppleWebKit/537.36 (KHTML, like Gecko) Chrome/43.0.2357.124 Safari/537.36"
189.161.20.147 - - [16/Jun/2015:12:20:05 -0500] "GET / HTTP/1.0" 200 4300 "https://www.facebook.com/" "Mozilla/5.0 (Macintosh; Intel Mac OS X 10_6_3) AppleWebKit/537.36 (KHTML, like Gecko) Chrome/43.0.2357.124 Safari/537.36"
189.161.20.147 - - [16/Jun/2015:12:20:06 -0500] "GET /favicon.ico HTTP/1.0" 200 361 "http://conektaradio.com/" "Mozilla/5.0 (Macintosh; Intel Mac OS X 10_6_3) AppleWebKit/537.36 (KHTML, like Gecko) Chrome/43.0.2357.124 Safari/537.36"
66.220.156.118 - - [16/Jun/2015:12:20:08 -0500] "GET /images/logo2.png HTTP/1.0" 404 294 "-" "facebookexternalhit/1.1 (+http://www.facebook.com/externalhit_uatext.php)"
66.220.156.118 - - [16/Jun/2015:12:20:08 -0500] "GET /images/logo2.png HTTP/1.0" 404 294 "-" "facebookexternalhit/1.0 (+http://www.facebook.com/externalhit_uatext.php)"
173.252.120.112 - - [16/Jun/2015:12:21:19 -0500] "GET /images/logo2.png HTTP/1.0" 404 294 "-" "facebookexternalhit/1.1 (+http://www.facebook.com/externalhit_uatext.php)"
173.252.120.113 - - [16/Jun/2015:12:21:20 -0500] "GET /images/logo2.png HTTP/1.0" 404 294 "-" "facebookexternalhit/1.0 (+http://www.facebook.com/externalhit_uatext.php)"
69.171.230.113 - - [16/Jun/2015:12:21:44 -0500] "GET /imagenes/programacion.png HTTP/1.0" 404 294 "-" "facebookexternalhit/1.1 (+http://www.facebook.com/externalhit_uatext.php)"
69.171.230.115 - - [16/Jun/2015:12:21:46 -0500] "GET /imagenes/programacion.png HTTP/1.0" 404 294 "-" "facebookexternalhit/1.0 (+http://www.facebook.com/externalhit_uatext.php)"
187.176.156.243 - - [16/Jun/2015:12:22:11 -0500] "GET / HTTP/1.0" 200 4300 "http://conektaradio.com/" "Mozilla/5.0 (Windows NT 6.3; WOW64; Trident/7.0; MAGWJS; rv:11.0) like Gecko"
189.161.20.147 - - [16/Jun/2015:12:22:27 -0500] "GET / HTTP/1.0" 200 4300 "-" "Mozilla/5.0 (Macintosh; Intel Mac OS X 10_6_3) AppleWebKit/537.36 (KHTML, like Gecko) Chrome/43.0.2357.124 Safari/537.36"
66.249.85.247 - - [16/Jun/2015:12:22:48 -0500] "GET / HTTP/1.0" 200 4300 "http://www.google.com.mx/" "Mozilla/5.0 (Linux; Android 4.4.4; XT1032 Build/KXB21.14-L1.40) AppleWebKit/537.36 (KHTML, like Gecko) Chrome/39.0.2171.93 Mobile Safari/537.36"
66.249.85.253 - - [16/Jun/2015:12:22:49 -0500] "GET /favicon.ico HTTP/1.0" 200 361 "http://www.google.com.mx/" "Mozilla/5.0 (Linux; Android 4.4.4; XT1032 Build/KXB21.14-L1.40) AppleWebKit/537.36 (KHTML, like Gecko) Chrome/39.0.2171.93 Mobile Safari/537.36"
69.171.230.117 - - [16/Jun/2015:12:22:56 -0500] "GET /images/logo2.png HTTP/1.0" 404 294 "-" "facebookexternalhit/1.1 (+http://www.facebook.com/externalhit_uatext.php)"
69.171.230.116 - - [16/Jun/2015:12:22:56 -0500] "GET /images/logo2.png HTTP/1.0" 404 294 "-" "facebookexternalhit/1.0 (+http://www.facebook.com/externalhit_uatext.php)"
66.220.146.26 - - [16/Jun/2015:12:25:25 -0500] "GET /images/logo2.png HTTP/1.0" 404 294 "-" "facebookexternalhit/1.1 (+http://www.facebook.com/externalhit_uatext.php)"
66.220.146.25 - - [16/Jun/2015:12:25:25 -0500] "GET /images/logo2.png HTTP/1.0" 404 294 "-" "facebookexternalhit/1.0 (+http://www.facebook.com/externalhit_uatext.php)"
173.252.100.118 - - [16/Jun/2015:12:25:25 -0500] "GET /images/logo2.png HTTP/1.0" 404 294 "-" "facebookexternalhit/1.1 (+http://www.facebook.com/externalhit_uatext.php)"
173.252.100.115 - - [16/Jun/2015:12:25:26 -0500] "GET /images/logo2.png HTTP/1.0" 404 294 "-" "facebookexternalhit/1.0 (+http://www.facebook.com/externalhit_uatext.php)"
66.249.85.250 - - [16/Jun/2015:12:36:05 -0500] "GET / HTTP/1.0" 200 4300 "-" "Mozilla/5.0 (Linux; Android 4.4.4; XT1032 Build/KXB21.14-L1.40) AppleWebKit/537.36 (KHTML, like Gecko) Chrome/39.0.2171.93 Mobile Safari/537.36"
173.252.112.116 - - [16/Jun/2015:12:36:33 -0500] "GET /images/logo2.png HTTP/1.0" 404 294 "-" "facebookexternalhit/1.1 (+http://www.facebook.com/externalhit_uatext.php)"
173.252.112.113 - - [16/Jun/2015:12:36:36 -0500] "GET /images/logo2.png HTTP/1.0" 404 294 "-" "facebookexternalhit/1.0 (+http://www.facebook.com/externalhit_uatext.php)"
66.249.79.245 - - [16/Jun/2015:12:45:00 -0500] "GET /?hc_location=ufi HTTP/1.0" 200 4300 "-" "Mozilla/5.0 (compatible; Googlebot/2.1; +http://www.google.com/bot.html)"
173.252.73.118 - - [16/Jun/2015:12:53:17 -0500] "GET /images/logo2.png HTTP/1.0" 404 294 "-" "facebookexternalhit/1.1 (+http://www.facebook.com/externalhit_uatext.php)"
173.252.73.117 - - [16/Jun/2015:12:53:18 -0500] "GET /images/logo2.png HTTP/1.0" 404 294 "-" "facebookexternalhit/1.0 (+http://www.facebook.com/externalhit_uatext.php)"
173.252.112.118 - - [16/Jun/2015:13:08:17 -0500] "GET /images/logo2.png HTTP/1.0" 404 294 "-" "facebookexternalhit/1.1 (+http://www.facebook.com/externalhit_uatext.php)"
173.252.112.119 - - [16/Jun/2015:13:08:18 -0500] "GET /images/logo2.png HTTP/1.0" 404 294 "-" "facebookexternalhit/1.0 (+http://www.facebook.com/externalhit_uatext.php)"
173.252.100.118 - - [16/Jun/2015:13:12:07 -0500] "GET /images/logo2.png HTTP/1.0" 404 294 "-" "facebookexternalhit/1.1 (+http://www.facebook.com/externalhit_uatext.php)"
173.252.100.114 - - [16/Jun/2015:13:12:07 -0500] "GET /images/logo2.png HTTP/1.0" 404 294 "-" "facebookexternalhit/1.0 (+http://www.facebook.com/externalhit_uatext.php)"
52.5.182.102 - - [16/Jun/2015:13:26:11 -0500] "GET / HTTP/1.0" 200 4300 "-" "Mozilla/5.0 (Windows NT 6.1; WOW64) AppleWebKit/535.2 (KHTML, like Gecko) Chrome/15.0.874.120 Safari/535.2"
52.5.182.102 - - [16/Jun/2015:13:26:13 -0500] "GET / HTTP/1.0" 200 4300 "-" "Mozilla/5.0 (Windows NT 6.1; WOW64) AppleWebKit/535.2 (KHTML, like Gecko) Chrome/15.0.874.120 Safari/535.2"
173.33.136.24 - - [16/Jun/2015:13:30:56 -0500] "GET / HTTP/1.0" 200 4300 "http://buttons-for-your-website.com" "Mozilla/5.0 (Windows NT 6.1; WOW64) AppleWebKit/537.36 (KHTML, like Gecko) Chrome/36.0.1985.143 Safari/537.36"
173.252.120.118 - - [16/Jun/2015:13:33:37 -0500] "GET /images/logo2.png HTTP/1.0" 404 294 "-" "facebookexternalhit/1.1 (+http://www.facebook.com/externalhit_uatext.php)"
173.252.120.114 - - [16/Jun/2015:13:33:38 -0500] "GET /images/logo2.png HTTP/1.0" 404 294 "-" "facebookexternalhit/1.0 (+http://www.facebook.com/externalhit_uatext.php)"
69.171.230.115 - - [16/Jun/2015:13:35:02 -0500] "GET /images/logo2.png HTTP/1.0" 404 294 "-" "facebookexternalhit/1.1 (+http://www.facebook.com/externalhit_uatext.php)"
69.171.230.113 - - [16/Jun/2015:13:35:02 -0500] "GET /images/logo2.png HTTP/1.0" 404 294 "-" "facebookexternalhit/1.0 (+http://www.facebook.com/externalhit_uatext.php)"
173.252.112.119 - - [16/Jun/2015:14:11:05 -0500] "GET /images/logo2.png HTTP/1.0" 404 294 "-" "facebookexternalhit/1.1 (+http://www.facebook.com/externalhit_uatext.php)"
