201.102.35.244 - - [16/Jun/2015:15:17:29 -0500] "GET / HTTP/1.0" 200 4300 "-" "Mozilla/5.0 (iPhone; CPU iPhone OS 7_1_2 like Mac OS X) AppleWebKit/537.51.2 (KHTML, like Gecko) Version/7.0 Mobile/11D257 Safari/9537.53"
187.186.170.84 - - [16/Jun/2015:15:18:08 -0500] "GET / HTTP/1.0" 200 4300 "http://www.google.com.mx/url?sa=t&rct=j&q=&esrc=s&source=web&cd=1&ved=0CB0QFjAAahUKEwj7q8GphJXGAhXGaK0KHX0SAFg&url=http%3A%2F%2Fconektaradio.com%2F&ei=dYSAVbudOMbRtQX9pIDABQ&usg=AFQjCNE2DfQqatej64ZiSJKVl1sMJ2wLiA&bvm=bv.96041959,d.b2w" "Mozilla/5.0 (Windows NT 6.3; WOW64; Trident/7.0; rv:11.0) like Gecko"
187.186.170.84 - - [16/Jun/2015:15:18:09 -0500] "GET /favicon.ico HTTP/1.0" 200 361 "-" "Mozilla/5.0 (Windows NT 6.3; Win64; x64; Trident/7.0; rv:11.0) like Gecko"
187.176.4.173 - - [16/Jun/2015:15:18:54 -0500] "GET / HTTP/1.0" 301 507 "http://l.facebook.com/l.php?u=http%3A%2F%2Fwww.conektaradio.com%2F&h=QAQGmLOm-&enc=AZNqV0-FF3VbZYtIAHs2K2m7bLM20Yh-O9_jEFK3JVO8W6KkPCqokdt7UrbL5CDQgYXm9M2MBPK171yaivPoQ_zqX68cLGeSDFFKAheku_AAdLa3sa0ZYhQUNEZMnKIdFLay3NTNT3vo9Zh_VgTLqTNdC5fyMjmVtcgreu_z8BdGuusP7BahCK3e60lU4Q8w8CNi9SdYUft3rb8sQ9q3izoG&s=1" "Mozilla/5.0 (Macintosh; Intel Mac OS X 10.5; rv:16.0) Gecko/20100101 Firefox/16.0"
187.176.4.173 - - [16/Jun/2015:15:18:54 -0500] "GET / HTTP/1.0" 200 4300 "http://l.facebook.com/l.php?u=http%3A%2F%2Fwww.conektaradio.com%2F&h=QAQGmLOm-&enc=AZNqV0-FF3VbZYtIAHs2K2m7bLM20Yh-O9_jEFK3JVO8W6KkPCqokdt7UrbL5CDQgYXm9M2MBPK171yaivPoQ_zqX68cLGeSDFFKAheku_AAdLa3sa0ZYhQUNEZMnKIdFLay3NTNT3vo9Zh_VgTLqTNdC5fyMjmVtcgreu_z8BdGuusP7BahCK3e60lU4Q8w8CNi9SdYUft3rb8sQ9q3izoG&s=1" "Mozilla/5.0 (Macintosh; Intel Mac OS X 10.5; rv:16.0) Gecko/20100101 Firefox/16.0"
187.176.4.173 - - [16/Jun/2015:15:18:54 -0500] "GET /favicon.ico HTTP/1.0" 200 361 "-" "Mozilla/5.0 (Macintosh; Intel Mac OS X 10.5; rv:16.0) Gecko/20100101 Firefox/16.0"
173.252.112.112 - - [16/Jun/2015:15:19:15 -0500] "GET /images/logo2.png HTTP/1.0" 404 294 "-" "facebookexternalhit/1.1 (+http://www.facebook.com/externalhit_uatext.php)"
173.252.112.112 - - [16/Jun/2015:15:19:15 -0500] "GET /images/logo2.png HTTP/1.0" 404 294 "-" "facebookexternalhit/1.0 (+http://www.facebook.com/externalhit_uatext.php)"
66.220.156.118 - - [16/Jun/2015:15:20:02 -0500] "GET /images/logo2.png HTTP/1.0" 404 294 "-" "facebookexternalhit/1.1 (+http://www.facebook.com/externalhit_uatext.php)"
66.220.156.114 - - [16/Jun/2015:15:20:02 -0500] "GET /images/logo2.png HTTP/1.0" 404 294 "-" "facebookexternalhit/1.0 (+http://www.facebook.com/externalhit_uatext.php)"
173.252.120.114 - - [16/Jun/2015:15:20:22 -0500] "GET /images/logo2.png HTTP/1.0" 404 294 "-" "facebookexternalhit/1.1 (+http://www.facebook.com/externalhit_uatext.php)"
173.252.120.118 - - [16/Jun/2015:15:20:22 -0500] "GET /images/logo2.png HTTP/1.0" 404 294 "-" "facebookexternalhit/1.0 (+http://www.facebook.com/externalhit_uatext.php)"
69.171.230.117 - - [16/Jun/2015:15:20:36 -0500] "GET /images/logo2.png HTTP/1.0" 404 294 "-" "facebookexternalhit/1.1 (+http://www.facebook.com/externalhit_uatext.php)"
69.171.230.117 - - [16/Jun/2015:15:20:37 -0500] "GET /images/logo2.png HTTP/1.0" 404 294 "-" "facebookexternalhit/1.0 (+http://www.facebook.com/externalhit_uatext.php)"
66.220.156.112 - - [16/Jun/2015:15:22:07 -0500] "GET /images/logo2.png HTTP/1.0" 404 294 "-" "facebookexternalhit/1.1 (+http://www.facebook.com/externalhit_uatext.php)"
66.220.156.117 - - [16/Jun/2015:15:22:07 -0500] "GET /images/logo2.png HTTP/1.0" 404 294 "-" "facebookexternalhit/1.0 (+http://www.facebook.com/externalhit_uatext.php)"
173.252.112.115 - - [16/Jun/2015:15:22:25 -0500] "GET /images/logo2.png HTTP/1.0" 404 294 "-" "facebookexternalhit/1.1 (+http://www.facebook.com/externalhit_uatext.php)"
173.252.112.116 - - [16/Jun/2015:15:22:25 -0500] "GET /images/logo2.png HTTP/1.0" 404 294 "-" "facebookexternalhit/1.0 (+http://www.facebook.com/externalhit_uatext.php)"
69.171.230.118 - - [16/Jun/2015:15:22:33 -0500] "GET /images/logo2.png HTTP/1.0" 404 294 "-" "facebookexternalhit/1.1 (+http://www.facebook.com/externalhit_uatext.php)"
69.171.230.116 - - [16/Jun/2015:15:22:34 -0500] "GET /images/logo2.png HTTP/1.0" 404 294 "-" "facebookexternalhit/1.0 (+http://www.facebook.com/externalhit_uatext.php)"
173.252.120.119 - - [16/Jun/2015:15:22:43 -0500] "GET /images/logo2.png HTTP/1.0" 404 294 "-" "facebookexternalhit/1.1 (+http://www.facebook.com/externalhit_uatext.php)"
173.252.120.117 - - [16/Jun/2015:15:22:43 -0500] "GET /images/logo2.png HTTP/1.0" 404 294 "-" "facebookexternalhit/1.0 (+http://www.facebook.com/externalhit_uatext.php)"
173.252.120.112 - - [16/Jun/2015:15:23:28 -0500] "GET /images/logo2.png HTTP/1.0" 404 294 "-" "facebookexternalhit/1.1 (+http://www.facebook.com/externalhit_uatext.php)"
173.252.120.115 - - [16/Jun/2015:15:23:28 -0500] "GET /images/logo2.png HTTP/1.0" 404 294 "-" "facebookexternalhit/1.0 (+http://www.facebook.com/externalhit_uatext.php)"
66.220.158.115 - - [16/Jun/2015:15:24:02 -0500] "GET /images/logo2.png HTTP/1.0" 404 294 "-" "facebookexternalhit/1.1 (+http://www.facebook.com/externalhit_uatext.php)"
66.220.158.112 - - [16/Jun/2015:15:24:02 -0500] "GET /images/logo2.png HTTP/1.0" 404 294 "-" "facebookexternalhit/1.0 (+http://www.facebook.com/externalhit_uatext.php)"
173.252.100.112 - - [16/Jun/2015:15:24:06 -0500] "GET /images/logo2.png HTTP/1.0" 404 294 "-" "facebookexternalhit/1.1 (+http://www.facebook.com/externalhit_uatext.php)"
173.252.100.117 - - [16/Jun/2015:15:24:06 -0500] "GET /images/logo2.png HTTP/1.0" 404 294 "-" "facebookexternalhit/1.0 (+http://www.facebook.com/externalhit_uatext.php)"
66.220.156.116 - - [16/Jun/2015:15:24:09 -0500] "GET /images/logo2.png HTTP/1.0" 404 294 "-" "facebookexternalhit/1.1 (+http://www.facebook.com/externalhit_uatext.php)"
66.220.156.119 - - [16/Jun/2015:15:24:10 -0500] "GET /images/logo2.png HTTP/1.0" 404 294 "-" "facebookexternalhit/1.0 (+http://www.facebook.com/externalhit_uatext.php)"
173.252.100.112 - - [16/Jun/2015:15:25:39 -0500] "GET /images/logo2.png HTTP/1.0" 404 294 "-" "facebookexternalhit/1.1 (+http://www.facebook.com/externalhit_uatext.php)"
173.252.100.116 - - [16/Jun/2015:15:25:39 -0500] "GET /images/logo2.png HTTP/1.0" 404 294 "-" "facebookexternalhit/1.0 (+http://www.facebook.com/externalhit_uatext.php)"
173.252.100.118 - - [16/Jun/2015:15:27:21 -0500] "GET /images/logo2.png HTTP/1.0" 404 294 "-" "facebookexternalhit/1.1 (+http://www.facebook.com/externalhit_uatext.php)"
173.252.100.116 - - [16/Jun/2015:15:27:21 -0500] "GET /images/logo2.png HTTP/1.0" 404 294 "-" "facebookexternalhit/1.0 (+http://www.facebook.com/externalhit_uatext.php)"
66.220.156.112 - - [16/Jun/2015:15:28:36 -0500] "GET /images/logo2.png HTTP/1.0" 404 294 "-" "facebookexternalhit/1.1 (+http://www.facebook.com/externalhit_uatext.php)"
66.220.156.115 - - [16/Jun/2015:15:28:36 -0500] "GET /images/logo2.png HTTP/1.0" 404 294 "-" "facebookexternalhit/1.0 (+http://www.facebook.com/externalhit_uatext.php)"
173.252.112.115 - - [16/Jun/2015:15:29:11 -0500] "GET /images/logo2.png HTTP/1.0" 404 294 "-" "facebookexternalhit/1.1 (+http://www.facebook.com/externalhit_uatext.php)"
173.252.112.117 - - [16/Jun/2015:15:29:11 -0500] "GET /images/logo2.png HTTP/1.0" 404 294 "-" "facebookexternalhit/1.0 (+http://www.facebook.com/externalhit_uatext.php)"
173.252.120.119 - - [16/Jun/2015:15:29:47 -0500] "GET /images/logo2.png HTTP/1.0" 404 294 "-" "facebookexternalhit/1.1 (+http://www.facebook.com/externalhit_uatext.php)"
173.252.120.116 - - [16/Jun/2015:15:29:47 -0500] "GET /images/logo2.png HTTP/1.0" 404 294 "-" "facebookexternalhit/1.0 (+http://www.facebook.com/externalhit_uatext.php)"
66.220.158.118 - - [16/Jun/2015:15:30:29 -0500] "GET /imagenes/programacion.png HTTP/1.0" 301 557 "-" "facebookexternalhit/1.1 (+http://www.facebook.com/externalhit_uatext.php)"
66.220.158.112 - - [16/Jun/2015:15:30:29 -0500] "GET /imagenes/programacion.png HTTP/1.0" 404 294 "-" "facebookexternalhit/1.1 (+http://www.facebook.com/externalhit_uatext.php)"
66.220.158.116 - - [16/Jun/2015:15:30:30 -0500] "GET /imagenes/programacion.png HTTP/1.0" 301 557 "-" "facebookexternalhit/1.0 (+http://www.facebook.com/externalhit_uatext.php)"
66.220.158.114 - - [16/Jun/2015:15:30:30 -0500] "GET /imagenes/programacion.png HTTP/1.0" 404 294 "-" "facebookexternalhit/1.0 (+http://www.facebook.com/externalhit_uatext.php)"
173.252.74.119 - - [16/Jun/2015:15:31:54 -0500] "GET /images/logo2.png HTTP/1.0" 404 294 "-" "facebookexternalhit/1.1 (+http://www.facebook.com/externalhit_uatext.php)"
173.252.74.114 - - [16/Jun/2015:15:31:54 -0500] "GET /images/logo2.png HTTP/1.0" 404 294 "-" "facebookexternalhit/1.0 (+http://www.facebook.com/externalhit_uatext.php)"
173.252.100.114 - - [16/Jun/2015:15:32:55 -0500] "GET /images/logo2.png HTTP/1.0" 404 294 "-" "facebookexternalhit/1.1 (+http://www.facebook.com/externalhit_uatext.php)"
173.252.100.112 - - [16/Jun/2015:15:32:55 -0500] "GET /images/logo2.png HTTP/1.0" 404 294 "-" "facebookexternalhit/1.0 (+http://www.facebook.com/externalhit_uatext.php)"
201.141.176.2 - - [16/Jun/2015:15:34:39 -0500] "GET / HTTP/1.0" 301 507 "http://m.facebook.com/" "Mozilla/5.0 (Linux; Android 4.4.4; XT1058 Build/KXA21.12-L1.29.1) AppleWebKit/537.36 (KHTML, like Gecko) Chrome/43.0.2357.93 Mobile Safari/537.36"
201.141.176.2 - - [16/Jun/2015:15:34:39 -0500] "GET / HTTP/1.0" 200 4300 "http://m.facebook.com/" "Mozilla/5.0 (Linux; Android 4.4.4; XT1058 Build/KXA21.12-L1.29.1) AppleWebKit/537.36 (KHTML, like Gecko) Chrome/43.0.2357.93 Mobile Safari/537.36"
201.141.176.2 - - [16/Jun/2015:15:34:46 -0500] "GET /favicon.ico HTTP/1.0" 200 361 "http://m.facebook.com/" "Mozilla/5.0 (Linux; Android 4.4.4; XT1058 Build/KXA21.12-L1.29.1) AppleWebKit/537.36 (KHTML, like Gecko) Chrome/43.0.2357.93 Mobile Safari/537.36"
201.141.176.2 - - [16/Jun/2015:15:34:56 -0500] "GET / HTTP/1.0" 200 4300 "http://m.facebook.com/" "Mozilla/5.0 (Linux; Android 4.4.4; XT1058 Build/KXA21.12-L1.29.1) AppleWebKit/537.36 (KHTML, like Gecko) Chrome/43.0.2357.93 Mobile Safari/537.36"
201.141.176.2 - - [16/Jun/2015:15:34:56 -0500] "GET /favicon.ico HTTP/1.0" 200 361 "http://m.facebook.com/" "Mozilla/5.0 (Linux; Android 4.4.4; XT1058 Build/KXA21.12-L1.29.1) AppleWebKit/537.36 (KHTML, like Gecko) Chrome/43.0.2357.93 Mobile Safari/537.36"
201.141.176.2 - - [16/Jun/2015:15:34:59 -0500] "GET / HTTP/1.0" 200 4300 "http://m.facebook.com/" "Mozilla/5.0 (Linux; Android 4.4.4; XT1058 Build/KXA21.12-L1.29.1) AppleWebKit/537.36 (KHTML, like Gecko) Chrome/43.0.2357.93 Mobile Safari/537.36"
201.141.176.2 - - [16/Jun/2015:15:34:59 -0500] "GET /favicon.ico HTTP/1.0" 200 361 "http://m.facebook.com/" "Mozilla/5.0 (Linux; Android 4.4.4; XT1058 Build/KXA21.12-L1.29.1) AppleWebKit/537.36 (KHTML, like Gecko) Chrome/43.0.2357.93 Mobile Safari/537.36"
201.141.176.2 - - [16/Jun/2015:15:35:09 -0500] "GET / HTTP/1.0" 200 4300 "http://m.facebook.com/" "Mozilla/5.0 (Linux; Android 4.4.4; XT1058 Build/KXA21.12-L1.29.1) AppleWebKit/537.36 (KHTML, like Gecko) Chrome/43.0.2357.93 Mobile Safari/537.36"
201.141.176.2 - - [16/Jun/2015:15:35:09 -0500] "GET /favicon.ico HTTP/1.0" 200 361 "http://m.facebook.com/" "Mozilla/5.0 (Linux; Android 4.4.4; XT1058 Build/KXA21.12-L1.29.1) AppleWebKit/537.36 (KHTML, like Gecko) Chrome/43.0.2357.93 Mobile Safari/537.36"
66.220.156.117 - - [16/Jun/2015:15:37:53 -0500] "GET /images/logo2.png HTTP/1.0" 404 294 "-" "facebookexternalhit/1.1 (+http://www.facebook.com/externalhit_uatext.php)"
66.220.156.116 - - [16/Jun/2015:15:37:53 -0500] "GET /images/logo2.png HTTP/1.0" 404 294 "-" "facebookexternalhit/1.0 (+http://www.facebook.com/externalhit_uatext.php)"
69.171.230.113 - - [16/Jun/2015:15:38:07 -0500] "GET /images/logo2.png HTTP/1.0" 404 294 "-" "facebookexternalhit/1.1 (+http://www.facebook.com/externalhit_uatext.php)"
69.171.230.114 - - [16/Jun/2015:15:38:07 -0500] "GET /images/logo2.png HTTP/1.0" 404 294 "-" "facebookexternalhit/1.0 (+http://www.facebook.com/externalhit_uatext.php)"
173.252.120.114 - - [16/Jun/2015:15:38:15 -0500] "GET /images/logo2.png HTTP/1.0" 404 294 "-" "facebookexternalhit/1.1 (+http://www.facebook.com/externalhit_uatext.php)"
173.252.120.112 - - [16/Jun/2015:15:38:15 -0500] "GET /images/logo2.png HTTP/1.0" 404 294 "-" "facebookexternalhit/1.0 (+http://www.facebook.com/externalhit_uatext.php)"
173.252.100.112 - - [16/Jun/2015:15:39:55 -0500] "GET /images/logo2.png HTTP/1.0" 404 294 "-" "facebookexternalhit/1.1 (+http://www.facebook.com/externalhit_uatext.php)"
173.252.100.117 - - [16/Jun/2015:15:39:55 -0500] "GET /images/logo2.png HTTP/1.0" 404 294 "-" "facebookexternalhit/1.0 (+http://www.facebook.com/externalhit_uatext.php)"
173.252.120.115 - - [16/Jun/2015:15:42:15 -0500] "GET /images/logo2.png HTTP/1.0" 404 294 "-" "facebookexternalhit/1.1 (+http://www.facebook.com/externalhit_uatext.php)"
173.252.120.116 - - [16/Jun/2015:15:42:15 -0500] "GET /images/logo2.png HTTP/1.0" 404 294 "-" "facebookexternalhit/1.0 (+http://www.facebook.com/externalhit_uatext.php)"
66.249.79.221 - - [16/Jun/2015:15:42:21 -0500] "GET / HTTP/1.0" 200 4300 "-" "Mozilla/5.0 (iPhone; CPU iPhone OS 6_0 like Mac OS X) AppleWebKit/536.26 (KHTML, like Gecko) Version/6.0 Mobile/10A5376e Safari/8536.25 (compatible; Googlebot/2.1; +http://www.google.com/bot.html)"
173.252.120.113 - - [16/Jun/2015:15:42:40 -0500] "GET /images/logo2.png HTTP/1.0" 404 294 "-" "facebookexternalhit/1.1 (+http://www.facebook.com/externalhit_uatext.php)"
173.252.120.112 - - [16/Jun/2015:15:42:40 -0500] "GET /images/logo2.png HTTP/1.0" 404 294 "-" "facebookexternalhit/1.0 (+http://www.facebook.com/externalhit_uatext.php)"
173.252.112.112 - - [16/Jun/2015:15:43:20 -0500] "GET /images/logo2.png HTTP/1.0" 404 294 "-" "facebookexternalhit/1.1 (+http://www.facebook.com/externalhit_uatext.php)"
173.252.112.112 - - [16/Jun/2015:15:43:21 -0500] "GET /images/logo2.png HTTP/1.0" 404 294 "-" "facebookexternalhit/1.0 (+http://www.facebook.com/externalhit_uatext.php)"
173.252.100.119 - - [16/Jun/2015:15:43:36 -0500] "GET /images/logo2.png HTTP/1.0" 404 294 "-" "facebookexternalhit/1.1 (+http://www.facebook.com/externalhit_uatext.php)"
173.252.100.116 - - [16/Jun/2015:15:43:36 -0500] "GET /images/logo2.png HTTP/1.0" 404 294 "-" "facebookexternalhit/1.0 (+http://www.facebook.com/externalhit_uatext.php)"
66.220.146.22 - - [16/Jun/2015:15:44:36 -0500] "GET /images/logo2.png HTTP/1.0" 404 294 "-" "facebookexternalhit/1.1 (+http://www.facebook.com/externalhit_uatext.php)"
66.220.146.24 - - [16/Jun/2015:15:44:36 -0500] "GET /images/logo2.png HTTP/1.0" 404 294 "-" "facebookexternalhit/1.0 (+http://www.facebook.com/externalhit_uatext.php)"
66.220.156.116 - - [16/Jun/2015:15:45:01 -0500] "GET /images/logo2.png HTTP/1.0" 404 294 "-" "facebookexternalhit/1.1 (+http://www.facebook.com/externalhit_uatext.php)"
66.220.156.115 - - [16/Jun/2015:15:45:01 -0500] "GET /images/logo2.png HTTP/1.0" 404 294 "-" "facebookexternalhit/1.0 (+http://www.facebook.com/externalhit_uatext.php)"
69.171.230.119 - - [16/Jun/2015:15:46:35 -0500] "GET /images/logo2.png HTTP/1.0" 404 294 "-" "facebookexternalhit/1.1 (+http://www.facebook.com/externalhit_uatext.php)"
69.171.230.112 - - [16/Jun/2015:15:46:35 -0500] "GET /images/logo2.png HTTP/1.0" 404 294 "-" "facebookexternalhit/1.0 (+http://www.facebook.com/externalhit_uatext.php)"
66.220.156.119 - - [16/Jun/2015:15:48:12 -0500] "GET /images/logo2.png HTTP/1.0" 404 294 "-" "facebookexternalhit/1.1 (+http://www.facebook.com/externalhit_uatext.php)"
66.220.156.112 - - [16/Jun/2015:15:48:12 -0500] "GET /images/logo2.png HTTP/1.0" 404 294 "-" "facebookexternalhit/1.0 (+http://www.facebook.com/externalhit_uatext.php)"
173.252.112.118 - - [16/Jun/2015:15:48:13 -0500] "GET /images/logo2.png HTTP/1.0" 404 294 "-" "facebookexternalhit/1.1 (+http://www.facebook.com/externalhit_uatext.php)"
173.252.112.118 - - [16/Jun/2015:15:48:13 -0500] "GET /images/logo2.png HTTP/1.0" 404 294 "-" "facebookexternalhit/1.0 (+http://www.facebook.com/externalhit_uatext.php)"
173.252.120.113 - - [16/Jun/2015:15:50:06 -0500] "GET /images/logo2.png HTTP/1.0" 404 294 "-" "facebookexternalhit/1.1 (+http://www.facebook.com/externalhit_uatext.php)"
173.252.120.114 - - [16/Jun/2015:15:50:06 -0500] "GET /images/logo2.png HTTP/1.0" 404 294 "-" "facebookexternalhit/1.0 (+http://www.facebook.com/externalhit_uatext.php)"
173.252.100.114 - - [16/Jun/2015:15:50:27 -0500] "GET /images/logo2.png HTTP/1.0" 404 294 "-" "facebookexternalhit/1.1 (+http://www.facebook.com/externalhit_uatext.php)"
173.252.100.114 - - [16/Jun/2015:15:50:27 -0500] "GET /images/logo2.png HTTP/1.0" 404 294 "-" "facebookexternalhit/1.0 (+http://www.facebook.com/externalhit_uatext.php)"
66.220.158.117 - - [16/Jun/2015:15:53:12 -0500] "GET /images/logo2.png HTTP/1.0" 404 294 "-" "facebookexternalhit/1.1 (+http://www.facebook.com/externalhit_uatext.php)"
66.220.158.117 - - [16/Jun/2015:15:53:13 -0500] "GET /images/logo2.png HTTP/1.0" 404 294 "-" "facebookexternalhit/1.0 (+http://www.facebook.com/externalhit_uatext.php)"
173.252.100.117 - - [16/Jun/2015:15:54:12 -0500] "GET /images/logo2.png HTTP/1.0" 404 294 "-" "facebookexternalhit/1.1 (+http://www.facebook.com/externalhit_uatext.php)"
173.252.100.118 - - [16/Jun/2015:15:54:12 -0500] "GET /images/logo2.png HTTP/1.0" 404 294 "-" "facebookexternalhit/1.0 (+http://www.facebook.com/externalhit_uatext.php)"
173.252.100.112 - - [16/Jun/2015:15:54:16 -0500] "GET /images/logo2.png HTTP/1.0" 404 294 "-" "facebookexternalhit/1.1 (+http://www.facebook.com/externalhit_uatext.php)"
173.252.100.112 - - [16/Jun/2015:15:54:16 -0500] "GET /images/logo2.png HTTP/1.0" 404 294 "-" "facebookexternalhit/1.0 (+http://www.facebook.com/externalhit_uatext.php)"
173.252.100.116 - - [16/Jun/2015:15:55:08 -0500] "GET /images/logo2.png HTTP/1.0" 404 294 "-" "facebookexternalhit/1.1 (+http://www.facebook.com/externalhit_uatext.php)"
173.252.100.116 - - [16/Jun/2015:15:55:09 -0500] "GET /images/logo2.png HTTP/1.0" 404 294 "-" "facebookexternalhit/1.0 (+http://www.facebook.com/externalhit_uatext.php)"
66.220.156.114 - - [16/Jun/2015:15:56:38 -0500] "GET /images/logo2.png HTTP/1.0" 404 294 "-" "facebookexternalhit/1.1 (+http://www.facebook.com/externalhit_uatext.php)"
66.220.156.115 - - [16/Jun/2015:15:56:38 -0500] "GET /images/logo2.png HTTP/1.0" 404 294 "-" "facebookexternalhit/1.0 (+http://www.facebook.com/externalhit_uatext.php)"
173.252.112.115 - - [16/Jun/2015:15:59:43 -0500] "GET /images/logo2.png HTTP/1.0" 404 294 "-" "facebookexternalhit/1.1 (+http://www.facebook.com/externalhit_uatext.php)"
173.252.112.118 - - [16/Jun/2015:15:59:43 -0500] "GET /images/logo2.png HTTP/1.0" 404 294 "-" "facebookexternalhit/1.0 (+http://www.facebook.com/externalhit_uatext.php)"
173.252.112.115 - - [16/Jun/2015:16:00:02 -0500] "GET /images/logo2.png HTTP/1.0" 404 294 "-" "facebookexternalhit/1.1 (+http://www.facebook.com/externalhit_uatext.php)"
173.252.112.116 - - [16/Jun/2015:16:00:02 -0500] "GET /images/logo2.png HTTP/1.0" 404 294 "-" "facebookexternalhit/1.0 (+http://www.facebook.com/externalhit_uatext.php)"
189.217.22.136 - - [16/Jun/2015:16:01:01 -0500] "GET / HTTP/1.0" 301 507 "http://m.facebook.com/" "Mozilla/5.0 (Linux; U; Android 4.3; es-us; GT-N7100 Build/JSS15J) AppleWebKit/534.30 (KHTML, like Gecko) Version/4.0 Mobile Safari/534.30 [FB_IAB/FB4A;FBAV/35.0.0.48.273;]"
189.217.22.136 - - [16/Jun/2015:16:01:01 -0500] "GET / HTTP/1.0" 200 4300 "http://m.facebook.com/" "Mozilla/5.0 (Linux; U; Android 4.3; es-us; GT-N7100 Build/JSS15J) AppleWebKit/534.30 (KHTML, like Gecko) Version/4.0 Mobile Safari/534.30 [FB_IAB/FB4A;FBAV/35.0.0.48.273;]"
173.252.100.115 - - [16/Jun/2015:16:01:04 -0500] "GET /images/logo2.png HTTP/1.0" 404 294 "-" "facebookexternalhit/1.1 (+http://www.facebook.com/externalhit_uatext.php)"
173.252.100.117 - - [16/Jun/2015:16:01:04 -0500] "GET /images/logo2.png HTTP/1.0" 404 294 "-" "facebookexternalhit/1.0 (+http://www.facebook.com/externalhit_uatext.php)"
173.252.120.119 - - [16/Jun/2015:16:01:11 -0500] "GET /images/logo2.png HTTP/1.0" 404 294 "-" "facebookexternalhit/1.1 (+http://www.facebook.com/externalhit_uatext.php)"
173.252.120.114 - - [16/Jun/2015:16:01:12 -0500] "GET /images/logo2.png HTTP/1.0" 404 294 "-" "facebookexternalhit/1.0 (+http://www.facebook.com/externalhit_uatext.php)"
69.171.230.116 - - [16/Jun/2015:16:01:14 -0500] "GET /images/logo2.png HTTP/1.0" 404 294 "-" "facebookexternalhit/1.1 (+http://www.facebook.com/externalhit_uatext.php)"
69.171.230.113 - - [16/Jun/2015:16:01:14 -0500] "GET /images/logo2.png HTTP/1.0" 404 294 "-" "facebookexternalhit/1.0 (+http://www.facebook.com/externalhit_uatext.php)"
66.220.156.115 - - [16/Jun/2015:16:02:01 -0500] "GET /images/logo2.png HTTP/1.0" 404 294 "-" "facebookexternalhit/1.1 (+http://www.facebook.com/externalhit_uatext.php)"
66.220.156.113 - - [16/Jun/2015:16:02:01 -0500] "GET /images/logo2.png HTTP/1.0" 404 294 "-" "facebookexternalhit/1.0 (+http://www.facebook.com/externalhit_uatext.php)"
173.252.120.118 - - [16/Jun/2015:16:03:45 -0500] "GET /images/logo2.png HTTP/1.0" 404 294 "-" "facebookexternalhit/1.1 (+http://www.facebook.com/externalhit_uatext.php)"
173.252.120.116 - - [16/Jun/2015:16:03:45 -0500] "GET /images/logo2.png HTTP/1.0" 404 294 "-" "facebookexternalhit/1.0 (+http://www.facebook.com/externalhit_uatext.php)"
66.220.156.117 - - [16/Jun/2015:16:04:06 -0500] "GET /images/logo2.png HTTP/1.0" 404 294 "-" "facebookexternalhit/1.1 (+http://www.facebook.com/externalhit_uatext.php)"
66.220.156.112 - - [16/Jun/2015:16:04:06 -0500] "GET /images/logo2.png HTTP/1.0" 404 294 "-" "facebookexternalhit/1.0 (+http://www.facebook.com/externalhit_uatext.php)"
173.252.100.112 - - [16/Jun/2015:16:04:30 -0500] "GET /images/logo2.png HTTP/1.0" 404 294 "-" "facebookexternalhit/1.1 (+http://www.facebook.com/externalhit_uatext.php)"
173.252.100.117 - - [16/Jun/2015:16:04:30 -0500] "GET /images/logo2.png HTTP/1.0" 404 294 "-" "facebookexternalhit/1.0 (+http://www.facebook.com/externalhit_uatext.php)"
173.252.120.114 - - [16/Jun/2015:16:08:21 -0500] "GET /images/logo2.png HTTP/1.0" 404 294 "-" "facebookexternalhit/1.1 (+http://www.facebook.com/externalhit_uatext.php)"
173.252.120.119 - - [16/Jun/2015:16:08:21 -0500] "GET /images/logo2.png HTTP/1.0" 404 294 "-" "facebookexternalhit/1.0 (+http://www.facebook.com/externalhit_uatext.php)"
66.220.156.115 - - [16/Jun/2015:16:09:05 -0500] "GET /images/logo2.png HTTP/1.0" 404 294 "-" "facebookexternalhit/1.1 (+http://www.facebook.com/externalhit_uatext.php)"
66.220.156.112 - - [16/Jun/2015:16:09:05 -0500] "GET /images/logo2.png HTTP/1.0" 404 294 "-" "facebookexternalhit/1.0 (+http://www.facebook.com/externalhit_uatext.php)"
173.252.120.116 - - [16/Jun/2015:16:10:45 -0500] "GET /images/logo2.png HTTP/1.0" 404 294 "-" "facebookexternalhit/1.1 (+http://www.facebook.com/externalhit_uatext.php)"
173.252.120.112 - - [16/Jun/2015:16:10:45 -0500] "GET /images/logo2.png HTTP/1.0" 404 294 "-" "facebookexternalhit/1.0 (+http://www.facebook.com/externalhit_uatext.php)"
69.171.230.118 - - [16/Jun/2015:16:11:15 -0500] "GET /images/logo2.png HTTP/1.0" 404 294 "-" "facebookexternalhit/1.1 (+http://www.facebook.com/externalhit_uatext.php)"
69.171.230.112 - - [16/Jun/2015:16:11:15 -0500] "GET /images/logo2.png HTTP/1.0" 404 294 "-" "facebookexternalhit/1.0 (+http://www.facebook.com/externalhit_uatext.php)"
187.186.170.84 - - [16/Jun/2015:16:13:06 -0500] "GET / HTTP/1.0" 200 4300 "http://www.google.com.mx/url?sa=t&rct=j&q=&esrc=s&source=web&cd=1&ved=0CB8QFjAAahUKEwjF_d3OkJXGAhWFKawKHYP_AJc&url=http%3A%2F%2Fconektaradio.com%2F&ei=WZGAVYXtDIXTsAWD_4O4CQ&usg=AFQjCNE2DfQqatej64ZiSJKVl1sMJ2wLiA&bvm=bv.96041959,d.b2w" "Mozilla/5.0 (Windows NT 6.3; WOW64; Trident/7.0; rv:11.0) like Gecko"
66.220.156.119 - - [16/Jun/2015:16:15:02 -0500] "GET /images/logo2.png HTTP/1.0" 404 294 "-" "facebookexternalhit/1.1 (+http://www.facebook.com/externalhit_uatext.php)"
66.220.156.117 - - [16/Jun/2015:16:15:02 -0500] "GET /images/logo2.png HTTP/1.0" 404 294 "-" "facebookexternalhit/1.0 (+http://www.facebook.com/externalhit_uatext.php)"
66.220.156.117 - - [16/Jun/2015:16:15:27 -0500] "GET /images/logo2.png HTTP/1.0" 404 294 "-" "facebookexternalhit/1.1 (+http://www.facebook.com/externalhit_uatext.php)"
66.220.156.118 - - [16/Jun/2015:16:15:27 -0500] "GET /images/logo2.png HTTP/1.0" 404 294 "-" "facebookexternalhit/1.0 (+http://www.facebook.com/externalhit_uatext.php)"
173.252.112.119 - - [16/Jun/2015:16:15:51 -0500] "GET /images/logo2.png HTTP/1.0" 404 294 "-" "facebookexternalhit/1.1 (+http://www.facebook.com/externalhit_uatext.php)"
173.252.112.117 - - [16/Jun/2015:16:15:52 -0500] "GET /images/logo2.png HTTP/1.0" 404 294 "-" "facebookexternalhit/1.0 (+http://www.facebook.com/externalhit_uatext.php)"
173.252.100.113 - - [16/Jun/2015:16:15:53 -0500] "GET /images/logo2.png HTTP/1.0" 404 294 "-" "facebookexternalhit/1.1 (+http://www.facebook.com/externalhit_uatext.php)"
173.252.100.116 - - [16/Jun/2015:16:15:53 -0500] "GET /images/logo2.png HTTP/1.0" 404 294 "-" "facebookexternalhit/1.0 (+http://www.facebook.com/externalhit_uatext.php)"
69.171.230.116 - - [16/Jun/2015:16:15:55 -0500] "GET /images/logo2.png HTTP/1.0" 404 294 "-" "facebookexternalhit/1.1 (+http://www.facebook.com/externalhit_uatext.php)"
69.171.230.115 - - [16/Jun/2015:16:15:55 -0500] "GET /images/logo2.png HTTP/1.0" 404 294 "-" "facebookexternalhit/1.0 (+http://www.facebook.com/externalhit_uatext.php)"
173.252.100.117 - - [16/Jun/2015:16:16:23 -0500] "GET /images/logo2.png HTTP/1.0" 404 294 "-" "facebookexternalhit/1.1 (+http://www.facebook.com/externalhit_uatext.php)"
173.252.100.116 - - [16/Jun/2015:16:16:23 -0500] "GET /images/logo2.png HTTP/1.0" 404 294 "-" "facebookexternalhit/1.0 (+http://www.facebook.com/externalhit_uatext.php)"
173.252.100.113 - - [16/Jun/2015:16:19:04 -0500] "GET /images/logo2.png HTTP/1.0" 404 294 "-" "facebookexternalhit/1.1 (+http://www.facebook.com/externalhit_uatext.php)"
173.252.100.119 - - [16/Jun/2015:16:19:04 -0500] "GET /images/logo2.png HTTP/1.0" 404 294 "-" "facebookexternalhit/1.0 (+http://www.facebook.com/externalhit_uatext.php)"
173.252.120.116 - - [16/Jun/2015:16:19:20 -0500] "GET /images/logo2.png HTTP/1.0" 404 294 "-" "facebookexternalhit/1.1 (+http://www.facebook.com/externalhit_uatext.php)"
173.252.120.114 - - [16/Jun/2015:16:19:20 -0500] "GET /images/logo2.png HTTP/1.0" 404 294 "-" "facebookexternalhit/1.0 (+http://www.facebook.com/externalhit_uatext.php)"
189.217.22.136 - - [16/Jun/2015:16:19:21 -0500] "GET / HTTP/1.0" 301 507 "http://m.facebook.com/" "Mozilla/5.0 (Linux; U; Android 4.3; es-us; GT-N7100 Build/JSS15J) AppleWebKit/534.30 (KHTML, like Gecko) Version/4.0 Mobile Safari/534.30 [FB_IAB/FB4A;FBAV/35.0.0.48.273;]"
189.217.22.136 - - [16/Jun/2015:16:19:21 -0500] "GET / HTTP/1.0" 200 4300 "http://m.facebook.com/" "Mozilla/5.0 (Linux; U; Android 4.3; es-us; GT-N7100 Build/JSS15J) AppleWebKit/534.30 (KHTML, like Gecko) Version/4.0 Mobile Safari/534.30 [FB_IAB/FB4A;FBAV/35.0.0.48.273;]"
201.153.8.85 - - [16/Jun/2015:16:21:08 -0500] "GET / HTTP/1.0" 301 507 "http://m.facebook.com" "Mozilla/5.0 (iPhone; CPU iPhone OS 8_3 like Mac OS X) AppleWebKit/600.1.4 (KHTML, like Gecko) Mobile/12F70 [FBAN/FBIOS;FBAV/31.0.0.44.261;FBBV/10598108;FBDV/iPhone7,1;FBMD/iPhone;FBSN/iPhone OS;FBSV/8.3;FBSS/3; FBCR/Telcel;FBID/phone;FBLC/es_LA;FBOP/5]"
201.153.8.85 - - [16/Jun/2015:16:21:09 -0500] "GET / HTTP/1.0" 200 4300 "http://m.facebook.com" "Mozilla/5.0 (iPhone; CPU iPhone OS 8_3 like Mac OS X) AppleWebKit/600.1.4 (KHTML, like Gecko) Mobile/12F70 [FBAN/FBIOS;FBAV/31.0.0.44.261;FBBV/10598108;FBDV/iPhone7,1;FBMD/iPhone;FBSN/iPhone OS;FBSV/8.3;FBSS/3; FBCR/Telcel;FBID/phone;FBLC/es_LA;FBOP/5]"
173.252.120.114 - - [16/Jun/2015:16:21:52 -0500] "GET /images/logo2.png HTTP/1.0" 404 294 "-" "facebookexternalhit/1.1 (+http://www.facebook.com/externalhit_uatext.php)"
173.252.120.115 - - [16/Jun/2015:16:21:52 -0500] "GET /images/logo2.png HTTP/1.0" 404 294 "-" "facebookexternalhit/1.0 (+http://www.facebook.com/externalhit_uatext.php)"
66.220.156.115 - - [16/Jun/2015:16:22:43 -0500] "GET /images/logo2.png HTTP/1.0" 404 294 "-" "facebookexternalhit/1.1 (+http://www.facebook.com/externalhit_uatext.php)"
66.220.156.116 - - [16/Jun/2015:16:22:43 -0500] "GET /images/logo2.png HTTP/1.0" 404 294 "-" "facebookexternalhit/1.0 (+http://www.facebook.com/externalhit_uatext.php)"
208.109.252.167 - - [16/Jun/2015:16:23:00 -0500] "GET / HTTP/1.0" 200 15684 "-" "-"
173.252.112.117 - - [16/Jun/2015:16:24:05 -0500] "GET /images/logo2.png HTTP/1.0" 404 294 "-" "facebookexternalhit/1.1 (+http://www.facebook.com/externalhit_uatext.php)"
173.252.112.117 - - [16/Jun/2015:16:24:05 -0500] "GET /images/logo2.png HTTP/1.0" 404 294 "-" "facebookexternalhit/1.0 (+http://www.facebook.com/externalhit_uatext.php)"
66.220.156.116 - - [16/Jun/2015:16:25:27 -0500] "GET /images/logo2.png HTTP/1.0" 404 294 "-" "facebookexternalhit/1.1 (+http://www.facebook.com/externalhit_uatext.php)"
66.220.156.117 - - [16/Jun/2015:16:25:27 -0500] "GET /images/logo2.png HTTP/1.0" 404 294 "-" "facebookexternalhit/1.0 (+http://www.facebook.com/externalhit_uatext.php)"
69.171.230.113 - - [16/Jun/2015:16:26:29 -0500] "GET /images/logo2.png HTTP/1.0" 404 294 "-" "facebookexternalhit/1.1 (+http://www.facebook.com/externalhit_uatext.php)"
69.171.230.115 - - [16/Jun/2015:16:26:30 -0500] "GET /images/logo2.png HTTP/1.0" 404 294 "-" "facebookexternalhit/1.0 (+http://www.facebook.com/externalhit_uatext.php)"
66.220.156.113 - - [16/Jun/2015:16:27:18 -0500] "GET /images/logo2.png HTTP/1.0" 404 294 "-" "facebookexternalhit/1.1 (+http://www.facebook.com/externalhit_uatext.php)"
66.220.156.119 - - [16/Jun/2015:16:27:18 -0500] "GET /images/logo2.png HTTP/1.0" 404 294 "-" "facebookexternalhit/1.0 (+http://www.facebook.com/externalhit_uatext.php)"
173.252.100.112 - - [16/Jun/2015:16:27:20 -0500] "GET /images/logo2.png HTTP/1.0" 404 294 "-" "facebookexternalhit/1.1 (+http://www.facebook.com/externalhit_uatext.php)"
173.252.100.118 - - [16/Jun/2015:16:27:20 -0500] "GET /images/logo2.png HTTP/1.0" 404 294 "-" "facebookexternalhit/1.0 (+http://www.facebook.com/externalhit_uatext.php)"
66.220.158.116 - - [16/Jun/2015:16:27:30 -0500] "GET /images/logo2.png HTTP/1.0" 404 294 "-" "facebookexternalhit/1.1 (+http://www.facebook.com/externalhit_uatext.php)"
66.220.158.115 - - [16/Jun/2015:16:27:30 -0500] "GET /images/logo2.png HTTP/1.0" 404 294 "-" "facebookexternalhit/1.0 (+http://www.facebook.com/externalhit_uatext.php)"
189.211.179.89 - - [16/Jun/2015:16:29:16 -0500] "GET / HTTP/1.0" 301 507 "https://www.facebook.com/" "Mozilla/5.0 (Windows NT 6.1; WOW64) AppleWebKit/537.36 (KHTML, like Gecko) Chrome/43.0.2357.124 Safari/537.36"
189.211.179.89 - - [16/Jun/2015:16:29:17 -0500] "GET / HTTP/1.0" 200 4300 "https://www.facebook.com/" "Mozilla/5.0 (Windows NT 6.1; WOW64) AppleWebKit/537.36 (KHTML, like Gecko) Chrome/43.0.2357.124 Safari/537.36"
189.211.179.89 - - [16/Jun/2015:16:29:20 -0500] "GET /favicon.ico HTTP/1.0" 200 361 "http://conektaradio.com/" "Mozilla/5.0 (Windows NT 6.1; WOW64) AppleWebKit/537.36 (KHTML, like Gecko) Chrome/43.0.2357.124 Safari/537.36"
189.228.211.164 - - [16/Jun/2015:16:30:04 -0500] "GET / HTTP/1.0" 301 507 "-" "Mozilla/5.0 (compatible; MSIE 9.0; Windows NT 6.1; WOW64; Trident/5.0)"
189.228.211.164 - - [16/Jun/2015:16:30:05 -0500] "GET / HTTP/1.0" 200 4300 "-" "Mozilla/5.0 (compatible; MSIE 9.0; Windows NT 6.1; WOW64; Trident/5.0)"
189.228.211.164 - - [16/Jun/2015:16:30:05 -0500] "GET /js/jquery-1.11.2.min.js HTTP/1.0" 200 364 "http://conektaradio.com/" "Mozilla/5.0 (compatible; MSIE 9.0; Windows NT 6.1; WOW64; Trident/5.0)"
189.228.211.164 - - [16/Jun/2015:16:30:05 -0500] "GET /js/jquery.jplayer.min.js HTTP/1.0" 200 365 "http://conektaradio.com/" "Mozilla/5.0 (compatible; MSIE 9.0; Windows NT 6.1; WOW64; Trident/5.0)"
189.228.211.164 - - [16/Jun/2015:16:30:09 -0500] "GET /favicon.ico HTTP/1.0" 200 361 "-" "Mozilla/5.0 (compatible; MSIE 9.0; Windows NT 6.1; WOW64; Trident/5.0)"
173.252.120.115 - - [16/Jun/2015:16:31:11 -0500] "GET /images/logo2.png HTTP/1.0" 404 294 "-" "facebookexternalhit/1.1 (+http://www.facebook.com/externalhit_uatext.php)"
173.252.120.118 - - [16/Jun/2015:16:31:11 -0500] "GET /images/logo2.png HTTP/1.0" 404 294 "-" "facebookexternalhit/1.0 (+http://www.facebook.com/externalhit_uatext.php)"
173.252.100.116 - - [16/Jun/2015:16:31:17 -0500] "GET /images/logo2.png HTTP/1.0" 404 294 "-" "facebookexternalhit/1.1 (+http://www.facebook.com/externalhit_uatext.php)"
173.252.100.112 - - [16/Jun/2015:16:31:17 -0500] "GET /images/logo2.png HTTP/1.0" 404 294 "-" "facebookexternalhit/1.0 (+http://www.facebook.com/externalhit_uatext.php)"
189.228.211.164 - - [16/Jun/2015:16:31:18 -0500] "GET / HTTP/1.0" 200 4300 "-" "Mozilla/5.0 (compatible; MSIE 9.0; Windows NT 6.1; WOW64; Trident/5.0)"
173.252.120.113 - - [16/Jun/2015:16:33:21 -0500] "GET /images/logo2.png HTTP/1.0" 404 294 "-" "facebookexternalhit/1.1 (+http://www.facebook.com/externalhit_uatext.php)"
173.252.120.113 - - [16/Jun/2015:16:33:21 -0500] "GET /images/logo2.png HTTP/1.0" 404 294 "-" "facebookexternalhit/1.0 (+http://www.facebook.com/externalhit_uatext.php)"
69.171.230.117 - - [16/Jun/2015:16:34:09 -0500] "GET /images/logo2.png HTTP/1.0" 404 294 "-" "facebookexternalhit/1.1 (+http://www.facebook.com/externalhit_uatext.php)"
69.171.230.116 - - [16/Jun/2015:16:34:09 -0500] "GET /images/logo2.png HTTP/1.0" 404 294 "-" "facebookexternalhit/1.0 (+http://www.facebook.com/externalhit_uatext.php)"
69.171.230.114 - - [16/Jun/2015:16:34:11 -0500] "GET /images/logo2.png HTTP/1.0" 404 294 "-" "facebookexternalhit/1.1 (+http://www.facebook.com/externalhit_uatext.php)"
69.171.230.114 - - [16/Jun/2015:16:34:12 -0500] "GET /images/logo2.png HTTP/1.0" 404 294 "-" "facebookexternalhit/1.0 (+http://www.facebook.com/externalhit_uatext.php)"
173.252.100.119 - - [16/Jun/2015:16:35:02 -0500] "GET /images/logo2.png HTTP/1.0" 404 294 "-" "facebookexternalhit/1.1 (+http://www.facebook.com/externalhit_uatext.php)"
173.252.100.116 - - [16/Jun/2015:16:35:02 -0500] "GET /images/logo2.png HTTP/1.0" 404 294 "-" "facebookexternalhit/1.0 (+http://www.facebook.com/externalhit_uatext.php)"
173.252.100.113 - - [16/Jun/2015:16:35:16 -0500] "GET /images/logo2.png HTTP/1.0" 404 294 "-" "facebookexternalhit/1.1 (+http://www.facebook.com/externalhit_uatext.php)"
173.252.100.115 - - [16/Jun/2015:16:35:17 -0500] "GET /images/logo2.png HTTP/1.0" 404 294 "-" "facebookexternalhit/1.0 (+http://www.facebook.com/externalhit_uatext.php)"
189.210.222.197 - - [16/Jun/2015:16:37:16 -0500] "GET / HTTP/1.0" 301 507 "http://m.facebook.com/" "Mozilla/5.0 (Linux; Android 5.0; LG-D855 Build/LRX21R.A1432189060; wv) AppleWebKit/537.36 (KHTML, like Gecko) Version/4.0 Chrome/43.0.2357.121 Mobile Safari/537.36 [FB_IAB/FB4A;FBAV/35.0.0.48.273;]"
189.210.222.197 - - [16/Jun/2015:16:37:16 -0500] "GET / HTTP/1.0" 200 4300 "http://m.facebook.com/" "Mozilla/5.0 (Linux; Android 5.0; LG-D855 Build/LRX21R.A1432189060; wv) AppleWebKit/537.36 (KHTML, like Gecko) Version/4.0 Chrome/43.0.2357.121 Mobile Safari/537.36 [FB_IAB/FB4A;FBAV/35.0.0.48.273;]"
189.210.222.197 - - [16/Jun/2015:16:37:16 -0500] "GET /favicon.ico HTTP/1.0" 200 361 "http://conektaradio.com/" "Mozilla/5.0 (Linux; Android 5.0; LG-D855 Build/LRX21R.A1432189060; wv) AppleWebKit/537.36 (KHTML, like Gecko) Version/4.0 Chrome/43.0.2357.121 Mobile Safari/537.36 [FB_IAB/FB4A;FBAV/35.0.0.48.273;]"
189.210.222.197 - - [16/Jun/2015:16:38:13 -0500] "GET / HTTP/1.0" 301 507 "http://m.facebook.com/" "Mozilla/5.0 (Linux; Android 5.0; LG-D855 Build/LRX21R.A1432189060; wv) AppleWebKit/537.36 (KHTML, like Gecko) Version/4.0 Chrome/43.0.2357.121 Mobile Safari/537.36 [FB_IAB/FB4A;FBAV/35.0.0.48.273;]"
189.210.222.197 - - [16/Jun/2015:16:38:13 -0500] "GET / HTTP/1.0" 200 4300 "http://m.facebook.com/" "Mozilla/5.0 (Linux; Android 5.0; LG-D855 Build/LRX21R.A1432189060; wv) AppleWebKit/537.36 (KHTML, like Gecko) Version/4.0 Chrome/43.0.2357.121 Mobile Safari/537.36 [FB_IAB/FB4A;FBAV/35.0.0.48.273;]"
173.252.100.118 - - [16/Jun/2015:16:38:37 -0500] "GET /images/logo2.png HTTP/1.0" 404 294 "-" "facebookexternalhit/1.1 (+http://www.facebook.com/externalhit_uatext.php)"
173.252.100.117 - - [16/Jun/2015:16:38:37 -0500] "GET /images/logo2.png HTTP/1.0" 404 294 "-" "facebookexternalhit/1.0 (+http://www.facebook.com/externalhit_uatext.php)"
189.210.222.197 - - [16/Jun/2015:16:38:41 -0500] "GET / HTTP/1.0" 301 507 "-" "Mozilla/5.0 (Linux; Android 5.0; LG-D855 Build/LRX21R.A1432189060) AppleWebKit/537.36 (KHTML, like Gecko) Chrome/43.0.2357.93 Mobile Safari/537.36"
189.210.222.197 - - [16/Jun/2015:16:38:43 -0500] "GET / HTTP/1.0" 301 507 "-" "Mozilla/5.0 (Windows NT 6.3; WOW64) AppleWebKit/537.36 (KHTML, like Gecko) Chrome/43.0.2357.124 Safari/537.36"
189.210.222.197 - - [16/Jun/2015:16:38:43 -0500] "GET / HTTP/1.0" 200 4300 "-" "Mozilla/5.0 (Linux; Android 5.0; LG-D855 Build/LRX21R.A1432189060) AppleWebKit/537.36 (KHTML, like Gecko) Chrome/43.0.2357.93 Mobile Safari/537.36"
189.210.222.197 - - [16/Jun/2015:16:38:43 -0500] "GET / HTTP/1.0" 200 4300 "-" "Mozilla/5.0 (Windows NT 6.3; WOW64) AppleWebKit/537.36 (KHTML, like Gecko) Chrome/43.0.2357.124 Safari/537.36"
189.210.222.197 - - [16/Jun/2015:16:38:44 -0500] "GET /favicon.ico HTTP/1.0" 200 361 "http://conektaradio.com/" "Mozilla/5.0 (Linux; Android 5.0; LG-D855 Build/LRX21R.A1432189060) AppleWebKit/537.36 (KHTML, like Gecko) Chrome/43.0.2357.93 Mobile Safari/537.36"
189.210.222.197 - - [16/Jun/2015:16:38:45 -0500] "GET /favicon.ico HTTP/1.0" 200 361 "http://conektaradio.com/" "Mozilla/5.0 (Windows NT 6.3; WOW64) AppleWebKit/537.36 (KHTML, like Gecko) Chrome/43.0.2357.124 Safari/537.36"
189.210.222.197 - - [16/Jun/2015:16:39:06 -0500] "GET / HTTP/1.0" 200 4300 "-" "Mozilla/5.0 (Linux; Android 5.0; LG-D855 Build/LRX21R.A1432189060) AppleWebKit/537.36 (KHTML, like Gecko) Chrome/43.0.2357.93 Mobile Safari/537.36"
189.210.222.197 - - [16/Jun/2015:16:39:06 -0500] "GET /favicon.ico HTTP/1.0" 200 361 "http://conektaradio.com/" "Mozilla/5.0 (Linux; Android 5.0; LG-D855 Build/LRX21R.A1432189060) AppleWebKit/537.36 (KHTML, like Gecko) Chrome/43.0.2357.93 Mobile Safari/537.36"
66.220.156.113 - - [16/Jun/2015:16:39:09 -0500] "GET /images/logo2.png HTTP/1.0" 404 294 "-" "facebookexternalhit/1.1 (+http://www.facebook.com/externalhit_uatext.php)"
66.220.156.113 - - [16/Jun/2015:16:39:09 -0500] "GET /images/logo2.png HTTP/1.0" 404 294 "-" "facebookexternalhit/1.0 (+http://www.facebook.com/externalhit_uatext.php)"
187.189.209.164 - - [16/Jun/2015:16:42:10 -0500] "GET / HTTP/1.0" 301 507 "https://www.facebook.com/" "Mozilla/5.0 (Macintosh; Intel Mac OS X 10_10_3) AppleWebKit/537.36 (KHTML, like Gecko) Chrome/43.0.2357.124 Safari/537.36"
187.189.209.164 - - [16/Jun/2015:16:42:10 -0500] "GET / HTTP/1.0" 200 4300 "https://www.facebook.com/" "Mozilla/5.0 (Macintosh; Intel Mac OS X 10_10_3) AppleWebKit/537.36 (KHTML, like Gecko) Chrome/43.0.2357.124 Safari/537.36"
187.189.209.164 - - [16/Jun/2015:16:42:15 -0500] "GET /favicon.ico HTTP/1.0" 200 361 "http://conektaradio.com/" "Mozilla/5.0 (Macintosh; Intel Mac OS X 10_10_3) AppleWebKit/537.36 (KHTML, like Gecko) Chrome/43.0.2357.124 Safari/537.36"
173.252.100.117 - - [16/Jun/2015:16:42:50 -0500] "GET /images/logo2.png HTTP/1.0" 404 294 "-" "facebookexternalhit/1.1 (+http://www.facebook.com/externalhit_uatext.php)"
173.252.100.117 - - [16/Jun/2015:16:42:50 -0500] "GET /images/logo2.png HTTP/1.0" 404 294 "-" "facebookexternalhit/1.0 (+http://www.facebook.com/externalhit_uatext.php)"
173.252.120.117 - - [16/Jun/2015:16:43:53 -0500] "GET /images/logo2.png HTTP/1.0" 404 294 "-" "facebookexternalhit/1.1 (+http://www.facebook.com/externalhit_uatext.php)"
173.252.120.116 - - [16/Jun/2015:16:43:53 -0500] "GET /images/logo2.png HTTP/1.0" 404 294 "-" "facebookexternalhit/1.0 (+http://www.facebook.com/externalhit_uatext.php)"
189.210.222.197 - - [16/Jun/2015:16:45:10 -0500] "GET / HTTP/1.0" 200 4300 "-" "Mozilla/5.0 (Windows NT 6.3; WOW64) AppleWebKit/537.36 (KHTML, like Gecko) Chrome/43.0.2357.124 Safari/537.36"
189.210.222.197 - - [16/Jun/2015:16:45:10 -0500] "GET /favicon.ico HTTP/1.0" 200 361 "http://conektaradio.com/" "Mozilla/5.0 (Windows NT 6.3; WOW64) AppleWebKit/537.36 (KHTML, like Gecko) Chrome/43.0.2357.124 Safari/537.36"
187.189.209.164 - - [16/Jun/2015:16:46:27 -0500] "GET / HTTP/1.0" 200 4300 "https://www.facebook.com/" "Mozilla/5.0 (Macintosh; Intel Mac OS X 10_10_3) AppleWebKit/537.36 (KHTML, like Gecko) Chrome/43.0.2357.124 Safari/537.36"
187.189.209.164 - - [16/Jun/2015:16:46:28 -0500] "GET /favicon.ico HTTP/1.0" 200 361 "http://conektaradio.com/" "Mozilla/5.0 (Macintosh; Intel Mac OS X 10_10_3) AppleWebKit/537.36 (KHTML, like Gecko) Chrome/43.0.2357.124 Safari/537.36"
201.102.201.248 - - [16/Jun/2015:16:48:02 -0500] "GET / HTTP/1.0" 301 507 "http://m.facebook.com" "Mozilla/5.0 (iPhone; CPU iPhone OS 8_3 like Mac OS X) AppleWebKit/600.1.4 (KHTML, like Gecko) Mobile/12F70 [FBAN/FBIOS;FBAV/31.0.0.44.261;FBBV/10598108;FBDV/iPhone4,1;FBMD/iPhone;FBSN/iPhone OS;FBSV/8.3;FBSS/2; FBCR/Telcel;FBID/phone;FBLC/es_LA;FBOP/5]"
201.102.201.248 - - [16/Jun/2015:16:48:02 -0500] "GET / HTTP/1.0" 200 4300 "http://m.facebook.com" "Mozilla/5.0 (iPhone; CPU iPhone OS 8_3 like Mac OS X) AppleWebKit/600.1.4 (KHTML, like Gecko) Mobile/12F70 [FBAN/FBIOS;FBAV/31.0.0.44.261;FBBV/10598108;FBDV/iPhone4,1;FBMD/iPhone;FBSN/iPhone OS;FBSV/8.3;FBSS/2; FBCR/Telcel;FBID/phone;FBLC/es_LA;FBOP/5]"
187.234.182.76 - - [16/Jun/2015:16:48:55 -0500] "GET / HTTP/1.0" 200 4300 "-" "Mozilla/5.0 (Macintosh; Intel Mac OS X 10_9_5) AppleWebKit/537.36 (KHTML, like Gecko) Chrome/43.0.2357.124 Safari/537.36"
187.234.182.76 - - [16/Jun/2015:16:48:59 -0500] "GET / HTTP/1.0" 200 4300 "-" "Mozilla/5.0 (Macintosh; Intel Mac OS X 10_9_5) AppleWebKit/537.36 (KHTML, like Gecko) Chrome/43.0.2357.124 Safari/537.36"
187.234.182.76 - - [16/Jun/2015:16:49:00 -0500] "GET / HTTP/1.0" 200 4300 "-" "Mozilla/5.0 (Macintosh; Intel Mac OS X 10_9_5) AppleWebKit/537.36 (KHTML, like Gecko) Chrome/43.0.2357.124 Safari/537.36"
187.234.182.76 - - [16/Jun/2015:16:49:00 -0500] "GET / HTTP/1.0" 200 4300 "-" "Mozilla/5.0 (Macintosh; Intel Mac OS X 10_9_5) AppleWebKit/537.36 (KHTML, like Gecko) Chrome/43.0.2357.124 Safari/537.36"
187.234.182.76 - - [16/Jun/2015:16:49:00 -0500] "GET / HTTP/1.0" 200 4300 "-" "Mozilla/5.0 (Macintosh; Intel Mac OS X 10_9_5) AppleWebKit/537.36 (KHTML, like Gecko) Chrome/43.0.2357.124 Safari/537.36"
187.234.182.76 - - [16/Jun/2015:16:49:00 -0500] "GET / HTTP/1.0" 200 4300 "-" "Mozilla/5.0 (Macintosh; Intel Mac OS X 10_9_5) AppleWebKit/537.36 (KHTML, like Gecko) Chrome/43.0.2357.124 Safari/537.36"
187.234.182.76 - - [16/Jun/2015:16:49:00 -0500] "GET / HTTP/1.0" 200 4300 "-" "Mozilla/5.0 (Macintosh; Intel Mac OS X 10_9_5) AppleWebKit/537.36 (KHTML, like Gecko) Chrome/43.0.2357.124 Safari/537.36"
187.234.182.76 - - [16/Jun/2015:16:49:01 -0500] "GET /favicon.ico HTTP/1.0" 200 361 "http://conektaradio.com/" "Mozilla/5.0 (Macintosh; Intel Mac OS X 10_9_5) AppleWebKit/537.36 (KHTML, like Gecko) Chrome/43.0.2357.124 Safari/537.36"
187.234.182.76 - - [16/Jun/2015:16:49:45 -0500] "GET / HTTP/1.0" 301 507 "-" "Mozilla/5.0 (Macintosh; Intel Mac OS X 10_9_5) AppleWebKit/537.36 (KHTML, like Gecko) Chrome/43.0.2357.124 Safari/537.36"
187.234.182.76 - - [16/Jun/2015:16:49:45 -0500] "GET / HTTP/1.0" 200 4300 "-" "Mozilla/5.0 (Macintosh; Intel Mac OS X 10_9_5) AppleWebKit/537.36 (KHTML, like Gecko) Chrome/43.0.2357.124 Safari/537.36"
189.210.222.197 - - [16/Jun/2015:16:49:52 -0500] "GET / HTTP/1.0" 200 4300 "-" "Mozilla/5.0 (Windows NT 6.3; WOW64) AppleWebKit/537.36 (KHTML, like Gecko) Chrome/43.0.2357.124 Safari/537.36"
189.210.222.197 - - [16/Jun/2015:16:49:54 -0500] "GET /favicon.ico HTTP/1.0" 200 361 "http://conektaradio.com/" "Mozilla/5.0 (Windows NT 6.3; WOW64) AppleWebKit/537.36 (KHTML, like Gecko) Chrome/43.0.2357.124 Safari/537.36"
189.210.222.197 - - [16/Jun/2015:16:50:11 -0500] "GET / HTTP/1.0" 301 507 "http://m.facebook.com/" "Mozilla/5.0 (Linux; Android 5.0; LG-D855 Build/LRX21R.A1432189060; wv) AppleWebKit/537.36 (KHTML, like Gecko) Version/4.0 Chrome/43.0.2357.121 Mobile Safari/537.36 [FB_IAB/FB4A;FBAV/35.0.0.48.273;]"
189.210.222.197 - - [16/Jun/2015:16:50:11 -0500] "GET / HTTP/1.0" 200 4300 "http://m.facebook.com/" "Mozilla/5.0 (Linux; Android 5.0; LG-D855 Build/LRX21R.A1432189060; wv) AppleWebKit/537.36 (KHTML, like Gecko) Version/4.0 Chrome/43.0.2357.121 Mobile Safari/537.36 [FB_IAB/FB4A;FBAV/35.0.0.48.273;]"
189.210.222.197 - - [16/Jun/2015:16:50:17 -0500] "GET / HTTP/1.0" 301 507 "-" "Mozilla/5.0 (Linux; Android 5.0; LG-D855 Build/LRX21R.A1432189060) AppleWebKit/537.36 (KHTML, like Gecko) Chrome/43.0.2357.93 Mobile Safari/537.36"
189.210.222.197 - - [16/Jun/2015:16:50:17 -0500] "GET / HTTP/1.0" 200 4300 "-" "Mozilla/5.0 (Linux; Android 5.0; LG-D855 Build/LRX21R.A1432189060) AppleWebKit/537.36 (KHTML, like Gecko) Chrome/43.0.2357.93 Mobile Safari/537.36"
189.210.222.197 - - [16/Jun/2015:16:50:26 -0500] "GET / HTTP/1.0" 200 4300 "-" "Mozilla/5.0 (Linux; Android 5.0; LG-D855 Build/LRX21R.A1432189060) AppleWebKit/537.36 (KHTML, like Gecko) Chrome/43.0.2357.93 Mobile Safari/537.36"
187.234.182.76 - - [16/Jun/2015:16:50:44 -0500] "GET / HTTP/1.0" 200 4300 "-" "Mozilla/5.0 (Macintosh; Intel Mac OS X 10_9_5) AppleWebKit/537.36 (KHTML, like Gecko) Chrome/43.0.2357.124 Safari/537.36"
187.234.182.76 - - [16/Jun/2015:16:50:44 -0500] "GET / HTTP/1.0" 200 4300 "-" "Mozilla/5.0 (Macintosh; Intel Mac OS X 10_9_5) AppleWebKit/537.36 (KHTML, like Gecko) Chrome/43.0.2357.124 Safari/537.36"
187.234.182.76 - - [16/Jun/2015:16:50:44 -0500] "GET / HTTP/1.0" 200 4300 "-" "Mozilla/5.0 (Macintosh; Intel Mac OS X 10_9_5) AppleWebKit/537.36 (KHTML, like Gecko) Chrome/43.0.2357.124 Safari/537.36"
187.234.182.76 - - [16/Jun/2015:16:50:44 -0500] "GET / HTTP/1.0" 200 4300 "-" "Mozilla/5.0 (Macintosh; Intel Mac OS X 10_9_5) AppleWebKit/537.36 (KHTML, like Gecko) Chrome/43.0.2357.124 Safari/537.36"
187.234.182.76 - - [16/Jun/2015:16:50:45 -0500] "GET / HTTP/1.0" 200 4300 "-" "Mozilla/5.0 (Macintosh; Intel Mac OS X 10_9_5) AppleWebKit/537.36 (KHTML, like Gecko) Chrome/43.0.2357.124 Safari/537.36"
187.234.182.76 - - [16/Jun/2015:16:50:45 -0500] "GET / HTTP/1.0" 200 4300 "-" "Mozilla/5.0 (Macintosh; Intel Mac OS X 10_9_5) AppleWebKit/537.36 (KHTML, like Gecko) Chrome/43.0.2357.124 Safari/537.36"
187.234.182.76 - - [16/Jun/2015:16:50:45 -0500] "GET / HTTP/1.0" 200 4300 "-" "Mozilla/5.0 (Macintosh; Intel Mac OS X 10_9_5) AppleWebKit/537.36 (KHTML, like Gecko) Chrome/43.0.2357.124 Safari/537.36"
187.234.182.76 - - [16/Jun/2015:16:50:45 -0500] "GET / HTTP/1.0" 200 4300 "-" "Mozilla/5.0 (Macintosh; Intel Mac OS X 10_9_5) AppleWebKit/537.36 (KHTML, like Gecko) Chrome/43.0.2357.124 Safari/537.36"
187.234.182.76 - - [16/Jun/2015:16:50:46 -0500] "GET / HTTP/1.0" 200 4300 "-" "Mozilla/5.0 (Macintosh; Intel Mac OS X 10_9_5) AppleWebKit/537.36 (KHTML, like Gecko) Chrome/43.0.2357.124 Safari/537.36"
187.234.182.76 - - [16/Jun/2015:16:50:46 -0500] "GET /favicon.ico HTTP/1.0" 200 361 "http://conektaradio.com/" "Mozilla/5.0 (Macintosh; Intel Mac OS X 10_9_5) AppleWebKit/537.36 (KHTML, like Gecko) Chrome/43.0.2357.124 Safari/537.36"
187.234.182.76 - - [16/Jun/2015:16:50:48 -0500] "GET / HTTP/1.0" 200 4300 "-" "Mozilla/5.0 (Macintosh; Intel Mac OS X 10_9_5) AppleWebKit/537.36 (KHTML, like Gecko) Chrome/43.0.2357.124 Safari/537.36"
187.234.182.76 - - [16/Jun/2015:16:50:48 -0500] "GET / HTTP/1.0" 200 4300 "-" "Mozilla/5.0 (Macintosh; Intel Mac OS X 10_9_5) AppleWebKit/537.36 (KHTML, like Gecko) Chrome/43.0.2357.124 Safari/537.36"
187.234.182.76 - - [16/Jun/2015:16:50:48 -0500] "GET / HTTP/1.0" 200 4300 "-" "Mozilla/5.0 (Macintosh; Intel Mac OS X 10_9_5) AppleWebKit/537.36 (KHTML, like Gecko) Chrome/43.0.2357.124 Safari/537.36"
187.234.182.76 - - [16/Jun/2015:16:50:48 -0500] "GET / HTTP/1.0" 200 4300 "-" "Mozilla/5.0 (Macintosh; Intel Mac OS X 10_9_5) AppleWebKit/537.36 (KHTML, like Gecko) Chrome/43.0.2357.124 Safari/537.36"
187.234.182.76 - - [16/Jun/2015:16:50:49 -0500] "GET / HTTP/1.0" 200 4300 "-" "Mozilla/5.0 (Macintosh; Intel Mac OS X 10_9_5) AppleWebKit/537.36 (KHTML, like Gecko) Chrome/43.0.2357.124 Safari/537.36"
187.234.182.76 - - [16/Jun/2015:16:50:49 -0500] "GET / HTTP/1.0" 200 4300 "-" "Mozilla/5.0 (Macintosh; Intel Mac OS X 10_9_5) AppleWebKit/537.36 (KHTML, like Gecko) Chrome/43.0.2357.124 Safari/537.36"
187.234.182.76 - - [16/Jun/2015:16:50:49 -0500] "GET / HTTP/1.0" 200 4300 "-" "Mozilla/5.0 (Macintosh; Intel Mac OS X 10_9_5) AppleWebKit/537.36 (KHTML, like Gecko) Chrome/43.0.2357.124 Safari/537.36"
187.234.182.76 - - [16/Jun/2015:16:50:49 -0500] "GET / HTTP/1.0" 200 4300 "-" "Mozilla/5.0 (Macintosh; Intel Mac OS X 10_9_5) AppleWebKit/537.36 (KHTML, like Gecko) Chrome/43.0.2357.124 Safari/537.36"
187.234.182.76 - - [16/Jun/2015:16:50:49 -0500] "GET /favicon.ico HTTP/1.0" 200 361 "http://conektaradio.com/" "Mozilla/5.0 (Macintosh; Intel Mac OS X 10_9_5) AppleWebKit/537.36 (KHTML, like Gecko) Chrome/43.0.2357.124 Safari/537.36"
201.141.132.174 - - [16/Jun/2015:16:51:11 -0500] "GET / HTTP/1.0" 301 507 "https://www.facebook.com/" "Mozilla/5.0 (Macintosh; Intel Mac OS X 10_10_3) AppleWebKit/537.36 (KHTML, like Gecko) Chrome/43.0.2357.124 Safari/537.36"
201.141.132.174 - - [16/Jun/2015:16:51:11 -0500] "GET / HTTP/1.0" 200 4300 "https://www.facebook.com/" "Mozilla/5.0 (Macintosh; Intel Mac OS X 10_10_3) AppleWebKit/537.36 (KHTML, like Gecko) Chrome/43.0.2357.124 Safari/537.36"
201.141.132.174 - - [16/Jun/2015:16:51:12 -0500] "GET /favicon.ico HTTP/1.0" 200 361 "http://conektaradio.com/" "Mozilla/5.0 (Macintosh; Intel Mac OS X 10_10_3) AppleWebKit/537.36 (KHTML, like Gecko) Chrome/43.0.2357.124 Safari/537.36"
201.141.132.174 - - [16/Jun/2015:16:51:22 -0500] "GET / HTTP/1.0" 200 4300 "-" "Mozilla/5.0 (Macintosh; Intel Mac OS X 10_10_3) AppleWebKit/537.36 (KHTML, like Gecko) Chrome/43.0.2357.124 Safari/537.36"
